Archive member included because of file (symbol)

/home/aghosh01/gcc-arm-none-eabi-4_7-2012q4/bin/../lib/gcc/arm-none-eabi/4.7.3/../../../../arm-none-eabi/lib/armv7e-m/softfp/libm.a(lib_a-w_pow.o)
                              ./src/main.o (pow)
/home/aghosh01/gcc-arm-none-eabi-4_7-2012q4/bin/../lib/gcc/arm-none-eabi/4.7.3/../../../../arm-none-eabi/lib/armv7e-m/softfp/libm.a(lib_a-w_sqrt.o)
                              ./src/pwm.o (sqrt)
/home/aghosh01/gcc-arm-none-eabi-4_7-2012q4/bin/../lib/gcc/arm-none-eabi/4.7.3/../../../../arm-none-eabi/lib/armv7e-m/softfp/libm.a(lib_a-e_pow.o)
                              /home/aghosh01/gcc-arm-none-eabi-4_7-2012q4/bin/../lib/gcc/arm-none-eabi/4.7.3/../../../../arm-none-eabi/lib/armv7e-m/softfp/libm.a(lib_a-w_pow.o) (__ieee754_pow)
/home/aghosh01/gcc-arm-none-eabi-4_7-2012q4/bin/../lib/gcc/arm-none-eabi/4.7.3/../../../../arm-none-eabi/lib/armv7e-m/softfp/libm.a(lib_a-e_sqrt.o)
                              /home/aghosh01/gcc-arm-none-eabi-4_7-2012q4/bin/../lib/gcc/arm-none-eabi/4.7.3/../../../../arm-none-eabi/lib/armv7e-m/softfp/libm.a(lib_a-w_sqrt.o) (__ieee754_sqrt)
/home/aghosh01/gcc-arm-none-eabi-4_7-2012q4/bin/../lib/gcc/arm-none-eabi/4.7.3/../../../../arm-none-eabi/lib/armv7e-m/softfp/libm.a(lib_a-s_fabs.o)
                              /home/aghosh01/gcc-arm-none-eabi-4_7-2012q4/bin/../lib/gcc/arm-none-eabi/4.7.3/../../../../arm-none-eabi/lib/armv7e-m/softfp/libm.a(lib_a-e_pow.o) (fabs)
/home/aghosh01/gcc-arm-none-eabi-4_7-2012q4/bin/../lib/gcc/arm-none-eabi/4.7.3/../../../../arm-none-eabi/lib/armv7e-m/softfp/libm.a(lib_a-s_finite.o)
                              /home/aghosh01/gcc-arm-none-eabi-4_7-2012q4/bin/../lib/gcc/arm-none-eabi/4.7.3/../../../../arm-none-eabi/lib/armv7e-m/softfp/libm.a(lib_a-w_pow.o) (finite)
/home/aghosh01/gcc-arm-none-eabi-4_7-2012q4/bin/../lib/gcc/arm-none-eabi/4.7.3/../../../../arm-none-eabi/lib/armv7e-m/softfp/libm.a(lib_a-s_fpclassify.o)
                              /home/aghosh01/gcc-arm-none-eabi-4_7-2012q4/bin/../lib/gcc/arm-none-eabi/4.7.3/../../../../arm-none-eabi/lib/armv7e-m/softfp/libm.a(lib_a-w_pow.o) (__fpclassifyd)
/home/aghosh01/gcc-arm-none-eabi-4_7-2012q4/bin/../lib/gcc/arm-none-eabi/4.7.3/../../../../arm-none-eabi/lib/armv7e-m/softfp/libm.a(lib_a-s_lib_ver.o)
                              /home/aghosh01/gcc-arm-none-eabi-4_7-2012q4/bin/../lib/gcc/arm-none-eabi/4.7.3/../../../../arm-none-eabi/lib/armv7e-m/softfp/libm.a(lib_a-w_pow.o) (__fdlib_version)
/home/aghosh01/gcc-arm-none-eabi-4_7-2012q4/bin/../lib/gcc/arm-none-eabi/4.7.3/../../../../arm-none-eabi/lib/armv7e-m/softfp/libm.a(lib_a-s_matherr.o)
                              /home/aghosh01/gcc-arm-none-eabi-4_7-2012q4/bin/../lib/gcc/arm-none-eabi/4.7.3/../../../../arm-none-eabi/lib/armv7e-m/softfp/libm.a(lib_a-w_pow.o) (matherr)
/home/aghosh01/gcc-arm-none-eabi-4_7-2012q4/bin/../lib/gcc/arm-none-eabi/4.7.3/../../../../arm-none-eabi/lib/armv7e-m/softfp/libm.a(lib_a-s_nan.o)
                              /home/aghosh01/gcc-arm-none-eabi-4_7-2012q4/bin/../lib/gcc/arm-none-eabi/4.7.3/../../../../arm-none-eabi/lib/armv7e-m/softfp/libm.a(lib_a-e_pow.o) (nan)
/home/aghosh01/gcc-arm-none-eabi-4_7-2012q4/bin/../lib/gcc/arm-none-eabi/4.7.3/../../../../arm-none-eabi/lib/armv7e-m/softfp/libm.a(lib_a-s_rint.o)
                              /home/aghosh01/gcc-arm-none-eabi-4_7-2012q4/bin/../lib/gcc/arm-none-eabi/4.7.3/../../../../arm-none-eabi/lib/armv7e-m/softfp/libm.a(lib_a-w_pow.o) (rint)
/home/aghosh01/gcc-arm-none-eabi-4_7-2012q4/bin/../lib/gcc/arm-none-eabi/4.7.3/../../../../arm-none-eabi/lib/armv7e-m/softfp/libm.a(lib_a-s_scalbn.o)
                              /home/aghosh01/gcc-arm-none-eabi-4_7-2012q4/bin/../lib/gcc/arm-none-eabi/4.7.3/../../../../arm-none-eabi/lib/armv7e-m/softfp/libm.a(lib_a-e_pow.o) (scalbn)
/home/aghosh01/gcc-arm-none-eabi-4_7-2012q4/bin/../lib/gcc/arm-none-eabi/4.7.3/../../../../arm-none-eabi/lib/armv7e-m/softfp/libm.a(lib_a-s_copysign.o)
                              /home/aghosh01/gcc-arm-none-eabi-4_7-2012q4/bin/../lib/gcc/arm-none-eabi/4.7.3/../../../../arm-none-eabi/lib/armv7e-m/softfp/libm.a(lib_a-s_scalbn.o) (copysign)
/home/aghosh01/gcc-arm-none-eabi-4_7-2012q4/bin/../lib/gcc/arm-none-eabi/4.7.3/armv7e-m/softfp/libgcc.a(_arm_addsubdf3.o)
                              /home/aghosh01/gcc-arm-none-eabi-4_7-2012q4/bin/../lib/gcc/arm-none-eabi/4.7.3/../../../../arm-none-eabi/lib/armv7e-m/softfp/libm.a(lib_a-e_pow.o) (__aeabi_dsub)
/home/aghosh01/gcc-arm-none-eabi-4_7-2012q4/bin/../lib/gcc/arm-none-eabi/4.7.3/armv7e-m/softfp/libgcc.a(_arm_muldivdf3.o)
                              ./src/interrupt_defs.o (__aeabi_dmul)
/home/aghosh01/gcc-arm-none-eabi-4_7-2012q4/bin/../lib/gcc/arm-none-eabi/4.7.3/armv7e-m/softfp/libgcc.a(_arm_cmpdf2.o)
                              /home/aghosh01/gcc-arm-none-eabi-4_7-2012q4/bin/../lib/gcc/arm-none-eabi/4.7.3/../../../../arm-none-eabi/lib/armv7e-m/softfp/libm.a(lib_a-w_pow.o) (__aeabi_dcmpeq)
[...]
Memory Configuration

Name             Origin             Length             Attributes
FLASH            0x08000000         0x00040000         xr
RAM              0x20000000         0x0000a000         xrw
MEMORY_B1        0x60000000         0x00000000         xr
CCMRAM           0x10000000         0x00002000         rw
*default*        0x00000000         0xffffffff

Linker script and memory map

LOAD /home/aghosh01/gcc-arm-none-eabi-4_7-2012q4/bin/../lib/gcc/arm-none-eabi/4.7.3/armv7e-m/softfp/crti.o
LOAD /home/aghosh01/gcc-arm-none-eabi-4_7-2012q4/bin/../lib/gcc/arm-none-eabi/4.7.3/armv7e-m/softfp/crtbegin.o
LOAD /home/aghosh01/gcc-arm-none-eabi-4_7-2012q4/bin/../lib/gcc/arm-none-eabi/4.7.3/../../../../arm-none-eabi/lib/armv7e-m/softfp/crt0.o
LOAD ./src/debug.o
LOAD ./src/encoder.o
LOAD ./src/interrupt_defs.o
LOAD ./src/main.o
LOAD ./src/newlib_stubs.o
LOAD ./src/pwm.o
LOAD ./src/startup_stm32f30x.o
LOAD ./src/stm32f30x_adc.o
LOAD ./src/stm32f30x_can.o
LOAD ./src/stm32f30x_comp.o
LOAD ./src/stm32f30x_crc.o
LOAD ./src/stm32f30x_dac.o
LOAD ./src/stm32f30x_dbgmcu.o
LOAD ./src/stm32f30x_dma.o
LOAD ./src/stm32f30x_exti.o
LOAD ./src/stm32f30x_flash.o
LOAD ./src/stm32f30x_gpio.o
LOAD ./src/stm32f30x_i2c.o
LOAD ./src/stm32f30x_iwdg.o
LOAD ./src/stm32f30x_misc.o
LOAD ./src/stm32f30x_opamp.o
LOAD ./src/stm32f30x_pwr.o
LOAD ./src/stm32f30x_rcc.o
LOAD ./src/stm32f30x_rtc.o
LOAD ./src/stm32f30x_spi.o
LOAD ./src/stm32f30x_syscfg.o
LOAD ./src/stm32f30x_tim.o
LOAD ./src/stm32f30x_usart.o
LOAD ./src/stm32f30x_wwdg.o
LOAD ./src/stm32f3_discovery_l3gd20.o
LOAD ./src/system_stm32f30x.o
LOAD /home/aghosh01/gcc-arm-none-eabi-4_7-2012q4/bin/../lib/gcc/arm-none-eabi/4.7.3/../../../../arm-none-eabi/lib/armv7e-m/softfp/libstdc++.a
LOAD /home/aghosh01/gcc-arm-none-eabi-4_7-2012q4/bin/../lib/gcc/arm-none-eabi/4.7.3/../../../../arm-none-eabi/lib/armv7e-m/softfp/libm.a
START GROUP
LOAD /home/aghosh01/gcc-arm-none-eabi-4_7-2012q4/bin/../lib/gcc/arm-none-eabi/4.7.3/armv7e-m/softfp/libgcc.a
LOAD /home/aghosh01/gcc-arm-none-eabi-4_7-2012q4/bin/../lib/gcc/arm-none-eabi/4.7.3/../../../../arm-none-eabi/lib/armv7e-m/softfp/libg.a
LOAD /home/aghosh01/gcc-arm-none-eabi-4_7-2012q4/bin/../lib/gcc/arm-none-eabi/4.7.3/../../../../arm-none-eabi/lib/armv7e-m/softfp/libc.a
END GROUP
LOAD /home/aghosh01/gcc-arm-none-eabi-4_7-2012q4/bin/../lib/gcc/arm-none-eabi/4.7.3/armv7e-m/softfp/crtend.o
LOAD /home/aghosh01/gcc-arm-none-eabi-4_7-2012q4/bin/../lib/gcc/arm-none-eabi/4.7.3/armv7e-m/softfp/crtn.o
                0x2000a000                _estack = 0x2000a000
                0x00000000                _Min_Heap_Size = 0x0
                0x00000200                _Min_Stack_Size = 0x200

.isr_vector     0x08000000      0x188
                0x08000000                . = ALIGN (0x4)
 *(.isr_vector)
 .isr_vector    0x08000000      0x188 ./src/startup_stm32f30x.o
                0x08000000                g_pfnVectors
                0x08000188                . = ALIGN (0x4)

.text           0x08000188    0x13c48
                0x08000188                . = ALIGN (0x4)
 *(.text)
 .text          0x08000188       0x54 /home/aghosh01/gcc-arm-none-eabi-4_7-2012q4/bin/../lib/gcc/arm-none-eabi/4.7.3/armv7e-m/softfp/crtbegin.o
 .text          0x080001dc      0x254 ./src/debug.o
                0x080001dc                blink_leds()
                0x08000268                UART1_init()
                0x08000364                LED_MATRIX_ISR_init()
 .text          0x08000430      0x378 ./src/encoder.o
                0x08000430                TIM8_init_encoder()
                0x08000510                TIM2_init_encoder()
                0x080005d4                TIM4_init_encoder()
                0x080006b4                encoder_update_ISR_init()
                0x08000744                init_encoder_struct(encoderState*)
 .text          0x080007a8     0x1308 ./src/interrupt_defs.o
                0x080007a8                TIM7_IRQHandler
                0x08000c58                TIM1_TRG_COM_TIM17_IRQHandler
                0x08000da4                TIM6_DAC_IRQHandler
                0x08000fcc                ADC1_2_IRQHandler
                0x08001010                DMA1_Channel1_IRQHandler
                0x0800102c                DMA2_Channel1_IRQHandler
                0x0800104c                ADC3_IRQHandler
                0x08001140                EXTI9_5_IRQHandler
                0x08001210                update_pid
 .text          0x08001ab0     0x157c ./src/main.o
                0x08001ab0                main
                0x08001e28                trinity2013_waitForStart()
                0x08001eb4                IR_distance(int)
                0x08002038                imu_update_ISR_init()
                0x0800211c                L3GD20_TIMEOUT_UserCallback
                0x08002134                brake_pins_init()
                0x080021ac                ping_pin_init()
                0x0800223c                timer2_timebase_init()
                0x08002290                comp_init()
                0x080025dc                calc_gyro_bias()
                0x08002664                adc1_init_DMA()
                0x080028d8                adc2_init_DMA()
                0x08002c1c                battery_watchdog_init()
                0x08002e7c                adc1_init()
 .text          0x0800302c      0x3d4 ./src/newlib_stubs.o
                0x0800302c                _exit
                0x0800304c                _close
                0x08003064                _execve
                0x08003090                _fork
                0x080030b0                _fstat
                0x080030d4                _getpid
                0x080030e4                _isatty
                0x0800311c                _kill
                0x08003144                _link
                0x0800316c                _lseek
                0x08003188                _sbrk
                0x08003224                _read
                0x080032b0                _stat
                0x080032d4                _times
                0x080032ec                _unlink
                0x08003314                _wait
                0x0800333c                _write
 .text          0x08003400      0x7bc ./src/pwm.o
                0x08003400                pwm_out1_init(unsigned short)
                0x08003554                pwm1_output(float)
                0x08003598                pwm_out2_init(unsigned short)
                0x080036ec                pwm2_output(float)
                0x08003730                pwm_out3_init(unsigned short)
                0x08003894                pwm3_output(float)
                0x080038d8                config_pwm_freq(int, int*, int*)
 .text          0x08003bbc     0x138c ./src/stm32f30x_adc.o
                0x08003bbc                ADC_DeInit
                0x08003c30                ADC_Init
                0x08003cb4                ADC_StructInit
                0x08003d08                ADC_InjectedInit
                0x08003d74                ADC_InjectedStructInit
                0x08003dc0                ADC_CommonInit
                0x08003e80                ADC_CommonStructInit
                0x08003ebc                ADC_Cmd
                0x08003ef4                ADC_StartCalibration
                0x08003f14                ADC_GetCalibrationValue
                0x08003f30                ADC_SetCalibrationValue
                0x08003f4c                ADC_SelectCalibrationMode
                0x08003f78                ADC_GetCalibrationStatus
                0x08003fac                ADC_DisableCmd
                0x08003fcc                ADC_GetDisableCmdStatus
                0x08004004                ADC_VoltageRegulatorCmd
                0x08004048                ADC_SelectDifferentialMode
                0x080040a0                ADC_SelectQueueOfContextMode
                0x080040d8                ADC_AutoDelayCmd
                0x08004110                ADC_AnalogWatchdogCmd
                0x08004148                ADC_AnalogWatchdog1ThresholdsConfig
                0x080041a0                ADC_AnalogWatchdog2ThresholdsConfig
                0x080041f0                ADC_AnalogWatchdog3ThresholdsConfig
                0x08004240                ADC_AnalogWatchdog1SingleChannelConfig
                0x0800427c                ADC_AnalogWatchdog2SingleChannelConfig
                0x080042d0                ADC_AnalogWatchdog3SingleChannelConfig
                0x08004324                ADC_TempSensorCmd
                0x080043c4                ADC_VrefintCmd
                0x08004464                ADC_VbatCmd
                0x08004504                ADC_RegularChannelConfig
                0x08004730                ADC_RegularChannelSequencerLengthConfig
                0x08004764                ADC_ExternalTriggerConfig
                0x0800479c                ADC_StartConversion
                0x080047bc                ADC_GetStartConversionStatus
                0x080047f4                ADC_StopConversion
                0x08004814                ADC_DiscModeChannelCountConfig
                0x08004860                ADC_DiscModeCmd
                0x08004898                ADC_GetConversionValue
                0x080048b4                ADC_GetDualModeConversionValue
                0x08004900                ADC_SetChannelOffset1
                0x08004954                ADC_SetChannelOffset2
                0x080049a8                ADC_SetChannelOffset3
                0x080049fc                ADC_SetChannelOffset4
                0x08004a50                ADC_ChannelOffset1Cmd
                0x08004a88                ADC_ChannelOffset2Cmd
                0x08004ac0                ADC_ChannelOffset3Cmd
                0x08004af8                ADC_ChannelOffset4Cmd
                0x08004b30                ADC_DMACmd
                0x08004b68                ADC_DMAConfig
                0x08004b94                ADC_InjectedChannelSampleTimeConfig
                0x08004c48                ADC_StartInjectedConversion
                0x08004c68                ADC_StopInjectedConversion
                0x08004c88                ADC_GetStartInjectedConversionStatus
                0x08004cc0                ADC_AutoInjectedConvCmd
                0x08004cf8                ADC_InjectedDiscModeCmd
                0x08004d30                ADC_GetInjectedConversionValue
                0x08004d70                ADC_ITConfig
                0x08004dac                ADC_GetFlagStatus
                0x08004de4                ADC_ClearFlag
                0x08004e00                ADC_GetCommonFlagStatus
                0x08004e6c                ADC_ClearCommonFlag
                0x08004ec8                ADC_GetITStatus
                0x08004f28                ADC_ClearITPendingBit
 .text          0x08004f48      0x280 ./src/stm32f30x_comp.o
                0x08004f48                COMP_DeInit
                0x08004f6c                COMP_Init
                0x08004fdc                COMP_StructInit
                0x08005028                COMP_Cmd
                0x0800508c                COMP_SwitchCmd
                0x080050f0                COMP_GetOutputLevel
                0x08005130                COMP_WindowCmd
                0x08005194                COMP_LockConfig
 .text          0x080051c8      0x4e8 ./src/stm32f30x_dma.o
                0x080051c8                DMA_DeInit
                0x080053e8                DMA_Init
                0x08005468                DMA_StructInit
                0x080054d4                DMA_Cmd
                0x0800550c                DMA_SetCurrDataCounter
                0x08005528                DMA_GetCurrDataCounter
                0x08005544                DMA_ITConfig
                0x08005580                DMA_GetFlagStatus
                0x080055e0                DMA_ClearFlag
                0x08005618                DMA_GetITStatus
                0x08005678                DMA_ClearITPendingBit
 .text          0x080056b0      0x50c ./src/stm32f30x_exti.o
                0x080056b0                EXTI_DeInit
                0x08005764                EXTI_Init
                0x080059ec                EXTI_StructInit
                0x08005a20                EXTI_GenerateSWInterrupt
                0x08005a70                EXTI_GetFlagStatus
                0x08005ac4                EXTI_ClearFlag
                0x08005afc                EXTI_GetITStatus
                0x08005b84                EXTI_ClearITPendingBit
 .text          0x08005bbc      0x4ac ./src/stm32f30x_gpio.o
                0x08005bbc                GPIO_DeInit
                0x08005cb4                GPIO_Init
                0x08005e04                GPIO_StructInit
                0x08005e40                GPIO_PinLockConfig
                0x08005e84                GPIO_ReadInputDataBit
                0x08005ec4                GPIO_ReadInputData
                0x08005ee0                GPIO_ReadOutputDataBit
                0x08005f20                GPIO_ReadOutputData
                0x08005f3c                GPIO_SetBits
                0x08005f58                GPIO_ResetBits
                0x08005f74                GPIO_WriteBit
                0x08005fa4                GPIO_Write
                0x08005fc0                GPIO_PinAFConfig
 .text          0x08006068      0x1dc ./src/stm32f30x_misc.o
                0x08006068                NVIC_PriorityGroupConfig
                0x08006090                NVIC_Init
                0x08006178                NVIC_SetVectorTable
                0x080061a4                NVIC_SystemLPConfig
                0x080061f8                SysTick_CLKSourceConfig
 .text          0x08006244     0x104c ./src/stm32f30x_rcc.o
                0x08006244                RCC_DeInit
                0x08006318                RCC_HSEConfig
                0x08006348                RCC_WaitForHSEStartUp
                0x080063ac                RCC_AdjustHSICalibrationValue
                0x080063f4                RCC_HSICmd
                0x08006414                RCC_LSEConfig
                0x08006470                RCC_LSEDriveConfig
                0x080064b4                RCC_LSICmd
                0x080064d4                RCC_PLLConfig
                0x0800651c                RCC_PLLCmd
                0x0800653c                RCC_PREDIV1Config
                0x0800657c                RCC_ClockSecuritySystemCmd
                0x0800659c                RCC_MCOConfig
                0x080065bc                RCC_SYSCLKConfig
                0x080065fc                RCC_GetSYSCLKSource
                0x0800661c                RCC_HCLKConfig
                0x0800665c                RCC_PCLK1Config
                0x0800669c                RCC_PCLK2Config
                0x080066e0                RCC_GetClocksFreq
                0x08006c30                RCC_ADCCLKConfig
                0x08006ca0                RCC_I2CCLKConfig
                0x08006d10                RCC_TIMCLKConfig
                0x08006d80                RCC_USARTCLKConfig
                0x08006e64                RCC_USBCLKConfig
                0x08006e84                RCC_RTCCLKConfig
                0x08006eb0                RCC_I2SCLKConfig
                0x08006ed0                RCC_RTCCLKCmd
                0x08006ef0                RCC_BackupResetCmd
                0x08006f10                RCC_AHBPeriphClockCmd
                0x08006f64                RCC_APB2PeriphClockCmd
                0x08006fb8                RCC_APB1PeriphClockCmd
                0x0800700c                RCC_AHBPeriphResetCmd
                0x08007060                RCC_APB2PeriphResetCmd
                0x080070b4                RCC_APB1PeriphResetCmd
                0x08007108                RCC_ITConfig
                0x08007168                RCC_GetFlagStatus
                0x0800720c                RCC_ClearFlag
                0x08007230                RCC_GetITStatus
                0x08007270                RCC_ClearITPendingBit
 .text          0x08007290      0xa5c ./src/stm32f30x_spi.o
                0x08007290                SPI_I2S_DeInit
                0x08007318                SPI_StructInit
                0x08007374                SPI_Init
                0x0800748c                I2S_StructInit
                0x080074d0                I2S_Init
                0x0800767c                SPI_Cmd
                0x080076bc                SPI_TIModeCmd
                0x080076fc                I2S_Cmd
                0x0800773c                SPI_DataSizeConfig
                0x08007774                SPI_RxFIFOThresholdConfig
                0x080077ac                SPI_BiDirectionalLineConfig
                0x080077ec                SPI_NSSInternalSoftwareConfig
                0x08007830                I2S_FullDuplexConfig
                0x080078d4                SPI_SSOutputCmd
                0x08007914                SPI_NSSPulseModeCmd
                0x08007954                SPI_SendData8
                0x08007984                SPI_I2S_SendData16
                0x080079a0                SPI_ReceiveData8
                0x080079cc                SPI_I2S_ReceiveData16
                0x080079e8                SPI_CRCLengthConfig
                0x08007a20                SPI_CalculateCRC
                0x08007a60                SPI_TransmitCRC
                0x08007a84                SPI_GetCRC
                0x08007ab8                SPI_GetCRCPolynomial
                0x08007ad4                SPI_I2S_DMACmd
                0x08007b1c                SPI_LastDMATransferCmd
                0x08007b54                SPI_I2S_ITConfig
                0x08007bc0                SPI_GetTransmissionFIFOStatus
                0x08007be0                SPI_GetReceptionFIFOStatus
                0x08007c00                SPI_I2S_GetFlagStatus
                0x08007c40                SPI_I2S_ClearFlag
                0x08007c64                SPI_I2S_GetITStatus
 .text          0x08007cec      0x40c ./src/stm32f30x_syscfg.o
                0x08007cec                SYSCFG_DeInit
                0x08007d7c                SYSCFG_MemoryRemapConfig
                0x08007dbc                SYSCFG_DMAChannelRemapConfig
                0x08007e10                SYSCFG_TriggerRemapConfig
                0x08007e64                SYSCFG_EncoderRemapConfig
                0x08007ea8                SYSCFG_USBInterruptLineRemapCmd
                0x08007ec8                SYSCFG_I2CFastModePlusConfig
                0x08007f1c                SYSCFG_ITConfig
                0x08007f70                SYSCFG_EXTILineConfig
                0x08008020                SYSCFG_BreakConfig
                0x0800804c                SYSCFG_BypassParityCheckDisable
                0x08008064                SYSCFG_SRAMWRPEnable
                0x08008090                SYSCFG_GetFlagStatus
                0x080080cc                SYSCFG_ClearFlag
 .text          0x080080f8     0x21b4 ./src/stm32f30x_tim.o
                0x080080f8                TIM_DeInit
                0x08008290                TIM_TimeBaseInit
                0x080083a0                TIM_TimeBaseStructInit
                0x080083dc                TIM_PrescalerConfig
                0x08008404                TIM_CounterModeConfig
                0x0800843c                TIM_SetCounter
                0x08008458                TIM_SetAutoreload
                0x08008474                TIM_GetCounter
                0x0800848c                TIM_GetPrescaler
                0x080084a8                TIM_UpdateDisableConfig
                0x080084e8                TIM_UpdateRequestConfig
                0x08008528                TIM_UIFRemap
                0x08008568                TIM_ARRPreloadConfig
                0x080085a8                TIM_SelectOnePulseMode
                0x080085e0                TIM_SetClockDivision
                0x08008618                TIM_Cmd
                0x08008658                TIM_OC1Init
                0x08008780                TIM_OC2Init
                0x08008898                TIM_OC3Init
                0x080089a8                TIM_OC4Init
                0x08008a7c                TIM_OC5Init
                0x08008b44                TIM_OC6Init
                0x08008c00                TIM_SelectGC5C1
                0x08008c38                TIM_SelectGC5C2
                0x08008c70                TIM_SelectGC5C3
                0x08008ca8                TIM_OCStructInit
                0x08008cfc                TIM_SelectOCxM
                0x08008db8                TIM_SetCompare1
                0x08008dd4                TIM_SetCompare2
                0x08008df0                TIM_SetCompare3
                0x08008e0c                TIM_SetCompare4
                0x08008e28                TIM_SetCompare5
                0x08008e44                TIM_SetCompare6
                0x08008e60                TIM_ForcedOC1Config
                0x08008e9c                TIM_ForcedOC2Config
                0x08008edc                TIM_ForcedOC3Config
                0x08008f14                TIM_ForcedOC4Config
                0x08008f50                TIM_ForcedOC5Config
                0x08008f88                TIM_ForcedOC6Config
                0x08008fc4                TIM_OC1PreloadConfig
                0x08008ffc                TIM_OC2PreloadConfig
                0x08009038                TIM_OC3PreloadConfig
                0x08009070                TIM_OC4PreloadConfig
                0x080090ac                TIM_OC5PreloadConfig
                0x080090e4                TIM_OC6PreloadConfig
                0x08009120                TIM_OC1FastConfig
                0x08009158                TIM_OC2FastConfig
                0x08009194                TIM_OC3FastConfig
                0x080091cc                TIM_OC4FastConfig
                0x08009208                TIM_ClearOC1Ref
                0x08009240                TIM_ClearOC2Ref
                0x0800927c                TIM_ClearOC3Ref
                0x080092b4                TIM_ClearOC4Ref
                0x080092f0                TIM_ClearOC5Ref
                0x08009328                TIM_ClearOC6Ref
                0x08009364                TIM_SelectOCREFClear
                0x08009394                TIM_OC1PolarityConfig
                0x080093cc                TIM_OC1NPolarityConfig
                0x08009404                TIM_OC2PolarityConfig
                0x08009440                TIM_OC2NPolarityConfig
                0x0800947c                TIM_OC3PolarityConfig
                0x080094b8                TIM_OC3NPolarityConfig
                0x080094f4                TIM_OC4PolarityConfig
                0x08009530                TIM_OC5PolarityConfig
                0x0800956c                TIM_OC6PolarityConfig
                0x080095a8                TIM_CCxCmd
                0x080095f8                TIM_CCxNCmd
                0x08009648                TIM_ICInit
                0x080096f0                TIM_ICStructInit
                0x0800972c                TIM_PWMIConfig
                0x080097f0                TIM_GetCapture1
                0x08009808                TIM_GetCapture2
                0x08009820                TIM_GetCapture3
                0x08009838                TIM_GetCapture4
                0x08009850                TIM_SetIC1Prescaler
                0x08009880                TIM_SetIC2Prescaler
                0x080098b4                TIM_SetIC3Prescaler
                0x080098e4                TIM_SetIC4Prescaler
                0x0800991c                TIM_BDTRConfig
                0x0800996c                TIM_Break1Config
                0x080099a4                TIM_Break2Config
                0x080099dc                TIM_Break1Cmd
                0x08009a14                TIM_Break2Cmd
                0x08009a4c                TIM_BDTRStructInit
                0x08009a98                TIM_CtrlPWMOutputs
                0x08009ad4                TIM_SelectCOM
                0x08009b0c                TIM_CCPreloadControl
                0x08009b44                TIM_ITConfig
                0x08009b84                TIM_GenerateEvent
                0x08009ba0                TIM_GetFlagStatus
                0x08009bd8                TIM_ClearFlag
                0x08009bfc                TIM_GetITStatus
                0x08009c5c                TIM_ClearITPendingBit
                0x08009c80                TIM_DMAConfig
                0x08009ca8                TIM_DMACmd
                0x08009ce8                TIM_SelectCCDMA
                0x08009d20                TIM_InternalClockConfig
                0x08009d40                TIM_ITRxExternalClockConfig
                0x08009d6c                TIM_TIxExternalClockConfig
                0x08009dc0                TIM_ETRClockMode1Config
                0x08009e14                TIM_ETRClockMode2Config
                0x08009e44                TIM_SelectInputTrigger
                0x08009e7c                TIM_SelectOutputTrigger
                0x08009eac                TIM_SelectOutputTrigger2
                0x08009ed8                TIM_SelectSlaveMode
                0x08009f08                TIM_SelectMasterSlaveMode
                0x08009f38                TIM_ETRConfig
                0x08009f84                TIM_EncoderInterfaceConfig
                0x0800a018                TIM_SelectHallSensor
                0x0800a050                TIM_RemapConfig
 .text          0x0800a2ac      0xcf8 ./src/stm32f30x_usart.o
                0x0800a2ac                USART_DeInit
                0x0800a384                USART_Init
                0x0800a514                USART_StructInit
                0x0800a558                USART_ClockInit
                0x0800a5a4                USART_ClockStructInit
                0x0800a5d8                USART_Cmd
                0x0800a610                USART_DirectionModeCmd
                0x0800a64c                USART_OverSampling8Cmd
                0x0800a684                USART_OneBitMethodCmd
                0x0800a6bc                USART_MSBFirstCmd
                0x0800a6f4                USART_DataInvCmd
                0x0800a72c                USART_InvPinCmd
                0x0800a768                USART_SWAPPinCmd
                0x0800a7a0                USART_ReceiverTimeOutCmd
                0x0800a7d8                USART_SetReceiverTimeOut
                0x0800a804                USART_SetPrescaler
                0x0800a83c                USART_STOPModeCmd
                0x0800a874                USART_StopModeWakeUpSourceConfig
                0x0800a8a0                USART_AutoBaudRateCmd
                0x0800a8d8                USART_AutoBaudRateConfig
                0x0800a904                USART_SendData
                0x0800a92c                USART_ReceiveData
                0x0800a950                USART_SetAddress
                0x0800a984                USART_MuteModeCmd
                0x0800a9bc                USART_MuteModeWakeUpConfig
                0x0800a9e8                USART_AddressDetectionConfig
                0x0800aa14                USART_LINBreakDetectLengthConfig
                0x0800aa40                USART_LINCmd
                0x0800aa78                USART_HalfDuplexCmd
                0x0800aab0                USART_SetGuardTime
                0x0800aaec                USART_SmartCardCmd
                0x0800ab24                USART_SmartCardNACKCmd
                0x0800ab5c                USART_SetAutoRetryCount
                0x0800ab90                USART_SetBlockLength
                0x0800abc4                USART_IrDAConfig
                0x0800abf0                USART_IrDACmd
                0x0800ac28                USART_DECmd
                0x0800ac60                USART_DEPolarityConfig
                0x0800ac8c                USART_SetDEAssertionTime
                0x0800acbc                USART_SetDEDeassertionTime
                0x0800acec                USART_DMACmd
                0x0800ad28                USART_DMAReceptionErrorConfig
                0x0800ad54                USART_ITConfig
                0x0800ade8                USART_RequestCmd
                0x0800ae34                USART_OverrunDetectionConfig
                0x0800ae60                USART_GetFlagStatus
                0x0800ae98                USART_ClearFlag
                0x0800aeb4                USART_GetITStatus
                0x0800af68                USART_ClearITPendingBit
 .text          0x0800afa4      0x648 ./src/stm32f3_discovery_l3gd20.o
                0x0800afa4                L3GD20_Init
                0x0800b028                L3GD20_RebootCmd
                0x0800b064                L3GD20_INT1InterruptConfig
                0x0800b0fc                L3GD20_INT1InterruptCmd
                0x0800b148                L3GD20_INT2InterruptCmd
                0x0800b194                L3GD20_FilterConfig
                0x0800b1e8                L3GD20_FilterCmd
                0x0800b234                L3GD20_GetDataStatus
                0x0800b258                L3GD20_Write
                0x0800b2c8                L3GD20_Read
 .text          0x0800b5ec      0x3a8 ./src/system_stm32f30x.o
                0x0800b5ec                SystemInit
                0x0800b6e8                SystemCoreClockUpdate
 .text          0x0800b994      0x370 /home/aghosh01/gcc-arm-none-eabi-4_7-2012q4/bin/../lib/gcc/arm-none-eabi/4.7.3/armv7e-m/softfp/libgcc.a(_arm_addsubdf3.o)
                0x0800b994                __aeabi_drsub
                0x0800b99c                __aeabi_dsub
                0x0800b99c                __subdf3
                0x0800b9a0                __adddf3
                0x0800b9a0                __aeabi_dadd
                0x0800bc18                __aeabi_ui2d
                0x0800bc18                __floatunsidf
                0x0800bc38                __floatsidf
                0x0800bc38                __aeabi_i2d
                0x0800bc5c                __extendsfdf2
                0x0800bc5c                __aeabi_f2d
                0x0800bc98                __aeabi_ul2d
                0x0800bc98                __floatundidf
                0x0800bca8                __floatdidf
                0x0800bca8                __aeabi_l2d
 .text          0x0800bd04      0x424 /home/aghosh01/gcc-arm-none-eabi-4_7-2012q4/bin/../lib/gcc/arm-none-eabi/4.7.3/armv7e-m/softfp/libgcc.a(_arm_muldivdf3.o)
                0x0800bd04                __aeabi_dmul
                0x0800bd04                __muldf3
                0x0800bf58                __aeabi_ddiv
                0x0800bf58                __divdf3
 .text          0x0800c128      0x110 /home/aghosh01/gcc-arm-none-eabi-4_7-2012q4/bin/../lib/gcc/arm-none-eabi/4.7.3/armv7e-m/softfp/libgcc.a(_arm_cmpdf2.o)
                0x0800c128                __gtdf2
                0x0800c128                __gedf2
                0x0800c130                __ltdf2
                0x0800c130                __ledf2
                0x0800c138                __cmpdf2
                0x0800c138                __eqdf2
                0x0800c138                __nedf2
                0x0800c1b4                __aeabi_cdrcmple
                0x0800c1c4                __aeabi_cdcmple
                0x0800c1c4                __aeabi_cdcmpeq
                0x0800c1d4                __aeabi_dcmpeq
                0x0800c1e8                __aeabi_dcmplt
                0x0800c1fc                __aeabi_dcmple
                0x0800c210                __aeabi_dcmpge
                0x0800c224                __aeabi_dcmpgt
 .text          0x0800c238       0x50 /home/aghosh01/gcc-arm-none-eabi-4_7-2012q4/bin/../lib/gcc/arm-none-eabi/4.7.3/armv7e-m/softfp/libgcc.a(_arm_fixdfsi.o)
                0x0800c238                __fixdfsi
                0x0800c238                __aeabi_d2iz
 .text          0x0800c288       0xa0 /home/aghosh01/gcc-arm-none-eabi-4_7-2012q4/bin/../lib/gcc/arm-none-eabi/4.7.3/armv7e-m/softfp/libgcc.a(_arm_truncdfsf2.o)
                0x0800c288                __aeabi_d2f
                0x0800c288                __truncdfsf2
 .text          0x0800c328       0x2c /home/aghosh01/gcc-arm-none-eabi-4_7-2012q4/bin/../lib/gcc/arm-none-eabi/4.7.3/armv7e-m/softfp/libgcc.a(_aeabi_uldivmod.o)
                0x0800c328                __aeabi_uldivmod
 .text          0x0800c354       0x58 /home/aghosh01/gcc-arm-none-eabi-4_7-2012q4/bin/../lib/gcc/arm-none-eabi/4.7.3/armv7e-m/softfp/libgcc.a(bpabi.o)
                0x0800c354                __gnu_ldivmod_helper
                0x0800c380                __gnu_uldivmod_helper
 .text          0x0800c3ac        0x4 /home/aghosh01/gcc-arm-none-eabi-4_7-2012q4/bin/../lib/gcc/arm-none-eabi/4.7.3/armv7e-m/softfp/libgcc.a(_dvmd_tls.o)
                0x0800c3ac                __aeabi_ldiv0
                0x0800c3ac                __aeabi_idiv0
 .text          0x0800c3b0      0x2bc /home/aghosh01/gcc-arm-none-eabi-4_7-2012q4/bin/../lib/gcc/arm-none-eabi/4.7.3/armv7e-m/softfp/libgcc.a(_divdi3.o)
                0x0800c3b0                __divdi3
 .text          0x0800c66c      0x288 /home/aghosh01/gcc-arm-none-eabi-4_7-2012q4/bin/../lib/gcc/arm-none-eabi/4.7.3/armv7e-m/softfp/libgcc.a(_udivdi3.o)
                0x0800c66c                __udivdi3
 *(.text*)
 .text.Reset_Handler
                0x0800c8f4       0x4c ./src/startup_stm32f30x.o
                0x0800c8f4                Reset_Handler
 .text.Default_Handler
                0x0800c940        0x4 ./src/startup_stm32f30x.o
                0x0800c940                RTC_Alarm_IRQHandler
                0x0800c940                TIM8_TRG_COM_IRQHandler
                0x0800c940                TIM8_CC_IRQHandler
                0x0800c940                DebugMon_Handler
                0x0800c940                TIM1_CC_IRQHandler
                0x0800c940                HardFault_Handler
                0x0800c940                USB_HP_IRQHandler
                0x0800c940                SysTick_Handler
                0x0800c940                PVD_IRQHandler
                0x0800c940                PendSV_Handler
                0x0800c940                NMI_Handler
                0x0800c940                EXTI3_IRQHandler
                0x0800c940                EXTI0_IRQHandler
                0x0800c940                I2C2_EV_IRQHandler
                0x0800c940                FPU_IRQHandler
                0x0800c940                EXTI2_TS_IRQHandler
                0x0800c940                TIM1_UP_TIM16_IRQHandler
                0x0800c940                UsageFault_Handler
                0x0800c940                SPI1_IRQHandler
                0x0800c940                TIM8_UP_IRQHandler
                0x0800c940                DMA2_Channel2_IRQHandler
                0x0800c940                DMA1_Channel4_IRQHandler
                0x0800c940                USART3_IRQHandler
                0x0800c940                DMA1_Channel7_IRQHandler
                0x0800c940                CAN1_RX1_IRQHandler
                0x0800c940                UART5_IRQHandler
                0x0800c940                TIM4_IRQHandler
                0x0800c940                I2C1_EV_IRQHandler
                0x0800c940                DMA1_Channel6_IRQHandler
                0x0800c940                UART4_IRQHandler
                0x0800c940                DMA2_Channel4_IRQHandler
                0x0800c940                TIM3_IRQHandler
                0x0800c940                RCC_IRQHandler
                0x0800c940                Default_Handler
                0x0800c940                USBWakeUp_RMP_IRQHandler
                0x0800c940                EXTI15_10_IRQHandler
                0x0800c940                TAMPER_STAMP_IRQHandler
                0x0800c940                RTC_WKUP_IRQHandler
                0x0800c940                SPI2_IRQHandler
                0x0800c940                MemManage_Handler
                0x0800c940                SVC_Handler
                0x0800c940                DMA2_Channel5_IRQHandler
                0x0800c940                DMA1_Channel5_IRQHandler
                0x0800c940                USB_LP_IRQHandler
                0x0800c940                EXTI4_IRQHandler
                0x0800c940                USB_LP_CAN1_RX0_IRQHandler
                0x0800c940                USB_HP_CAN1_TX_IRQHandler
                0x0800c940                DMA1_Channel3_IRQHandler
                0x0800c940                ADC4_IRQHandler
                0x0800c940                WWDG_IRQHandler
                0x0800c940                TIM2_IRQHandler
                0x0800c940                COMP7_IRQHandler
                0x0800c940                COMP1_2_3_IRQHandler
                0x0800c940                EXTI1_IRQHandler
                0x0800c940                USART2_IRQHandler
                0x0800c940                COMP4_5_6_IRQHandler
                0x0800c940                I2C2_ER_IRQHandler
                0x0800c940                DMA1_Channel2_IRQHandler
                0x0800c940                TIM8_BRK_IRQHandler
                0x0800c940                CAN1_SCE_IRQHandler
                0x0800c940                FLASH_IRQHandler
                0x0800c940                BusFault_Handler
                0x0800c940                USART1_IRQHandler
                0x0800c940                SPI3_IRQHandler
                0x0800c940                I2C1_ER_IRQHandler
                0x0800c940                USBWakeUp_IRQHandler
                0x0800c940                DMA2_Channel3_IRQHandler
                0x0800c940                TIM1_BRK_TIM15_IRQHandler
 .text.pow      0x0800c944      0x32c /home/aghosh01/gcc-arm-none-eabi-4_7-2012q4/bin/../lib/gcc/arm-none-eabi/4.7.3/../../../../arm-none-eabi/lib/armv7e-m/softfp/libm.a(lib_a-w_pow.o)
                0x0800c944                pow
 .text.sqrt     0x0800cc70       0xa8 /home/aghosh01/gcc-arm-none-eabi-4_7-2012q4/bin/../lib/gcc/arm-none-eabi/4.7.3/../../../../arm-none-eabi/lib/armv7e-m/softfp/libm.a(lib_a-w_sqrt.o)
                0x0800cc70                sqrt
 .text.__ieee754_pow
                0x0800cd18      0xb30 /home/aghosh01/gcc-arm-none-eabi-4_7-2012q4/bin/../lib/gcc/arm-none-eabi/4.7.3/../../../../arm-none-eabi/lib/armv7e-m/softfp/libm.a(lib_a-e_pow.o)
                0x0800cd18                __ieee754_pow
 .text.__ieee754_sqrt
                0x0800d848      0x208 /home/aghosh01/gcc-arm-none-eabi-4_7-2012q4/bin/../lib/gcc/arm-none-eabi/4.7.3/../../../../arm-none-eabi/lib/armv7e-m/softfp/libm.a(lib_a-e_sqrt.o)
                0x0800d848                __ieee754_sqrt
 .text.fabs     0x0800da50        0x8 /home/aghosh01/gcc-arm-none-eabi-4_7-2012q4/bin/../lib/gcc/arm-none-eabi/4.7.3/../../../../arm-none-eabi/lib/armv7e-m/softfp/libm.a(lib_a-s_fabs.o)
                0x0800da50                fabs
 .text.finite   0x0800da58        0xc /home/aghosh01/gcc-arm-none-eabi-4_7-2012q4/bin/../lib/gcc/arm-none-eabi/4.7.3/../../../../arm-none-eabi/lib/armv7e-m/softfp/libm.a(lib_a-s_finite.o)
                0x0800da58                finite
 .text.__fpclassifyd
                0x0800da64       0x68 /home/aghosh01/gcc-arm-none-eabi-4_7-2012q4/bin/../lib/gcc/arm-none-eabi/4.7.3/../../../../arm-none-eabi/lib/armv7e-m/softfp/libm.a(lib_a-s_fpclassify.o)
                0x0800da64                __fpclassifyd
 .text.matherr  0x0800dacc        0x4 /home/aghosh01/gcc-arm-none-eabi-4_7-2012q4/bin/../lib/gcc/arm-none-eabi/4.7.3/../../../../arm-none-eabi/lib/armv7e-m/softfp/libm.a(lib_a-s_matherr.o)
                0x0800dacc                matherr
 .text.nan      0x0800dad0        0xc /home/aghosh01/gcc-arm-none-eabi-4_7-2012q4/bin/../lib/gcc/arm-none-eabi/4.7.3/../../../../arm-none-eabi/lib/armv7e-m/softfp/libm.a(lib_a-s_nan.o)
                0x0800dad0                nan
 .text.rint     0x0800dadc      0x128 /home/aghosh01/gcc-arm-none-eabi-4_7-2012q4/bin/../lib/gcc/arm-none-eabi/4.7.3/../../../../arm-none-eabi/lib/armv7e-m/softfp/libm.a(lib_a-s_rint.o)
                0x0800dadc                rint
 *fill*         0x0800dc04        0x4 00
 .text.scalbn   0x0800dc08      0x108 /home/aghosh01/gcc-arm-none-eabi-4_7-2012q4/bin/../lib/gcc/arm-none-eabi/4.7.3/../../../../arm-none-eabi/lib/armv7e-m/softfp/libm.a(lib_a-s_scalbn.o)
                0x0800dc08                scalbn
 .text.copysign
                0x0800dd10       0x18 /home/aghosh01/gcc-arm-none-eabi-4_7-2012q4/bin/../lib/gcc/arm-none-eabi/4.7.3/../../../../arm-none-eabi/lib/armv7e-m/softfp/libm.a(lib_a-s_copysign.o)
                0x0800dd10                copysign
 .text.__register_exitproc
                0x0800dd28       0xac /home/aghosh01/gcc-arm-none-eabi-4_7-2012q4/bin/../lib/gcc/arm-none-eabi/4.7.3/../../../../arm-none-eabi/lib/armv7e-m/softfp/libg.a(lib_a-__atexit.o)
                0x0800dd28                __register_exitproc
 .text.__errno  0x0800ddd4        0xc /home/aghosh01/gcc-arm-none-eabi-4_7-2012q4/bin/../lib/gcc/arm-none-eabi/4.7.3/../../../../arm-none-eabi/lib/armv7e-m/softfp/libg.a(lib_a-errno.o)
                0x0800ddd4                __errno
 .text.__libc_fini_array
                0x0800dde0       0x50 /home/aghosh01/gcc-arm-none-eabi-4_7-2012q4/bin/../lib/gcc/arm-none-eabi/4.7.3/../../../../arm-none-eabi/lib/armv7e-m/softfp/libg.a(lib_a-fini.o)
                0x0800dde0                __libc_fini_array
 .text.memset   0x0800de30      0x12c /home/aghosh01/gcc-arm-none-eabi-4_7-2012q4/bin/../lib/gcc/arm-none-eabi/4.7.3/../../../../arm-none-eabi/lib/armv7e-m/softfp/libg.a(lib_a-memset.o)
                0x0800de30                memset
 .text.printf   0x0800df5c       0x28 /home/aghosh01/gcc-arm-none-eabi-4_7-2012q4/bin/../lib/gcc/arm-none-eabi/4.7.3/../../../../arm-none-eabi/lib/armv7e-m/softfp/libg.a(lib_a-printf.o)
                0x0800df5c                printf
 .text._vfprintf_r
                0x0800df84     0x1e88 /home/aghosh01/gcc-arm-none-eabi-4_7-2012q4/bin/../lib/gcc/arm-none-eabi/4.7.3/../../../../arm-none-eabi/lib/armv7e-m/softfp/libg.a(lib_a-vfprintf.o)
                0x0800df84                _vfprintf_r
 .text.__swsetup_r
                0x0800fe0c       0xc4 /home/aghosh01/gcc-arm-none-eabi-4_7-2012q4/bin/../lib/gcc/arm-none-eabi/4.7.3/../../../../arm-none-eabi/lib/armv7e-m/softfp/libg.a(lib_a-wsetup.o)
                0x0800fe0c                __swsetup_r
 .text.startup.register_fini
                0x0800fed0       0x14 /home/aghosh01/gcc-arm-none-eabi-4_7-2012q4/bin/../lib/gcc/arm-none-eabi/4.7.3/../../../../arm-none-eabi/lib/armv7e-m/softfp/libg.a(lib_a-__call_atexit.o)
 .text.atexit   0x0800fee4        0xc /home/aghosh01/gcc-arm-none-eabi-4_7-2012q4/bin/../lib/gcc/arm-none-eabi/4.7.3/../../../../arm-none-eabi/lib/armv7e-m/softfp/libg.a(lib_a-atexit.o)
                0x0800fee4                atexit
 .text.quorem   0x0800fef0      0x2ec /home/aghosh01/gcc-arm-none-eabi-4_7-2012q4/bin/../lib/gcc/arm-none-eabi/4.7.3/../../../../arm-none-eabi/lib/armv7e-m/softfp/libg.a(lib_a-dtoa.o)
 *fill*         0x080101dc        0x4 00
 .text._dtoa_r  0x080101e0     0x1260 /home/aghosh01/gcc-arm-none-eabi-4_7-2012q4/bin/../lib/gcc/arm-none-eabi/4.7.3/../../../../arm-none-eabi/lib/armv7e-m/softfp/libg.a(lib_a-dtoa.o)
                0x080101e0                _dtoa_r
 .text._fflush_r
                0x08011440      0x168 /home/aghosh01/gcc-arm-none-eabi-4_7-2012q4/bin/../lib/gcc/arm-none-eabi/4.7.3/../../../../arm-none-eabi/lib/armv7e-m/softfp/libg.a(lib_a-fflush.o)
                0x08011440                _fflush_r
 .text._cleanup_r
                0x080115a8        0xc /home/aghosh01/gcc-arm-none-eabi-4_7-2012q4/bin/../lib/gcc/arm-none-eabi/4.7.3/../../../../arm-none-eabi/lib/armv7e-m/softfp/libg.a(lib_a-findfp.o)
                0x080115a8                _cleanup_r
 .text.std.isra.0
                0x080115b4       0x50 /home/aghosh01/gcc-arm-none-eabi-4_7-2012q4/bin/../lib/gcc/arm-none-eabi/4.7.3/../../../../arm-none-eabi/lib/armv7e-m/softfp/libg.a(lib_a-findfp.o)
 .text.__sinit  0x08011604       0x4c /home/aghosh01/gcc-arm-none-eabi-4_7-2012q4/bin/../lib/gcc/arm-none-eabi/4.7.3/../../../../arm-none-eabi/lib/armv7e-m/softfp/libg.a(lib_a-findfp.o)
                0x08011604                __sinit
 .text.__sfp_lock_acquire
                0x08011650        0x4 /home/aghosh01/gcc-arm-none-eabi-4_7-2012q4/bin/../lib/gcc/arm-none-eabi/4.7.3/../../../../arm-none-eabi/lib/armv7e-m/softfp/libg.a(lib_a-findfp.o)
                0x08011650                __sfp_lock_acquire
 .text.__sfp_lock_release
                0x08011654        0x4 /home/aghosh01/gcc-arm-none-eabi-4_7-2012q4/bin/../lib/gcc/arm-none-eabi/4.7.3/../../../../arm-none-eabi/lib/armv7e-m/softfp/libg.a(lib_a-findfp.o)
                0x08011654                __sfp_lock_release
 .text._malloc_trim_r
                0x08011658       0x98 /home/aghosh01/gcc-arm-none-eabi-4_7-2012q4/bin/../lib/gcc/arm-none-eabi/4.7.3/../../../../arm-none-eabi/lib/armv7e-m/softfp/libg.a(lib_a-freer.o)
                0x08011658                _malloc_trim_r
 .text._free_r  0x080116f0      0x194 /home/aghosh01/gcc-arm-none-eabi-4_7-2012q4/bin/../lib/gcc/arm-none-eabi/4.7.3/../../../../arm-none-eabi/lib/armv7e-m/softfp/libg.a(lib_a-freer.o)
                0x080116f0                _free_r
 .text._fwalk   0x08011884       0xb8 /home/aghosh01/gcc-arm-none-eabi-4_7-2012q4/bin/../lib/gcc/arm-none-eabi/4.7.3/../../../../arm-none-eabi/lib/armv7e-m/softfp/libg.a(lib_a-fwalk.o)
                0x08011884                _fwalk
 .text.__locale_charset
                0x0801193c        0xc /home/aghosh01/gcc-arm-none-eabi-4_7-2012q4/bin/../lib/gcc/arm-none-eabi/4.7.3/../../../../arm-none-eabi/lib/armv7e-m/softfp/libg.a(lib_a-locale.o)
                0x0801193c                __locale_charset
 .text.__locale_mb_cur_max
                0x08011948        0xc /home/aghosh01/gcc-arm-none-eabi-4_7-2012q4/bin/../lib/gcc/arm-none-eabi/4.7.3/../../../../arm-none-eabi/lib/armv7e-m/softfp/libg.a(lib_a-locale.o)
                0x08011948                __locale_mb_cur_max
 .text._localeconv_r
                0x08011954        0xc /home/aghosh01/gcc-arm-none-eabi-4_7-2012q4/bin/../lib/gcc/arm-none-eabi/4.7.3/../../../../arm-none-eabi/lib/armv7e-m/softfp/libg.a(lib_a-locale.o)
                0x08011954                _localeconv_r
 .text.__smakebuf_r
                0x08011960       0xe8 /home/aghosh01/gcc-arm-none-eabi-4_7-2012q4/bin/../lib/gcc/arm-none-eabi/4.7.3/../../../../arm-none-eabi/lib/armv7e-m/softfp/libg.a(lib_a-makebuf.o)
                0x08011960                __smakebuf_r
 .text._malloc_r
                0x08011a48      0x55c /home/aghosh01/gcc-arm-none-eabi-4_7-2012q4/bin/../lib/gcc/arm-none-eabi/4.7.3/../../../../arm-none-eabi/lib/armv7e-m/softfp/libg.a(lib_a-mallocr.o)
                0x08011a48                _malloc_r
 .text.memchr   0x08011fa4      0x140 /home/aghosh01/gcc-arm-none-eabi-4_7-2012q4/bin/../lib/gcc/arm-none-eabi/4.7.3/../../../../arm-none-eabi/lib/armv7e-m/softfp/libg.a(lib_a-memchr.o)
                0x08011fa4                memchr
 .text.memcpy   0x080120e4      0x144 /home/aghosh01/gcc-arm-none-eabi-4_7-2012q4/bin/../lib/gcc/arm-none-eabi/4.7.3/../../../../arm-none-eabi/lib/armv7e-m/softfp/libg.a(lib_a-memcpy.o)
                0x080120e4                memcpy
 .text.__malloc_lock
                0x08012228        0x4 /home/aghosh01/gcc-arm-none-eabi-4_7-2012q4/bin/../lib/gcc/arm-none-eabi/4.7.3/../../../../arm-none-eabi/lib/armv7e-m/softfp/libg.a(lib_a-mlock.o)
                0x08012228                __malloc_lock
 .text.__malloc_unlock
                0x0801222c        0x4 /home/aghosh01/gcc-arm-none-eabi-4_7-2012q4/bin/../lib/gcc/arm-none-eabi/4.7.3/../../../../arm-none-eabi/lib/armv7e-m/softfp/libg.a(lib_a-mlock.o)
                0x0801222c                __malloc_unlock
 .text._Balloc  0x08012230       0x4c /home/aghosh01/gcc-arm-none-eabi-4_7-2012q4/bin/../lib/gcc/arm-none-eabi/4.7.3/../../../../arm-none-eabi/lib/armv7e-m/softfp/libg.a(lib_a-mprec.o)
                0x08012230                _Balloc
 .text._Bfree   0x0801227c       0x14 /home/aghosh01/gcc-arm-none-eabi-4_7-2012q4/bin/../lib/gcc/arm-none-eabi/4.7.3/../../../../arm-none-eabi/lib/armv7e-m/softfp/libg.a(lib_a-mprec.o)
                0x0801227c                _Bfree
 .text.__multadd
                0x08012290       0xf8 /home/aghosh01/gcc-arm-none-eabi-4_7-2012q4/bin/../lib/gcc/arm-none-eabi/4.7.3/../../../../arm-none-eabi/lib/armv7e-m/softfp/libg.a(lib_a-mprec.o)
                0x08012290                __multadd
 .text.__hi0bits
                0x08012388       0x3c /home/aghosh01/gcc-arm-none-eabi-4_7-2012q4/bin/../lib/gcc/arm-none-eabi/4.7.3/../../../../arm-none-eabi/lib/armv7e-m/softfp/libg.a(lib_a-mprec.o)
                0x08012388                __hi0bits
 .text.__lo0bits
                0x080123c4       0x5c /home/aghosh01/gcc-arm-none-eabi-4_7-2012q4/bin/../lib/gcc/arm-none-eabi/4.7.3/../../../../arm-none-eabi/lib/armv7e-m/softfp/libg.a(lib_a-mprec.o)
                0x080123c4                __lo0bits
 .text.__i2b    0x08012420       0x14 /home/aghosh01/gcc-arm-none-eabi-4_7-2012q4/bin/../lib/gcc/arm-none-eabi/4.7.3/../../../../arm-none-eabi/lib/armv7e-m/softfp/libg.a(lib_a-mprec.o)
                0x08012420                __i2b
 .text.__multiply
                0x08012434      0x2d0 /home/aghosh01/gcc-arm-none-eabi-4_7-2012q4/bin/../lib/gcc/arm-none-eabi/4.7.3/../../../../arm-none-eabi/lib/armv7e-m/softfp/libg.a(lib_a-mprec.o)
                0x08012434                __multiply
 .text.__pow5mult
                0x08012704       0x94 /home/aghosh01/gcc-arm-none-eabi-4_7-2012q4/bin/../lib/gcc/arm-none-eabi/4.7.3/../../../../arm-none-eabi/lib/armv7e-m/softfp/libg.a(lib_a-mprec.o)
                0x08012704                __pow5mult
 .text.__lshift
                0x08012798      0x188 /home/aghosh01/gcc-arm-none-eabi-4_7-2012q4/bin/../lib/gcc/arm-none-eabi/4.7.3/../../../../arm-none-eabi/lib/armv7e-m/softfp/libg.a(lib_a-mprec.o)
                0x08012798                __lshift
 .text.__mcmp   0x08012920       0x5c /home/aghosh01/gcc-arm-none-eabi-4_7-2012q4/bin/../lib/gcc/arm-none-eabi/4.7.3/../../../../arm-none-eabi/lib/armv7e-m/softfp/libg.a(lib_a-mprec.o)
                0x08012920                __mcmp
 .text.__mdiff  0x0801297c      0x20c /home/aghosh01/gcc-arm-none-eabi-4_7-2012q4/bin/../lib/gcc/arm-none-eabi/4.7.3/../../../../arm-none-eabi/lib/armv7e-m/softfp/libg.a(lib_a-mprec.o)
                0x0801297c                __mdiff
 .text.__d2b    0x08012b88       0xc0 /home/aghosh01/gcc-arm-none-eabi-4_7-2012q4/bin/../lib/gcc/arm-none-eabi/4.7.3/../../../../arm-none-eabi/lib/armv7e-m/softfp/libg.a(lib_a-mprec.o)
                0x08012b88                __d2b
 .text._sbrk_r  0x08012c48       0x24 /home/aghosh01/gcc-arm-none-eabi-4_7-2012q4/bin/../lib/gcc/arm-none-eabi/4.7.3/../../../../arm-none-eabi/lib/armv7e-m/softfp/libg.a(lib_a-sbrkr.o)
                0x08012c48                _sbrk_r
 .text.__sread  0x08012c6c       0x24 /home/aghosh01/gcc-arm-none-eabi-4_7-2012q4/bin/../lib/gcc/arm-none-eabi/4.7.3/../../../../arm-none-eabi/lib/armv7e-m/softfp/libg.a(lib_a-stdio.o)
                0x08012c6c                __sread
 .text.__swrite
                0x08012c90       0x44 /home/aghosh01/gcc-arm-none-eabi-4_7-2012q4/bin/../lib/gcc/arm-none-eabi/4.7.3/../../../../arm-none-eabi/lib/armv7e-m/softfp/libg.a(lib_a-stdio.o)
                0x08012c90                __swrite
 .text.__sseek  0x08012cd4       0x24 /home/aghosh01/gcc-arm-none-eabi-4_7-2012q4/bin/../lib/gcc/arm-none-eabi/4.7.3/../../../../arm-none-eabi/lib/armv7e-m/softfp/libg.a(lib_a-stdio.o)
                0x08012cd4                __sseek
 .text.__sclose
                0x08012cf8        0x8 /home/aghosh01/gcc-arm-none-eabi-4_7-2012q4/bin/../lib/gcc/arm-none-eabi/4.7.3/../../../../arm-none-eabi/lib/armv7e-m/softfp/libg.a(lib_a-stdio.o)
                0x08012cf8                __sclose
 .text.strlen   0x08012d00       0x60 /home/aghosh01/gcc-arm-none-eabi-4_7-2012q4/bin/../lib/gcc/arm-none-eabi/4.7.3/../../../../arm-none-eabi/lib/armv7e-m/softfp/libg.a(lib_a-strlen.o)
                0x08012d00                strlen
 .text.__sprint_r
                0x08012d60       0xc0 /home/aghosh01/gcc-arm-none-eabi-4_7-2012q4/bin/../lib/gcc/arm-none-eabi/4.7.3/../../../../arm-none-eabi/lib/armv7e-m/softfp/libg.a(lib_a-vfiprintf.o)
                0x08012d60                __sprint_r
 .text._write_r
                0x08012e20       0x28 /home/aghosh01/gcc-arm-none-eabi-4_7-2012q4/bin/../lib/gcc/arm-none-eabi/4.7.3/../../../../arm-none-eabi/lib/armv7e-m/softfp/libg.a(lib_a-writer.o)
                0x08012e20                _write_r
 .text._calloc_r
                0x08012e48       0x60 /home/aghosh01/gcc-arm-none-eabi-4_7-2012q4/bin/../lib/gcc/arm-none-eabi/4.7.3/../../../../arm-none-eabi/lib/armv7e-m/softfp/libg.a(lib_a-callocr.o)
                0x08012e48                _calloc_r
 .text._close_r
                0x08012ea8       0x24 /home/aghosh01/gcc-arm-none-eabi-4_7-2012q4/bin/../lib/gcc/arm-none-eabi/4.7.3/../../../../arm-none-eabi/lib/armv7e-m/softfp/libg.a(lib_a-closer.o)
                0x08012ea8                _close_r
 .text._fclose_r
                0x08012ecc       0x94 /home/aghosh01/gcc-arm-none-eabi-4_7-2012q4/bin/../lib/gcc/arm-none-eabi/4.7.3/../../../../arm-none-eabi/lib/armv7e-m/softfp/libg.a(lib_a-fclose.o)
                0x08012ecc                _fclose_r
 .text.fclose   0x08012f60       0x10 /home/aghosh01/gcc-arm-none-eabi-4_7-2012q4/bin/../lib/gcc/arm-none-eabi/4.7.3/../../../../arm-none-eabi/lib/armv7e-m/softfp/libg.a(lib_a-fclose.o)
                0x08012f60                fclose
 .text._fputwc_r
                0x08012f70      0x1b0 /home/aghosh01/gcc-arm-none-eabi-4_7-2012q4/bin/../lib/gcc/arm-none-eabi/4.7.3/../../../../arm-none-eabi/lib/armv7e-m/softfp/libg.a(lib_a-fputwc.o)
                0x08012f70                _fputwc_r
 .text._fstat_r
                0x08013120       0x28 /home/aghosh01/gcc-arm-none-eabi-4_7-2012q4/bin/../lib/gcc/arm-none-eabi/4.7.3/../../../../arm-none-eabi/lib/armv7e-m/softfp/libg.a(lib_a-fstatr.o)
                0x08013120                _fstat_r
 .text.__sfvwrite_r
                0x08013148      0x314 /home/aghosh01/gcc-arm-none-eabi-4_7-2012q4/bin/../lib/gcc/arm-none-eabi/4.7.3/../../../../arm-none-eabi/lib/armv7e-m/softfp/libg.a(lib_a-fvwrite.o)
                0x08013148                __sfvwrite_r
 .text._isatty_r
                0x0801345c       0x24 /home/aghosh01/gcc-arm-none-eabi-4_7-2012q4/bin/../lib/gcc/arm-none-eabi/4.7.3/../../../../arm-none-eabi/lib/armv7e-m/softfp/libg.a(lib_a-isattyr.o)
                0x0801345c                _isatty_r
 .text._lseek_r
                0x08013480       0x28 /home/aghosh01/gcc-arm-none-eabi-4_7-2012q4/bin/../lib/gcc/arm-none-eabi/4.7.3/../../../../arm-none-eabi/lib/armv7e-m/softfp/libg.a(lib_a-lseekr.o)
                0x08013480                _lseek_r
 .text.memmove  0x080134a8      0x198 /home/aghosh01/gcc-arm-none-eabi-4_7-2012q4/bin/../lib/gcc/arm-none-eabi/4.7.3/../../../../arm-none-eabi/lib/armv7e-m/softfp/libg.a(lib_a-memmove.o)
                0x080134a8                memmove
 .text._read_r  0x08013640       0x28 /home/aghosh01/gcc-arm-none-eabi-4_7-2012q4/bin/../lib/gcc/arm-none-eabi/4.7.3/../../../../arm-none-eabi/lib/armv7e-m/softfp/libg.a(lib_a-readr.o)
                0x08013640                _read_r
 .text._realloc_r
                0x08013668      0x3dc /home/aghosh01/gcc-arm-none-eabi-4_7-2012q4/bin/../lib/gcc/arm-none-eabi/4.7.3/../../../../arm-none-eabi/lib/armv7e-m/softfp/libg.a(lib_a-reallocr.o)
                0x08013668                _realloc_r
 .text.__swbuf_r
                0x08013a44       0xbc /home/aghosh01/gcc-arm-none-eabi-4_7-2012q4/bin/../lib/gcc/arm-none-eabi/4.7.3/../../../../arm-none-eabi/lib/armv7e-m/softfp/libg.a(lib_a-wbuf.o)
                0x08013a44                __swbuf_r
 .text._wcrtomb_r
                0x08013b00       0x50 /home/aghosh01/gcc-arm-none-eabi-4_7-2012q4/bin/../lib/gcc/arm-none-eabi/4.7.3/../../../../arm-none-eabi/lib/armv7e-m/softfp/libg.a(lib_a-wcrtomb.o)
                0x08013b00                _wcrtomb_r
 .text.__ascii_wctomb
                0x08013b50       0x1c /home/aghosh01/gcc-arm-none-eabi-4_7-2012q4/bin/../lib/gcc/arm-none-eabi/4.7.3/../../../../arm-none-eabi/lib/armv7e-m/softfp/libg.a(lib_a-wctomb_r.o)
                0x08013b50                __ascii_wctomb
 *(.rodata)
 .rodata        0x08013b6c       0x50 ./src/main.o
 .rodata        0x08013bbc       0x24 ./src/newlib_stubs.o
 *(.rodata*)
 .rodata.str1.4
                0x08013be0        0x4 /home/aghosh01/gcc-arm-none-eabi-4_7-2012q4/bin/../lib/gcc/arm-none-eabi/4.7.3/../../../../arm-none-eabi/lib/armv7e-m/softfp/libm.a(lib_a-w_pow.o)
 .rodata.str1.4
                0x08013be4        0x5 /home/aghosh01/gcc-arm-none-eabi-4_7-2012q4/bin/../lib/gcc/arm-none-eabi/4.7.3/../../../../arm-none-eabi/lib/armv7e-m/softfp/libm.a(lib_a-w_sqrt.o)
                                  0x8 (size before relaxing)
 *fill*         0x08013be9        0x7 00
 .rodata.dp_h   0x08013bf0       0x10 /home/aghosh01/gcc-arm-none-eabi-4_7-2012q4/bin/../lib/gcc/arm-none-eabi/4.7.3/../../../../arm-none-eabi/lib/armv7e-m/softfp/libm.a(lib_a-e_pow.o)
 .rodata.dp_l   0x08013c00       0x10 /home/aghosh01/gcc-arm-none-eabi-4_7-2012q4/bin/../lib/gcc/arm-none-eabi/4.7.3/../../../../arm-none-eabi/lib/armv7e-m/softfp/libm.a(lib_a-e_pow.o)
 .rodata.bp     0x08013c10       0x10 /home/aghosh01/gcc-arm-none-eabi-4_7-2012q4/bin/../lib/gcc/arm-none-eabi/4.7.3/../../../../arm-none-eabi/lib/armv7e-m/softfp/libm.a(lib_a-e_pow.o)
 .rodata.str1.4
                0x00000000        0x5 /home/aghosh01/gcc-arm-none-eabi-4_7-2012q4/bin/../lib/gcc/arm-none-eabi/4.7.3/../../../../arm-none-eabi/lib/armv7e-m/softfp/libm.a(lib_a-e_pow.o)
                                  0x4 (size before relaxing)
 .rodata.TWO52  0x08013c20       0x10 /home/aghosh01/gcc-arm-none-eabi-4_7-2012q4/bin/../lib/gcc/arm-none-eabi/4.7.3/../../../../arm-none-eabi/lib/armv7e-m/softfp/libm.a(lib_a-s_rint.o)
 .rodata.str1.4
                0x08013c30        0x2 /home/aghosh01/gcc-arm-none-eabi-4_7-2012q4/bin/../lib/gcc/arm-none-eabi/4.7.3/../../../../arm-none-eabi/lib/armv7e-m/softfp/libg.a(lib_a-impure.o)
                                  0x4 (size before relaxing)
 *fill*         0x08013c32        0x2 00
 .rodata._global_impure_ptr
                0x08013c34        0x4 /home/aghosh01/gcc-arm-none-eabi-4_7-2012q4/bin/../lib/gcc/arm-none-eabi/4.7.3/../../../../arm-none-eabi/lib/armv7e-m/softfp/libg.a(lib_a-impure.o)
                0x08013c34                _global_impure_ptr
 .rodata.blanks.6735
                0x08013c38       0x10 /home/aghosh01/gcc-arm-none-eabi-4_7-2012q4/bin/../lib/gcc/arm-none-eabi/4.7.3/../../../../arm-none-eabi/lib/armv7e-m/softfp/libg.a(lib_a-vfprintf.o)
 .rodata.str1.4
                0x08013c48       0x42 /home/aghosh01/gcc-arm-none-eabi-4_7-2012q4/bin/../lib/gcc/arm-none-eabi/4.7.3/../../../../arm-none-eabi/lib/armv7e-m/softfp/libg.a(lib_a-vfprintf.o)
                                 0x44 (size before relaxing)
 *fill*         0x08013c8a        0x2 00
 .rodata.zeroes.6736
                0x08013c8c       0x10 /home/aghosh01/gcc-arm-none-eabi-4_7-2012q4/bin/../lib/gcc/arm-none-eabi/4.7.3/../../../../arm-none-eabi/lib/armv7e-m/softfp/libg.a(lib_a-vfprintf.o)
 .rodata.str1.4
                0x08013c9c       0x10 /home/aghosh01/gcc-arm-none-eabi-4_7-2012q4/bin/../lib/gcc/arm-none-eabi/4.7.3/../../../../arm-none-eabi/lib/armv7e-m/softfp/libg.a(lib_a-dtoa.o)
                                 0x14 (size before relaxing)
 .rodata.str1.4
                0x08013cac        0xc /home/aghosh01/gcc-arm-none-eabi-4_7-2012q4/bin/../lib/gcc/arm-none-eabi/4.7.3/../../../../arm-none-eabi/lib/armv7e-m/softfp/libg.a(lib_a-locale.o)
                                 0x14 (size before relaxing)
 .rodata.p05.5242
                0x08013cb8        0xc /home/aghosh01/gcc-arm-none-eabi-4_7-2012q4/bin/../lib/gcc/arm-none-eabi/4.7.3/../../../../arm-none-eabi/lib/armv7e-m/softfp/libg.a(lib_a-mprec.o)
 *fill*         0x08013cc4        0x4 00
 .rodata.__mprec_tens
                0x08013cc8       0xc8 /home/aghosh01/gcc-arm-none-eabi-4_7-2012q4/bin/../lib/gcc/arm-none-eabi/4.7.3/../../../../arm-none-eabi/lib/armv7e-m/softfp/libg.a(lib_a-mprec.o)
                0x08013cc8                __mprec_tens
 .rodata.__mprec_bigtens
                0x08013d90       0x28 /home/aghosh01/gcc-arm-none-eabi-4_7-2012q4/bin/../lib/gcc/arm-none-eabi/4.7.3/../../../../arm-none-eabi/lib/armv7e-m/softfp/libg.a(lib_a-mprec.o)
                0x08013d90                __mprec_bigtens
 *(.glue_7)
 .glue_7        0x00000000        0x0 linker stubs
 *(.glue_7t)
 .glue_7t       0x00000000        0x0 linker stubs
 *(.eh_frame)
 .eh_frame      0x08013db8        0x0 /home/aghosh01/gcc-arm-none-eabi-4_7-2012q4/bin/../lib/gcc/arm-none-eabi/4.7.3/armv7e-m/softfp/crtbegin.o
 *(.init)
 .init          0x08013db8        0x4 /home/aghosh01/gcc-arm-none-eabi-4_7-2012q4/bin/../lib/gcc/arm-none-eabi/4.7.3/armv7e-m/softfp/crti.o
                0x08013db8                _init
 .init          0x08013dbc        0x8 /home/aghosh01/gcc-arm-none-eabi-4_7-2012q4/bin/../lib/gcc/arm-none-eabi/4.7.3/armv7e-m/softfp/crtn.o
 *(.fini)
 .fini          0x08013dc4        0x4 /home/aghosh01/gcc-arm-none-eabi-4_7-2012q4/bin/../lib/gcc/arm-none-eabi/4.7.3/armv7e-m/softfp/crti.o
                0x08013dc4                _fini
 .fini          0x08013dc8        0x8 /home/aghosh01/gcc-arm-none-eabi-4_7-2012q4/bin/../lib/gcc/arm-none-eabi/4.7.3/armv7e-m/softfp/crtn.o
                0x08013dd0                . = ALIGN (0x4)
                0x08013dd0                _etext = .

.vfp11_veneer   0x08013dd0        0x0
 .vfp11_veneer  0x00000000        0x0 linker stubs

.v4_bx          0x08013dd0        0x0
 .v4_bx         0x00000000        0x0 linker stubs

.iplt           0x08013dd0        0x0
 .iplt          0x00000000        0x0 /home/aghosh01/gcc-arm-none-eabi-4_7-2012q4/bin/../lib/gcc/arm-none-eabi/4.7.3/armv7e-m/softfp/crtbegin.o

.ARM.extab
 *(.ARM.extab* .gnu.linkonce.armextab.*)

.ARM            0x08013dd0        0x8
                0x08013dd0                __exidx_start = .
 *(.ARM.exidx*)
 .ARM.exidx     0x08013dd0        0x8 /home/aghosh01/gcc-arm-none-eabi-4_7-2012q4/bin/../lib/gcc/arm-none-eabi/4.7.3/armv7e-m/softfp/libgcc.a(_divdi3.o)
 .ARM.exidx     0x08013dd8        0x0 /home/aghosh01/gcc-arm-none-eabi-4_7-2012q4/bin/../lib/gcc/arm-none-eabi/4.7.3/armv7e-m/softfp/libgcc.a(_udivdi3.o)
                                  0x8 (size before relaxing)
                0x08013dd8                __exidx_end = .

.rel.dyn        0x08013dd8        0x0
 .rel.iplt      0x00000000        0x0 /home/aghosh01/gcc-arm-none-eabi-4_7-2012q4/bin/../lib/gcc/arm-none-eabi/4.7.3/armv7e-m/softfp/crtbegin.o

.preinit_array  0x08013dd8        0x0
                0x08013dd8                PROVIDE (__preinit_array_start, .)
 *(.preinit_array*)
                0x08013dd8                PROVIDE (__preinit_array_end, .)

.init_array     0x08013dd8        0x8
                0x08013dd8                PROVIDE (__init_array_start, .)
 *(SORT(.init_array.*))
 .init_array.00000
                0x08013dd8        0x4 /home/aghosh01/gcc-arm-none-eabi-4_7-2012q4/bin/../lib/gcc/arm-none-eabi/4.7.3/../../../../arm-none-eabi/lib/armv7e-m/softfp/libg.a(lib_a-__call_atexit.o)
 *(.init_array*)
 .init_array    0x08013ddc        0x4 /home/aghosh01/gcc-arm-none-eabi-4_7-2012q4/bin/../lib/gcc/arm-none-eabi/4.7.3/armv7e-m/softfp/crtbegin.o
                0x08013de0                PROVIDE (__init_array_end, .)

.fini_array     0x08013de0        0x4
                0x08013de0                PROVIDE (__fini_array_start, .)
 *(SORT(.fini_array.*))
 *(.fini_array*)
 .fini_array    0x08013de0        0x4 /home/aghosh01/gcc-arm-none-eabi-4_7-2012q4/bin/../lib/gcc/arm-none-eabi/4.7.3/armv7e-m/softfp/crtbegin.o
                0x08013de4                PROVIDE (__fini_array_end, .)
                0x08013de8                _sidata = LOADADDR (.data)

.data           0x20000000      0x904 load address 0x08013de8
                0x20000000                . = ALIGN (0x4)
                0x20000000                _sdata = .
 *(.data)
 .data          0x20000000       0x1c ./src/main.o
                0x20000000                led_matrix
 .data          0x2000001c       0x2c ./src/stm32f30x_rcc.o
 .data          0x20000048        0x4 ./src/stm32f3_discovery_l3gd20.o
                0x20000048                L3GD20Timeout
 .data          0x2000004c       0x14 ./src/system_stm32f30x.o
                0x2000004c                SystemCoreClock
                0x20000050                AHBPrescTable
 *(.data*)
 .data.__fdlib_version
                0x20000060        0x1 /home/aghosh01/gcc-arm-none-eabi-4_7-2012q4/bin/../lib/gcc/arm-none-eabi/4.7.3/../../../../arm-none-eabi/lib/armv7e-m/softfp/libm.a(lib_a-s_lib_ver.o)
                0x20000060                __fdlib_version
 *fill*         0x20000061        0x7 00
 .data.impure_data
                0x20000068      0x428 /home/aghosh01/gcc-arm-none-eabi-4_7-2012q4/bin/../lib/gcc/arm-none-eabi/4.7.3/../../../../arm-none-eabi/lib/armv7e-m/softfp/libg.a(lib_a-impure.o)
 .data._impure_ptr
                0x20000490        0x4 /home/aghosh01/gcc-arm-none-eabi-4_7-2012q4/bin/../lib/gcc/arm-none-eabi/4.7.3/../../../../arm-none-eabi/lib/armv7e-m/softfp/libg.a(lib_a-impure.o)
                0x20000490                _impure_ptr
 .data.lconv    0x20000494       0x38 /home/aghosh01/gcc-arm-none-eabi-4_7-2012q4/bin/../lib/gcc/arm-none-eabi/4.7.3/../../../../arm-none-eabi/lib/armv7e-m/softfp/libg.a(lib_a-locale.o)
 .data.lc_ctype_charset
                0x200004cc       0x20 /home/aghosh01/gcc-arm-none-eabi-4_7-2012q4/bin/../lib/gcc/arm-none-eabi/4.7.3/../../../../arm-none-eabi/lib/armv7e-m/softfp/libg.a(lib_a-locale.o)
 .data.__mb_cur_max
                0x200004ec        0x4 /home/aghosh01/gcc-arm-none-eabi-4_7-2012q4/bin/../lib/gcc/arm-none-eabi/4.7.3/../../../../arm-none-eabi/lib/armv7e-m/softfp/libg.a(lib_a-locale.o)
                0x200004ec                __mb_cur_max
 .data.__malloc_av_
                0x200004f0      0x408 /home/aghosh01/gcc-arm-none-eabi-4_7-2012q4/bin/../lib/gcc/arm-none-eabi/4.7.3/../../../../arm-none-eabi/lib/armv7e-m/softfp/libg.a(lib_a-mallocr.o)
                0x200004f0                __malloc_av_
 .data.__malloc_trim_threshold
                0x200008f8        0x4 /home/aghosh01/gcc-arm-none-eabi-4_7-2012q4/bin/../lib/gcc/arm-none-eabi/4.7.3/../../../../arm-none-eabi/lib/armv7e-m/softfp/libg.a(lib_a-mallocr.o)
                0x200008f8                __malloc_trim_threshold
 .data.__malloc_sbrk_base
                0x200008fc        0x4 /home/aghosh01/gcc-arm-none-eabi-4_7-2012q4/bin/../lib/gcc/arm-none-eabi/4.7.3/../../../../arm-none-eabi/lib/armv7e-m/softfp/libg.a(lib_a-mallocr.o)
                0x200008fc                __malloc_sbrk_base
 .data.__wctomb
                0x20000900        0x4 /home/aghosh01/gcc-arm-none-eabi-4_7-2012q4/bin/../lib/gcc/arm-none-eabi/4.7.3/../../../../arm-none-eabi/lib/armv7e-m/softfp/libg.a(lib_a-wctomb_r.o)
                0x20000900                __wctomb
                0x20000904                . = ALIGN (0x4)
                0x20000904                _edata = .
                0x080146ec                _siccmram = LOADADDR (.ccmram)

.jcr            0x20000904        0x0 load address 0x080146ec
 .jcr           0x20000904        0x0 /home/aghosh01/gcc-arm-none-eabi-4_7-2012q4/bin/../lib/gcc/arm-none-eabi/4.7.3/armv7e-m/softfp/crtbegin.o

.igot.plt       0x20000904        0x0 load address 0x080146ec
 .igot.plt      0x00000000        0x0 /home/aghosh01/gcc-arm-none-eabi-4_7-2012q4/bin/../lib/gcc/arm-none-eabi/4.7.3/armv7e-m/softfp/crtbegin.o

.ccmram         0x10000000        0x0 load address 0x080146ec
                0x10000000                . = ALIGN (0x4)
                0x10000000                _sccmram = .
 *(.ccmram)
 *(.ccmram*)
                0x10000000                . = ALIGN (0x4)
                0x10000000                _eccmram = .
                0x10000000                . = ALIGN (0x4)

.bss            0x20000904      0x118
                0x20000904                _sbss = .
                0x20000904                __bss_start__ = _sbss
 *(.bss)
 .bss           0x20000904       0x1c /home/aghosh01/gcc-arm-none-eabi-4_7-2012q4/bin/../lib/gcc/arm-none-eabi/4.7.3/armv7e-m/softfp/crtbegin.o
 .bss           0x20000920       0xbc ./src/main.o
                0x20000920                led_iter
                0x20000924                left_enc
                0x2000094c                right_enc
                0x20000974                gyro_angle_x
                0x20000978                gyro_bias_x
                0x2000097c                adcval
                0x20000980                adcData
                0x20000988                new_data
                0x2000098c                adc2_data
                0x2000099c                adc2_new_data
                0x2000099d                adc3_awd1
                0x2000099e                adc3_awd2
                0x200009a0                count
                0x200009a4                stage
                0x200009a8                drive_cmd
                0x200009ac                err
                0x200009b0                last_err
                0x200009b4                diff_err
                0x200009b8                rt
                0x200009bc                d_front
                0x200009c0                integral
                0x200009c4                left
                0x200009c8                right
                0x200009cc                state
                0x200009d0                match_time_counter
                0x200009d4                t_firefight_start
                0x200009d8                leds_on
 .bss           0x200009dc        0x8 ./src/newlib_stubs.o
                0x200009dc                __env
 *(.bss*)
 .bss.__malloc_max_total_mem
                0x200009e4        0x4 /home/aghosh01/gcc-arm-none-eabi-4_7-2012q4/bin/../lib/gcc/arm-none-eabi/4.7.3/../../../../arm-none-eabi/lib/armv7e-m/softfp/libg.a(lib_a-mallocr.o)
                0x200009e4                __malloc_max_total_mem
 .bss.__malloc_max_sbrked_mem
                0x200009e8        0x4 /home/aghosh01/gcc-arm-none-eabi-4_7-2012q4/bin/../lib/gcc/arm-none-eabi/4.7.3/../../../../arm-none-eabi/lib/armv7e-m/softfp/libg.a(lib_a-mallocr.o)
                0x200009e8                __malloc_max_sbrked_mem
 .bss.__malloc_top_pad
                0x200009ec        0x4 /home/aghosh01/gcc-arm-none-eabi-4_7-2012q4/bin/../lib/gcc/arm-none-eabi/4.7.3/../../../../arm-none-eabi/lib/armv7e-m/softfp/libg.a(lib_a-mallocr.o)
                0x200009ec                __malloc_top_pad
 .bss.__malloc_current_mallinfo
                0x200009f0       0x28 /home/aghosh01/gcc-arm-none-eabi-4_7-2012q4/bin/../lib/gcc/arm-none-eabi/4.7.3/../../../../arm-none-eabi/lib/armv7e-m/softfp/libg.a(lib_a-mallocr.o)
                0x200009f0                __malloc_current_mallinfo
 *(COMMON)
 COMMON         0x20000a18        0x4 /home/aghosh01/gcc-arm-none-eabi-4_7-2012q4/bin/../lib/gcc/arm-none-eabi/4.7.3/../../../../arm-none-eabi/lib/armv7e-m/softfp/libg.a(lib_a-reent.o)
                0x20000a18                errno
                0x20000a1c                . = ALIGN (0x4)
                0x20000a1c                _ebss = .
                0x20000a1c                __bss_end__ = _ebss

._user_heap_stack
                0x20000a1c      0x200
                0x20000a1c                . = ALIGN (0x4)
                0x20000a1c                PROVIDE (end, .)
                0x20000a1c                PROVIDE (_end, .)
                0x20000a1c                . = (. + _Min_Heap_Size)
                0x20000c1c                . = (. + _Min_Stack_Size)
 *fill*         0x20000a1c      0x200 00
                0x20000c1c                . = ALIGN (0x4)

.memory_b1_text
 *(.mb1text)
 *(.mb1text*)
 *(.mb1rodata)
 *(.mb1rodata*)

/DISCARD/
 libc.a(*)
 libm.a(*)
 libgcc.a(*)

.ARM.attributes
                0x00000000       0x30
 *(.ARM.attributes)
 .ARM.attributes
                0x00000000       0x24 /home/aghosh01/gcc-arm-none-eabi-4_7-2012q4/bin/../lib/gcc/arm-none-eabi/4.7.3/armv7e-m/softfp/crti.o
 .ARM.attributes
                0x00000024       0x34 /home/aghosh01/gcc-arm-none-eabi-4_7-2012q4/bin/../lib/gcc/arm-none-eabi/4.7.3/armv7e-m/softfp/crtbegin.o
 .ARM.attributes
                0x00000058       0x39 ./src/debug.o
 .ARM.attributes
                0x00000091       0x39 ./src/encoder.o
 .ARM.attributes
                0x000000ca       0x39 ./src/interrupt_defs.o
 .ARM.attributes
                0x00000103       0x39 ./src/main.o
 .ARM.attributes
                0x0000013c       0x39 ./src/newlib_stubs.o
 .ARM.attributes
                0x00000175       0x39 ./src/pwm.o
 .ARM.attributes
                0x000001ae       0x21 ./src/startup_stm32f30x.o
 .ARM.attributes
                0x000001cf       0x39 ./src/stm32f30x_adc.o
 .ARM.attributes
                0x00000208       0x39 ./src/stm32f30x_comp.o
 .ARM.attributes
                0x00000241       0x39 ./src/stm32f30x_dma.o
 .ARM.attributes
                0x0000027a       0x39 ./src/stm32f30x_exti.o
 .ARM.attributes
                0x000002b3       0x39 ./src/stm32f30x_gpio.o
 .ARM.attributes
                0x000002ec       0x39 ./src/stm32f30x_misc.o
 .ARM.attributes
                0x00000325       0x39 ./src/stm32f30x_rcc.o
 .ARM.attributes
                0x0000035e       0x39 ./src/stm32f30x_spi.o
 .ARM.attributes
                0x00000397       0x39 ./src/stm32f30x_syscfg.o
 .ARM.attributes
                0x000003d0       0x39 ./src/stm32f30x_tim.o
 .ARM.attributes
                0x00000409       0x39 ./src/stm32f30x_usart.o
 .ARM.attributes
                0x00000442       0x39 ./src/stm32f3_discovery_l3gd20.o
 .ARM.attributes
                0x0000047b       0x39 ./src/system_stm32f30x.o
 .ARM.attributes
                0x000004b4       0x34 /home/aghosh01/gcc-arm-none-eabi-4_7-2012q4/bin/../lib/gcc/arm-none-eabi/4.7.3/../../../../arm-none-eabi/lib/armv7e-m/softfp/libm.a(lib_a-w_pow.o)
 .ARM.attributes
                0x000004e8       0x34 /home/aghosh01/gcc-arm-none-eabi-4_7-2012q4/bin/../lib/gcc/arm-none-eabi/4.7.3/../../../../arm-none-eabi/lib/armv7e-m/softfp/libm.a(lib_a-w_sqrt.o)
 .ARM.attributes
                0x0000051c       0x34 /home/aghosh01/gcc-arm-none-eabi-4_7-2012q4/bin/../lib/gcc/arm-none-eabi/4.7.3/../../../../arm-none-eabi/lib/armv7e-m/softfp/libm.a(lib_a-e_pow.o)
 .ARM.attributes
                0x00000550       0x34 /home/aghosh01/gcc-arm-none-eabi-4_7-2012q4/bin/../lib/gcc/arm-none-eabi/4.7.3/../../../../arm-none-eabi/lib/armv7e-m/softfp/libm.a(lib_a-e_sqrt.o)
 .ARM.attributes
                0x00000584       0x34 /home/aghosh01/gcc-arm-none-eabi-4_7-2012q4/bin/../lib/gcc/arm-none-eabi/4.7.3/../../../../arm-none-eabi/lib/armv7e-m/softfp/libm.a(lib_a-s_fabs.o)
 .ARM.attributes
                0x000005b8       0x34 /home/aghosh01/gcc-arm-none-eabi-4_7-2012q4/bin/../lib/gcc/arm-none-eabi/4.7.3/../../../../arm-none-eabi/lib/armv7e-m/softfp/libm.a(lib_a-s_finite.o)
 .ARM.attributes
                0x000005ec       0x34 /home/aghosh01/gcc-arm-none-eabi-4_7-2012q4/bin/../lib/gcc/arm-none-eabi/4.7.3/../../../../arm-none-eabi/lib/armv7e-m/softfp/libm.a(lib_a-s_fpclassify.o)
 .ARM.attributes
                0x00000620       0x34 /home/aghosh01/gcc-arm-none-eabi-4_7-2012q4/bin/../lib/gcc/arm-none-eabi/4.7.3/../../../../arm-none-eabi/lib/armv7e-m/softfp/libm.a(lib_a-s_lib_ver.o)
 .ARM.attributes
                0x00000654       0x34 /home/aghosh01/gcc-arm-none-eabi-4_7-2012q4/bin/../lib/gcc/arm-none-eabi/4.7.3/../../../../arm-none-eabi/lib/armv7e-m/softfp/libm.a(lib_a-s_matherr.o)
 .ARM.attributes
                0x00000688       0x34 /home/aghosh01/gcc-arm-none-eabi-4_7-2012q4/bin/../lib/gcc/arm-none-eabi/4.7.3/../../../../arm-none-eabi/lib/armv7e-m/softfp/libm.a(lib_a-s_nan.o)
 .ARM.attributes
                0x000006bc       0x34 /home/aghosh01/gcc-arm-none-eabi-4_7-2012q4/bin/../lib/gcc/arm-none-eabi/4.7.3/../../../../arm-none-eabi/lib/armv7e-m/softfp/libm.a(lib_a-s_rint.o)
 .ARM.attributes
                0x000006f0       0x34 /home/aghosh01/gcc-arm-none-eabi-4_7-2012q4/bin/../lib/gcc/arm-none-eabi/4.7.3/../../../../arm-none-eabi/lib/armv7e-m/softfp/libm.a(lib_a-s_scalbn.o)
 .ARM.attributes
                0x00000724       0x34 /home/aghosh01/gcc-arm-none-eabi-4_7-2012q4/bin/../lib/gcc/arm-none-eabi/4.7.3/../../../../arm-none-eabi/lib/armv7e-m/softfp/libm.a(lib_a-s_copysign.o)
 .ARM.attributes
                0x00000758       0x24 /home/aghosh01/gcc-arm-none-eabi-4_7-2012q4/bin/../lib/gcc/arm-none-eabi/4.7.3/armv7e-m/softfp/libgcc.a(_arm_addsubdf3.o)
 .ARM.attributes
                0x0000077c       0x24 /home/aghosh01/gcc-arm-none-eabi-4_7-2012q4/bin/../lib/gcc/arm-none-eabi/4.7.3/armv7e-m/softfp/libgcc.a(_arm_muldivdf3.o)
 .ARM.attributes
                0x000007a0       0x24 /home/aghosh01/gcc-arm-none-eabi-4_7-2012q4/bin/../lib/gcc/arm-none-eabi/4.7.3/armv7e-m/softfp/libgcc.a(_arm_cmpdf2.o)
 .ARM.attributes
                0x000007c4       0x24 /home/aghosh01/gcc-arm-none-eabi-4_7-2012q4/bin/../lib/gcc/arm-none-eabi/4.7.3/armv7e-m/softfp/libgcc.a(_arm_fixdfsi.o)
 .ARM.attributes
                0x000007e8       0x24 /home/aghosh01/gcc-arm-none-eabi-4_7-2012q4/bin/../lib/gcc/arm-none-eabi/4.7.3/armv7e-m/softfp/libgcc.a(_arm_truncdfsf2.o)
 .ARM.attributes
                0x0000080c       0x34 /home/aghosh01/gcc-arm-none-eabi-4_7-2012q4/bin/../lib/gcc/arm-none-eabi/4.7.3/../../../../arm-none-eabi/lib/armv7e-m/softfp/libg.a(lib_a-__atexit.o)
 .ARM.attributes
                0x00000840       0x34 /home/aghosh01/gcc-arm-none-eabi-4_7-2012q4/bin/../lib/gcc/arm-none-eabi/4.7.3/../../../../arm-none-eabi/lib/armv7e-m/softfp/libg.a(lib_a-errno.o)
 .ARM.attributes
                0x00000874       0x34 /home/aghosh01/gcc-arm-none-eabi-4_7-2012q4/bin/../lib/gcc/arm-none-eabi/4.7.3/../../../../arm-none-eabi/lib/armv7e-m/softfp/libg.a(lib_a-fini.o)
 .ARM.attributes
                0x000008a8       0x34 /home/aghosh01/gcc-arm-none-eabi-4_7-2012q4/bin/../lib/gcc/arm-none-eabi/4.7.3/../../../../arm-none-eabi/lib/armv7e-m/softfp/libg.a(lib_a-impure.o)
 .ARM.attributes
                0x000008dc       0x34 /home/aghosh01/gcc-arm-none-eabi-4_7-2012q4/bin/../lib/gcc/arm-none-eabi/4.7.3/../../../../arm-none-eabi/lib/armv7e-m/softfp/libg.a(lib_a-memset.o)
 .ARM.attributes
                0x00000910       0x34 /home/aghosh01/gcc-arm-none-eabi-4_7-2012q4/bin/../lib/gcc/arm-none-eabi/4.7.3/../../../../arm-none-eabi/lib/armv7e-m/softfp/libg.a(lib_a-printf.o)
 .ARM.attributes
                0x00000944       0x34 /home/aghosh01/gcc-arm-none-eabi-4_7-2012q4/bin/../lib/gcc/arm-none-eabi/4.7.3/../../../../arm-none-eabi/lib/armv7e-m/softfp/libg.a(lib_a-reent.o)
 .ARM.attributes
                0x00000978       0x34 /home/aghosh01/gcc-arm-none-eabi-4_7-2012q4/bin/../lib/gcc/arm-none-eabi/4.7.3/../../../../arm-none-eabi/lib/armv7e-m/softfp/libg.a(lib_a-vfprintf.o)
 .ARM.attributes
                0x000009ac       0x34 /home/aghosh01/gcc-arm-none-eabi-4_7-2012q4/bin/../lib/gcc/arm-none-eabi/4.7.3/../../../../arm-none-eabi/lib/armv7e-m/softfp/libg.a(lib_a-wsetup.o)
 .ARM.attributes
                0x000009e0       0x34 /home/aghosh01/gcc-arm-none-eabi-4_7-2012q4/bin/../lib/gcc/arm-none-eabi/4.7.3/../../../../arm-none-eabi/lib/armv7e-m/softfp/libg.a(lib_a-__call_atexit.o)
 .ARM.attributes
                0x00000a14       0x34 /home/aghosh01/gcc-arm-none-eabi-4_7-2012q4/bin/../lib/gcc/arm-none-eabi/4.7.3/../../../../arm-none-eabi/lib/armv7e-m/softfp/libg.a(lib_a-atexit.o)
 .ARM.attributes
                0x00000a48       0x34 /home/aghosh01/gcc-arm-none-eabi-4_7-2012q4/bin/../lib/gcc/arm-none-eabi/4.7.3/../../../../arm-none-eabi/lib/armv7e-m/softfp/libg.a(lib_a-dtoa.o)
 .ARM.attributes
                0x00000a7c       0x34 /home/aghosh01/gcc-arm-none-eabi-4_7-2012q4/bin/../lib/gcc/arm-none-eabi/4.7.3/../../../../arm-none-eabi/lib/armv7e-m/softfp/libg.a(lib_a-fflush.o)
 .ARM.attributes
                0x00000ab0       0x34 /home/aghosh01/gcc-arm-none-eabi-4_7-2012q4/bin/../lib/gcc/arm-none-eabi/4.7.3/../../../../arm-none-eabi/lib/armv7e-m/softfp/libg.a(lib_a-findfp.o)
 .ARM.attributes
                0x00000ae4       0x34 /home/aghosh01/gcc-arm-none-eabi-4_7-2012q4/bin/../lib/gcc/arm-none-eabi/4.7.3/../../../../arm-none-eabi/lib/armv7e-m/softfp/libg.a(lib_a-freer.o)
 .ARM.attributes
                0x00000b18       0x34 /home/aghosh01/gcc-arm-none-eabi-4_7-2012q4/bin/../lib/gcc/arm-none-eabi/4.7.3/../../../../arm-none-eabi/lib/armv7e-m/softfp/libg.a(lib_a-fwalk.o)
 .ARM.attributes
                0x00000b4c       0x34 /home/aghosh01/gcc-arm-none-eabi-4_7-2012q4/bin/../lib/gcc/arm-none-eabi/4.7.3/../../../../arm-none-eabi/lib/armv7e-m/softfp/libg.a(lib_a-locale.o)
 .ARM.attributes
                0x00000b80       0x34 /home/aghosh01/gcc-arm-none-eabi-4_7-2012q4/bin/../lib/gcc/arm-none-eabi/4.7.3/../../../../arm-none-eabi/lib/armv7e-m/softfp/libg.a(lib_a-makebuf.o)
 .ARM.attributes
                0x00000bb4       0x34 /home/aghosh01/gcc-arm-none-eabi-4_7-2012q4/bin/../lib/gcc/arm-none-eabi/4.7.3/../../../../arm-none-eabi/lib/armv7e-m/softfp/libg.a(lib_a-mallocr.o)
 .ARM.attributes
                0x00000be8       0x34 /home/aghosh01/gcc-arm-none-eabi-4_7-2012q4/bin/../lib/gcc/arm-none-eabi/4.7.3/../../../../arm-none-eabi/lib/armv7e-m/softfp/libg.a(lib_a-memchr.o)
 .ARM.attributes
                0x00000c1c       0x34 /home/aghosh01/gcc-arm-none-eabi-4_7-2012q4/bin/../lib/gcc/arm-none-eabi/4.7.3/../../../../arm-none-eabi/lib/armv7e-m/softfp/libg.a(lib_a-memcpy.o)
 .ARM.attributes
                0x00000c50       0x34 /home/aghosh01/gcc-arm-none-eabi-4_7-2012q4/bin/../lib/gcc/arm-none-eabi/4.7.3/../../../../arm-none-eabi/lib/armv7e-m/softfp/libg.a(lib_a-mlock.o)
 .ARM.attributes
                0x00000c84       0x34 /home/aghosh01/gcc-arm-none-eabi-4_7-2012q4/bin/../lib/gcc/arm-none-eabi/4.7.3/../../../../arm-none-eabi/lib/armv7e-m/softfp/libg.a(lib_a-mprec.o)
 .ARM.attributes
                0x00000cb8       0x34 /home/aghosh01/gcc-arm-none-eabi-4_7-2012q4/bin/../lib/gcc/arm-none-eabi/4.7.3/../../../../arm-none-eabi/lib/armv7e-m/softfp/libg.a(lib_a-sbrkr.o)
 .ARM.attributes
                0x00000cec       0x34 /home/aghosh01/gcc-arm-none-eabi-4_7-2012q4/bin/../lib/gcc/arm-none-eabi/4.7.3/../../../../arm-none-eabi/lib/armv7e-m/softfp/libg.a(lib_a-stdio.o)
 .ARM.attributes
                0x00000d20       0x34 /home/aghosh01/gcc-arm-none-eabi-4_7-2012q4/bin/../lib/gcc/arm-none-eabi/4.7.3/../../../../arm-none-eabi/lib/armv7e-m/softfp/libg.a(lib_a-strlen.o)
 .ARM.attributes
                0x00000d54       0x34 /home/aghosh01/gcc-arm-none-eabi-4_7-2012q4/bin/../lib/gcc/arm-none-eabi/4.7.3/../../../../arm-none-eabi/lib/armv7e-m/softfp/libg.a(lib_a-vfiprintf.o)
 .ARM.attributes
                0x00000d88       0x34 /home/aghosh01/gcc-arm-none-eabi-4_7-2012q4/bin/../lib/gcc/arm-none-eabi/4.7.3/../../../../arm-none-eabi/lib/armv7e-m/softfp/libg.a(lib_a-writer.o)
 .ARM.attributes
                0x00000dbc       0x34 /home/aghosh01/gcc-arm-none-eabi-4_7-2012q4/bin/../lib/gcc/arm-none-eabi/4.7.3/../../../../arm-none-eabi/lib/armv7e-m/softfp/libg.a(lib_a-callocr.o)
 .ARM.attributes
                0x00000df0       0x34 /home/aghosh01/gcc-arm-none-eabi-4_7-2012q4/bin/../lib/gcc/arm-none-eabi/4.7.3/../../../../arm-none-eabi/lib/armv7e-m/softfp/libg.a(lib_a-closer.o)
 .ARM.attributes
                0x00000e24       0x34 /home/aghosh01/gcc-arm-none-eabi-4_7-2012q4/bin/../lib/gcc/arm-none-eabi/4.7.3/../../../../arm-none-eabi/lib/armv7e-m/softfp/libg.a(lib_a-fclose.o)
 .ARM.attributes
                0x00000e58       0x34 /home/aghosh01/gcc-arm-none-eabi-4_7-2012q4/bin/../lib/gcc/arm-none-eabi/4.7.3/../../../../arm-none-eabi/lib/armv7e-m/softfp/libg.a(lib_a-fputwc.o)
 .ARM.attributes
                0x00000e8c       0x34 /home/aghosh01/gcc-arm-none-eabi-4_7-2012q4/bin/../lib/gcc/arm-none-eabi/4.7.3/../../../../arm-none-eabi/lib/armv7e-m/softfp/libg.a(lib_a-fstatr.o)
 .ARM.attributes
                0x00000ec0       0x34 /home/aghosh01/gcc-arm-none-eabi-4_7-2012q4/bin/../lib/gcc/arm-none-eabi/4.7.3/../../../../arm-none-eabi/lib/armv7e-m/softfp/libg.a(lib_a-fvwrite.o)
 .ARM.attributes
                0x00000ef4       0x34 /home/aghosh01/gcc-arm-none-eabi-4_7-2012q4/bin/../lib/gcc/arm-none-eabi/4.7.3/../../../../arm-none-eabi/lib/armv7e-m/softfp/libg.a(lib_a-isattyr.o)
 .ARM.attributes
                0x00000f28       0x34 /home/aghosh01/gcc-arm-none-eabi-4_7-2012q4/bin/../lib/gcc/arm-none-eabi/4.7.3/../../../../arm-none-eabi/lib/armv7e-m/softfp/libg.a(lib_a-lseekr.o)
 .ARM.attributes
                0x00000f5c       0x34 /home/aghosh01/gcc-arm-none-eabi-4_7-2012q4/bin/../lib/gcc/arm-none-eabi/4.7.3/../../../../arm-none-eabi/lib/armv7e-m/softfp/libg.a(lib_a-memmove.o)
 .ARM.attributes
                0x00000f90       0x34 /home/aghosh01/gcc-arm-none-eabi-4_7-2012q4/bin/../lib/gcc/arm-none-eabi/4.7.3/../../../../arm-none-eabi/lib/armv7e-m/softfp/libg.a(lib_a-readr.o)
 .ARM.attributes
                0x00000fc4       0x34 /home/aghosh01/gcc-arm-none-eabi-4_7-2012q4/bin/../lib/gcc/arm-none-eabi/4.7.3/../../../../arm-none-eabi/lib/armv7e-m/softfp/libg.a(lib_a-reallocr.o)
 .ARM.attributes
                0x00000ff8       0x34 /home/aghosh01/gcc-arm-none-eabi-4_7-2012q4/bin/../lib/gcc/arm-none-eabi/4.7.3/../../../../arm-none-eabi/lib/armv7e-m/softfp/libg.a(lib_a-wbuf.o)
 .ARM.attributes
                0x0000102c       0x34 /home/aghosh01/gcc-arm-none-eabi-4_7-2012q4/bin/../lib/gcc/arm-none-eabi/4.7.3/../../../../arm-none-eabi/lib/armv7e-m/softfp/libg.a(lib_a-wcrtomb.o)
 .ARM.attributes
                0x00001060       0x34 /home/aghosh01/gcc-arm-none-eabi-4_7-2012q4/bin/../lib/gcc/arm-none-eabi/4.7.3/../../../../arm-none-eabi/lib/armv7e-m/softfp/libg.a(lib_a-wctomb_r.o)
 .ARM.attributes
                0x00001094       0x24 /home/aghosh01/gcc-arm-none-eabi-4_7-2012q4/bin/../lib/gcc/arm-none-eabi/4.7.3/armv7e-m/softfp/libgcc.a(_aeabi_uldivmod.o)
 .ARM.attributes
                0x000010b8       0x34 /home/aghosh01/gcc-arm-none-eabi-4_7-2012q4/bin/../lib/gcc/arm-none-eabi/4.7.3/armv7e-m/softfp/libgcc.a(bpabi.o)
 .ARM.attributes
                0x000010ec       0x24 /home/aghosh01/gcc-arm-none-eabi-4_7-2012q4/bin/../lib/gcc/arm-none-eabi/4.7.3/armv7e-m/softfp/libgcc.a(_dvmd_tls.o)
 .ARM.attributes
                0x00001110       0x34 /home/aghosh01/gcc-arm-none-eabi-4_7-2012q4/bin/../lib/gcc/arm-none-eabi/4.7.3/armv7e-m/softfp/libgcc.a(_divdi3.o)
 .ARM.attributes
                0x00001144       0x34 /home/aghosh01/gcc-arm-none-eabi-4_7-2012q4/bin/../lib/gcc/arm-none-eabi/4.7.3/armv7e-m/softfp/libgcc.a(_udivdi3.o)
 .ARM.attributes
                0x00001178       0x24 /home/aghosh01/gcc-arm-none-eabi-4_7-2012q4/bin/../lib/gcc/arm-none-eabi/4.7.3/armv7e-m/softfp/crtn.o
OUTPUT(STM32F3x.elf elf32-littlearm)

.debug_info     0x00000000     0xd0ff
 .debug_info    0x00000000      0x9bc ./src/debug.o
 .debug_info    0x000009bc      0x954 ./src/encoder.o
 .debug_info    0x00001310      0xe59 ./src/interrupt_defs.o
 .debug_info    0x00002169     0x14c2 ./src/main.o
 .debug_info    0x0000362b      0x866 ./src/newlib_stubs.o
 .debug_info    0x00003e91      0x8f8 ./src/pwm.o
 .debug_info    0x00004789       0x6d ./src/startup_stm32f30x.o
 .debug_info    0x000047f6     0x14b5 ./src/stm32f30x_adc.o
 .debug_info    0x00005cab      0x2ee ./src/stm32f30x_comp.o
 .debug_info    0x00005f99      0x4b5 ./src/stm32f30x_dma.o
 .debug_info    0x0000644e      0x3f4 ./src/stm32f30x_exti.o
 .debug_info    0x00006842      0x63f ./src/stm32f30x_gpio.o
 .debug_info    0x00006e81      0x596 ./src/stm32f30x_misc.o
 .debug_info    0x00007417      0xb85 ./src/stm32f30x_rcc.o
 .debug_info    0x00007f9c      0xc50 ./src/stm32f30x_spi.o
 .debug_info    0x00008bec      0x3fd ./src/stm32f30x_syscfg.o
 .debug_info    0x00008fe9     0x2404 ./src/stm32f30x_tim.o
 .debug_info    0x0000b3ed      0xfe1 ./src/stm32f30x_usart.o
 .debug_info    0x0000c3ce      0x854 ./src/stm32f3_discovery_l3gd20.o
 .debug_info    0x0000cc22      0x4dd ./src/system_stm32f30x.o

.debug_abbrev   0x00000000     0x1d57
 .debug_abbrev  0x00000000      0x141 ./src/debug.o
 .debug_abbrev  0x00000141      0x17a ./src/encoder.o
 .debug_abbrev  0x000002bb      0x1dc ./src/interrupt_defs.o
 .debug_abbrev  0x00000497      0x204 ./src/main.o
 .debug_abbrev  0x0000069b      0x201 ./src/newlib_stubs.o
 .debug_abbrev  0x0000089c      0x168 ./src/pwm.o
 .debug_abbrev  0x00000a04       0x12 ./src/startup_stm32f30x.o
 .debug_abbrev  0x00000a16      0x195 ./src/stm32f30x_adc.o
 .debug_abbrev  0x00000bab      0x126 ./src/stm32f30x_comp.o
 .debug_abbrev  0x00000cd1      0x15a ./src/stm32f30x_dma.o
 .debug_abbrev  0x00000e2b      0x17f ./src/stm32f30x_exti.o
 .debug_abbrev  0x00000faa      0x199 ./src/stm32f30x_gpio.o
 .debug_abbrev  0x00001143      0x12c ./src/stm32f30x_misc.o
 .debug_abbrev  0x0000126f      0x1e8 ./src/stm32f30x_rcc.o
 .debug_abbrev  0x00001457      0x18e ./src/stm32f30x_spi.o
 .debug_abbrev  0x000015e5      0x186 ./src/stm32f30x_syscfg.o
 .debug_abbrev  0x0000176b      0x18c ./src/stm32f30x_tim.o
 .debug_abbrev  0x000018f7      0x15a ./src/stm32f30x_usart.o
 .debug_abbrev  0x00001a51      0x1bc ./src/stm32f3_discovery_l3gd20.o
 .debug_abbrev  0x00001c0d      0x14a ./src/system_stm32f30x.o

.debug_loc      0x00000000     0x5caa
 .debug_loc     0x00000000       0xa8 ./src/debug.o
 .debug_loc     0x000000a8      0x118 ./src/encoder.o
 .debug_loc     0x000001c0      0x1ca ./src/interrupt_defs.o
 .debug_loc     0x0000038a      0x318 ./src/main.o
 .debug_loc     0x000006a2      0x3a0 ./src/newlib_stubs.o
 .debug_loc     0x00000a42      0x190 ./src/pwm.o
 .debug_loc     0x00000bd2      0xdc8 ./src/stm32f30x_adc.o
 .debug_loc     0x0000199a      0x1c0 ./src/stm32f30x_comp.o
 .debug_loc     0x00001b5a      0x268 ./src/stm32f30x_dma.o
 .debug_loc     0x00001dc2      0x1b4 ./src/stm32f30x_exti.o
 .debug_loc     0x00001f76      0x2d8 ./src/stm32f30x_gpio.o
 .debug_loc     0x0000224e      0x118 ./src/stm32f30x_misc.o
 .debug_loc     0x00002366      0x864 ./src/stm32f30x_rcc.o
 .debug_loc     0x00002bca      0x702 ./src/stm32f30x_spi.o
 .debug_loc     0x000032cc      0x2f8 ./src/stm32f30x_syscfg.o
 .debug_loc     0x000035c4     0x18f0 ./src/stm32f30x_tim.o
 .debug_loc     0x00004eb4      0xaba ./src/stm32f30x_usart.o
 .debug_loc     0x0000596e      0x2a0 ./src/stm32f3_discovery_l3gd20.o
 .debug_loc     0x00005c0e       0x9c ./src/system_stm32f30x.o

.debug_aranges  0x00000000      0x288
 .debug_aranges
                0x00000000       0x20 ./src/debug.o
 .debug_aranges
                0x00000020       0x20 ./src/encoder.o
 .debug_aranges
                0x00000040       0x20 ./src/interrupt_defs.o
 .debug_aranges
                0x00000060       0x20 ./src/main.o
 .debug_aranges
                0x00000080       0x20 ./src/newlib_stubs.o
 .debug_aranges
                0x000000a0       0x20 ./src/pwm.o
 .debug_aranges
                0x000000c0       0x28 ./src/startup_stm32f30x.o
 .debug_aranges
                0x000000e8       0x20 ./src/stm32f30x_adc.o
 .debug_aranges
                0x00000108       0x20 ./src/stm32f30x_comp.o
 .debug_aranges
                0x00000128       0x20 ./src/stm32f30x_dma.o
 .debug_aranges
                0x00000148       0x20 ./src/stm32f30x_exti.o
 .debug_aranges
                0x00000168       0x20 ./src/stm32f30x_gpio.o
 .debug_aranges
                0x00000188       0x20 ./src/stm32f30x_misc.o
 .debug_aranges
                0x000001a8       0x20 ./src/stm32f30x_rcc.o
 .debug_aranges
                0x000001c8       0x20 ./src/stm32f30x_spi.o
 .debug_aranges
                0x000001e8       0x20 ./src/stm32f30x_syscfg.o
 .debug_aranges
                0x00000208       0x20 ./src/stm32f30x_tim.o
 .debug_aranges
                0x00000228       0x20 ./src/stm32f30x_usart.o
 .debug_aranges
                0x00000248       0x20 ./src/stm32f3_discovery_l3gd20.o
 .debug_aranges
                0x00000268       0x20 ./src/system_stm32f30x.o

.debug_macro    0x00000000    0x1215f
 .debug_macro   0x00000000      0x253 ./src/debug.o
 .debug_macro   0x00000253      0x814 ./src/debug.o
 .debug_macro   0x00000a67       0x4c ./src/debug.o
 .debug_macro   0x00000ab3       0x7b ./src/debug.o
 .debug_macro   0x00000b2e       0x3b ./src/debug.o
 .debug_macro   0x00000b69      0x214 ./src/debug.o
 .debug_macro   0x00000d7d       0x18 ./src/debug.o
 .debug_macro   0x00000d95       0x42 ./src/debug.o
 .debug_macro   0x00000dd7      0xc91 ./src/debug.o
 .debug_macro   0x00001a68     0x76cc ./src/debug.o
 .debug_macro   0x00009134      0x5a6 ./src/debug.o
 .debug_macro   0x000096da      0x3c9 ./src/debug.o
 .debug_macro   0x00009aa3       0x40 ./src/debug.o
 .debug_macro   0x00009ae3      0x22b ./src/debug.o
 .debug_macro   0x00009d0e      0x190 ./src/debug.o
 .debug_macro   0x00009e9e       0x88 ./src/debug.o
 .debug_macro   0x00009f26      0x3a2 ./src/debug.o
 .debug_macro   0x0000a2c8      0x10e ./src/debug.o
 .debug_macro   0x0000a3d6      0x1de ./src/debug.o
 .debug_macro   0x0000a5b4      0x1b0 ./src/debug.o
 .debug_macro   0x0000a764      0x1d9 ./src/debug.o
 .debug_macro   0x0000a93d      0x294 ./src/debug.o
 .debug_macro   0x0000abd1       0x6a ./src/debug.o
 .debug_macro   0x0000ac3b      0x106 ./src/debug.o
 .debug_macro   0x0000ad41       0xb2 ./src/debug.o
 .debug_macro   0x0000adf3      0x5c0 ./src/debug.o
 .debug_macro   0x0000b3b3      0x54b ./src/debug.o
 .debug_macro   0x0000b8fe      0x3a5 ./src/debug.o
 .debug_macro   0x0000bca3      0x8d2 ./src/debug.o
 .debug_macro   0x0000c575      0x35e ./src/debug.o
 .debug_macro   0x0000c8d3       0x2e ./src/debug.o
 .debug_macro   0x0000c901       0x83 ./src/debug.o
 .debug_macro   0x0000c984      0x2f2 ./src/encoder.o