Archive member included because of file (symbol)

/home/aghosh01/gcc-arm-none-eabi-4_7-2012q4/bin/../lib/gcc/arm-none-eabi/4.7.3/../../../../arm-none-eabi/lib/armv7e-m/fpu/libm.a(lib_a-w_sqrt.o)
                              ./src/pwm.o (sqrt)
/home/aghosh01/gcc-arm-none-eabi-4_7-2012q4/bin/../lib/gcc/arm-none-eabi/4.7.3/../../../../arm-none-eabi/lib/armv7e-m/fpu/libm.a(lib_a-e_sqrt.o)
                              /home/aghosh01/gcc-arm-none-eabi-4_7-2012q4/bin/../lib/gcc/arm-none-eabi/4.7.3/../../../../arm-none-eabi/lib/armv7e-m/fpu/libm.a(lib_a-w_sqrt.o) (__ieee754_sqrt)
/home/aghosh01/gcc-arm-none-eabi-4_7-2012q4/bin/../lib/gcc/arm-none-eabi/4.7.3/../../../../arm-none-eabi/lib/armv7e-m/fpu/libm.a(lib_a-s_fpclassify.o)
                              /home/aghosh01/gcc-arm-none-eabi-4_7-2012q4/bin/../lib/gcc/arm-none-eabi/4.7.3/../../../../arm-none-eabi/lib/armv7e-m/fpu/libm.a(lib_a-w_sqrt.o) (__fpclassifyd)
/home/aghosh01/gcc-arm-none-eabi-4_7-2012q4/bin/../lib/gcc/arm-none-eabi/4.7.3/../../../../arm-none-eabi/lib/armv7e-m/fpu/libm.a(lib_a-s_lib_ver.o)
                              /home/aghosh01/gcc-arm-none-eabi-4_7-2012q4/bin/../lib/gcc/arm-none-eabi/4.7.3/../../../../arm-none-eabi/lib/armv7e-m/fpu/libm.a(lib_a-w_sqrt.o) (__fdlib_version)
/home/aghosh01/gcc-arm-none-eabi-4_7-2012q4/bin/../lib/gcc/arm-none-eabi/4.7.3/../../../../arm-none-eabi/lib/armv7e-m/fpu/libm.a(lib_a-s_matherr.o)
                              /home/aghosh01/gcc-arm-none-eabi-4_7-2012q4/bin/../lib/gcc/arm-none-eabi/4.7.3/../../../../arm-none-eabi/lib/armv7e-m/fpu/libm.a(lib_a-w_sqrt.o) (matherr)
/home/aghosh01/gcc-arm-none-eabi-4_7-2012q4/bin/../lib/gcc/arm-none-eabi/4.7.3/armv7e-m/fpu/libgcc.a(_arm_addsubdf3.o)
                              /home/aghosh01/gcc-arm-none-eabi-4_7-2012q4/bin/../lib/gcc/arm-none-eabi/4.7.3/../../../../arm-none-eabi/lib/armv7e-m/fpu/libm.a(lib_a-e_sqrt.o) (__aeabi_dsub)
/home/aghosh01/gcc-arm-none-eabi-4_7-2012q4/bin/../lib/gcc/arm-none-eabi/4.7.3/armv7e-m/fpu/libgcc.a(_arm_muldivdf3.o)
                              ./src/interrupt_defs.o (__aeabi_dmul)
/home/aghosh01/gcc-arm-none-eabi-4_7-2012q4/bin/../lib/gcc/arm-none-eabi/4.7.3/armv7e-m/fpu/libgcc.a(_arm_cmpdf2.o)
                              ./src/interrupt_defs.o (__aeabi_dcmplt)
/home/aghosh01/gcc-arm-none-eabi-4_7-2012q4/bin/../lib/gcc/arm-none-eabi/4.7.3/armv7e-m/fpu/libgcc.a(_arm_fixdfsi.o)
                              ./src/pwm.o (__aeabi_d2iz)
/home/aghosh01/gcc-arm-none-eabi-4_7-2012q4/bin/../lib/gcc/arm-none-eabi/4.7.3/../../../../arm-none-eabi/lib/armv7e-m/fpu/libg.a(lib_a-__atexit.o)
                              /home/aghosh01/gcc-arm-none-eabi-4_7-2012q4/bin/../lib/gcc/arm-none-eabi/4.7.3/../../../../arm-none-eabi/lib/armv7e-m/fpu/crt0.o (__register_exitproc)
/home/aghosh01/gcc-arm-none-eabi-4_7-2012q4/bin/../lib/gcc/arm-none-eabi/4.7.3/../../../../arm-none-eabi/lib/armv7e-m/fpu/libg.a(lib_a-errno.o)
                              /home/aghosh01/gcc-arm-none-eabi-4_7-2012q4/bin/../lib/gcc/arm-none-eabi/4.7.3/../../../../arm-none-eabi/lib/armv7e-m/fpu/libm.a(lib_a-w_sqrt.o) (__errno)
/home/aghosh01/gcc-arm-none-eabi-4_7-2012q4/bin/../lib/gcc/arm-none-eabi/4.7.3/../../../../arm-none-eabi/lib/armv7e-m/fpu/libg.a(lib_a-exit.o)
                              /home/aghosh01/gcc-arm-none-eabi-4_7-2012q4/bin/../lib/gcc/arm-none-eabi/4.7.3/../../../../arm-none-eabi/lib/armv7e-m/fpu/crt0.o (exit)
/home/aghosh01/gcc-arm-none-eabi-4_7-2012q4/bin/../lib/gcc/arm-none-eabi/4.7.3/../../../../arm-none-eabi/lib/armv7e-m/fpu/libg.a(lib_a-fini.o)
                              /home/aghosh01/gcc-arm-none-eabi-4_7-2012q4/bin/../lib/gcc/arm-none-eabi/4.7.3/../../../../arm-none-eabi/lib/armv7e-m/fpu/crt0.o (__libc_fini_array)
/home/aghosh01/gcc-arm-none-eabi-4_7-2012q4/bin/../lib/gcc/arm-none-eabi/4.7.3/../../../../arm-none-eabi/lib/armv7e-m/fpu/libg.a(lib_a-impure.o)
                              /home/aghosh01/gcc-arm-none-eabi-4_7-2012q4/bin/../lib/gcc/arm-none-eabi/4.7.3/../../../../arm-none-eabi/lib/armv7e-m/fpu/libg.a(lib_a-__atexit.o) (_global_impure_ptr)
/home/aghosh01/gcc-arm-none-eabi-4_7-2012q4/bin/../lib/gcc/arm-none-eabi/4.7.3/../../../../arm-none-eabi/lib/armv7e-m/fpu/libg.a(lib_a-init.o)
                              /home/aghosh01/gcc-arm-none-eabi-4_7-2012q4/bin/../lib/gcc/arm-none-eabi/4.7.3/../../../../arm-none-eabi/lib/armv7e-m/fpu/crt0.o (__libc_init_array)
/home/aghosh01/gcc-arm-none-eabi-4_7-2012q4/bin/../lib/gcc/arm-none-eabi/4.7.3/../../../../arm-none-eabi/lib/armv7e-m/fpu/libg.a(lib_a-memset.o)
                              /home/aghosh01/gcc-arm-none-eabi-4_7-2012q4/bin/../lib/gcc/arm-none-eabi/4.7.3/../../../../arm-none-eabi/lib/armv7e-m/fpu/crt0.o (memset)
/home/aghosh01/gcc-arm-none-eabi-4_7-2012q4/bin/../lib/gcc/arm-none-eabi/4.7.3/../../../../arm-none-eabi/lib/armv7e-m/fpu/libg.a(lib_a-printf.o)
                              ./src/main.o (printf)
[...]
Memory Configuration

Name             Origin             Length             Attributes
FLASH            0x08000000         0x00040000         xr
RAM              0x20000000         0x0000a000         xrw
MEMORY_B1        0x60000000         0x00000000         xr
CCMRAM           0x10000000         0x00002000         rw
*default*        0x00000000         0xffffffff

Linker script and memory map

LOAD /home/aghosh01/gcc-arm-none-eabi-4_7-2012q4/bin/../lib/gcc/arm-none-eabi/4.7.3/armv7e-m/fpu/crti.o
LOAD /home/aghosh01/gcc-arm-none-eabi-4_7-2012q4/bin/../lib/gcc/arm-none-eabi/4.7.3/armv7e-m/fpu/crtbegin.o
LOAD /home/aghosh01/gcc-arm-none-eabi-4_7-2012q4/bin/../lib/gcc/arm-none-eabi/4.7.3/../../../../arm-none-eabi/lib/armv7e-m/fpu/crt0.o
LOAD ./src/debug.o
LOAD ./src/encoder.o
LOAD ./src/interrupt_defs.o
LOAD ./src/main.o
LOAD ./src/newlib_stubs.o
LOAD ./src/pwm.o
LOAD ./src/startup_stm32f30x.o
LOAD ./src/stm32f30x_adc.o
LOAD ./src/stm32f30x_can.o
LOAD ./src/stm32f30x_comp.o
LOAD ./src/stm32f30x_crc.o
LOAD ./src/stm32f30x_dac.o
LOAD ./src/stm32f30x_dbgmcu.o
LOAD ./src/stm32f30x_dma.o
LOAD ./src/stm32f30x_exti.o
LOAD ./src/stm32f30x_flash.o
LOAD ./src/stm32f30x_gpio.o
LOAD ./src/stm32f30x_i2c.o
LOAD ./src/stm32f30x_iwdg.o
LOAD ./src/stm32f30x_misc.o
LOAD ./src/stm32f30x_opamp.o
LOAD ./src/stm32f30x_pwr.o
LOAD ./src/stm32f30x_rcc.o
LOAD ./src/stm32f30x_rtc.o
LOAD ./src/stm32f30x_spi.o
LOAD ./src/stm32f30x_syscfg.o
LOAD ./src/stm32f30x_tim.o
LOAD ./src/stm32f30x_usart.o
LOAD ./src/stm32f30x_wwdg.o
LOAD ./src/stm32f3_discovery_l3gd20.o
LOAD ./src/system_stm32f30x.o
LOAD /home/aghosh01/gcc-arm-none-eabi-4_7-2012q4/bin/../lib/gcc/arm-none-eabi/4.7.3/../../../../arm-none-eabi/lib/armv7e-m/fpu/libstdc++.a
LOAD /home/aghosh01/gcc-arm-none-eabi-4_7-2012q4/bin/../lib/gcc/arm-none-eabi/4.7.3/../../../../arm-none-eabi/lib/armv7e-m/fpu/libm.a
START GROUP
LOAD /home/aghosh01/gcc-arm-none-eabi-4_7-2012q4/bin/../lib/gcc/arm-none-eabi/4.7.3/armv7e-m/fpu/libgcc.a
LOAD /home/aghosh01/gcc-arm-none-eabi-4_7-2012q4/bin/../lib/gcc/arm-none-eabi/4.7.3/../../../../arm-none-eabi/lib/armv7e-m/fpu/libg.a
LOAD /home/aghosh01/gcc-arm-none-eabi-4_7-2012q4/bin/../lib/gcc/arm-none-eabi/4.7.3/../../../../arm-none-eabi/lib/armv7e-m/fpu/libc.a
END GROUP
LOAD /home/aghosh01/gcc-arm-none-eabi-4_7-2012q4/bin/../lib/gcc/arm-none-eabi/4.7.3/armv7e-m/fpu/crtend.o
LOAD /home/aghosh01/gcc-arm-none-eabi-4_7-2012q4/bin/../lib/gcc/arm-none-eabi/4.7.3/armv7e-m/fpu/crtn.o
                0x2000a000                _estack = 0x2000a000
                0x00000000                _Min_Heap_Size = 0x0
                0x00000200                _Min_Stack_Size = 0x200

.isr_vector     0x08000000      0x188
                0x08000000                . = ALIGN (0x4)
 *(.isr_vector)
 .isr_vector    0x08000000      0x188 ./src/startup_stm32f30x.o
                0x08000000                g_pfnVectors
                0x08000188                . = ALIGN (0x4)

.text           0x08000188    0x10308
                0x08000188                . = ALIGN (0x4)
 *(.text)
 .text          0x08000188       0x54 /home/aghosh01/gcc-arm-none-eabi-4_7-2012q4/bin/../lib/gcc/arm-none-eabi/4.7.3/armv7e-m/fpu/crtbegin.o
 .text          0x080001dc      0x254 ./src/debug.o
                0x080001dc                blink_leds()
                0x08000268                UART1_init()
                0x08000364                LED_MATRIX_ISR_init()
 .text          0x08000430      0x298 ./src/encoder.o
                0x08000430                TIM8_init_encoder()
                0x08000510                TIM2_init_encoder()
                0x080005d4                encoder_update_ISR_init()
                0x08000664                init_encoder_struct(encoderState*)
 .text          0x080006c8      0x600 ./src/interrupt_defs.o
                0x080006c8                TIM7_IRQHandler
                0x08000b30                TIM1_TRG_COM_TIM17_IRQHandler
                0x08000bc8                TIM6_DAC_IRQHandler
                0x08000c64                ADC1_2_IRQHandler
                0x08000ca8                DMA1_Channel1_IRQHandler
 .text          0x08000cc8      0x8e4 ./src/main.o
                0x08000cc8                main
                0x08000dc8                imu_update_ISR_init()
                0x08000eac                L3GD20_TIMEOUT_UserCallback
                0x08000ec4                calc_gyro_bias()
                0x08000f4c                adc1_init_other()
                0x080011b4                adc1_init()
                0x08001364                adc1_dma_init()
 .text          0x080015ac      0x3d4 ./src/newlib_stubs.o
                0x080015ac                _exit
                0x080015cc                _close
                0x080015e4                _execve
                0x08001610                _fork
                0x08001630                _fstat
                0x08001654                _getpid
                0x08001664                _isatty
                0x0800169c                _kill
                0x080016c4                _link
                0x080016ec                _lseek
                0x08001708                _sbrk
                0x080017a4                _read
                0x08001830                _stat
                0x08001854                _times
                0x0800186c                _unlink
                0x08001894                _wait
                0x080018bc                _write
 .text          0x08001980      0x614 ./src/pwm.o
                0x08001980                pwm_out1_init(unsigned short)
                0x08001ad4                pwm1_output(float)
                0x08001b18                pwm_out2_init(unsigned short)
                0x08001c6c                pwm2_output(float)
                0x08001cb0                config_pwm_freq(int, int*, int*)
 .text          0x08001f94     0x138c ./src/stm32f30x_adc.o
                0x08001f94                ADC_DeInit
                0x08002008                ADC_Init
                0x0800208c                ADC_StructInit
                0x080020e0                ADC_InjectedInit
                0x0800214c                ADC_InjectedStructInit
                0x08002198                ADC_CommonInit
                0x08002258                ADC_CommonStructInit
                0x08002294                ADC_Cmd
                0x080022cc                ADC_StartCalibration
                0x080022ec                ADC_GetCalibrationValue
                0x08002308                ADC_SetCalibrationValue
                0x08002324                ADC_SelectCalibrationMode
                0x08002350                ADC_GetCalibrationStatus
                0x08002384                ADC_DisableCmd
                0x080023a4                ADC_GetDisableCmdStatus
                0x080023dc                ADC_VoltageRegulatorCmd
                0x08002420                ADC_SelectDifferentialMode
                0x08002478                ADC_SelectQueueOfContextMode
                0x080024b0                ADC_AutoDelayCmd
                0x080024e8                ADC_AnalogWatchdogCmd
                0x08002520                ADC_AnalogWatchdog1ThresholdsConfig
                0x08002578                ADC_AnalogWatchdog2ThresholdsConfig
                0x080025c8                ADC_AnalogWatchdog3ThresholdsConfig
                0x08002618                ADC_AnalogWatchdog1SingleChannelConfig
                0x08002654                ADC_AnalogWatchdog2SingleChannelConfig
                0x080026a8                ADC_AnalogWatchdog3SingleChannelConfig
                0x080026fc                ADC_TempSensorCmd
                0x0800279c                ADC_VrefintCmd
                0x0800283c                ADC_VbatCmd
                0x080028dc                ADC_RegularChannelConfig
                0x08002b08                ADC_RegularChannelSequencerLengthConfig
                0x08002b3c                ADC_ExternalTriggerConfig
                0x08002b74                ADC_StartConversion
                0x08002b94                ADC_GetStartConversionStatus
                0x08002bcc                ADC_StopConversion
                0x08002bec                ADC_DiscModeChannelCountConfig
                0x08002c38                ADC_DiscModeCmd
                0x08002c70                ADC_GetConversionValue
                0x08002c8c                ADC_GetDualModeConversionValue
                0x08002cd8                ADC_SetChannelOffset1
                0x08002d2c                ADC_SetChannelOffset2
                0x08002d80                ADC_SetChannelOffset3
                0x08002dd4                ADC_SetChannelOffset4
                0x08002e28                ADC_ChannelOffset1Cmd
                0x08002e60                ADC_ChannelOffset2Cmd
                0x08002e98                ADC_ChannelOffset3Cmd
                0x08002ed0                ADC_ChannelOffset4Cmd
                0x08002f08                ADC_DMACmd
                0x08002f40                ADC_DMAConfig
                0x08002f6c                ADC_InjectedChannelSampleTimeConfig
                0x08003020                ADC_StartInjectedConversion
                0x08003040                ADC_StopInjectedConversion
                0x08003060                ADC_GetStartInjectedConversionStatus
                0x08003098                ADC_AutoInjectedConvCmd
                0x080030d0                ADC_InjectedDiscModeCmd
                0x08003108                ADC_GetInjectedConversionValue
                0x08003148                ADC_ITConfig
                0x08003184                ADC_GetFlagStatus
                0x080031bc                ADC_ClearFlag
                0x080031d8                ADC_GetCommonFlagStatus
                0x08003244                ADC_ClearCommonFlag
                0x080032a0                ADC_GetITStatus
                0x08003300                ADC_ClearITPendingBit
 .text          0x08003320      0x4e8 ./src/stm32f30x_dma.o
                0x08003320                DMA_DeInit
                0x08003540                DMA_Init
                0x080035c0                DMA_StructInit
                0x0800362c                DMA_Cmd
                0x08003664                DMA_SetCurrDataCounter
                0x08003680                DMA_GetCurrDataCounter
                0x0800369c                DMA_ITConfig
                0x080036d8                DMA_GetFlagStatus
                0x08003738                DMA_ClearFlag
                0x08003770                DMA_GetITStatus
                0x080037d0                DMA_ClearITPendingBit
 .text          0x08003808      0x4ac ./src/stm32f30x_gpio.o
                0x08003808                GPIO_DeInit
                0x08003900                GPIO_Init
                0x08003a50                GPIO_StructInit
                0x08003a8c                GPIO_PinLockConfig
                0x08003ad0                GPIO_ReadInputDataBit
                0x08003b10                GPIO_ReadInputData
                0x08003b2c                GPIO_ReadOutputDataBit
                0x08003b6c                GPIO_ReadOutputData
                0x08003b88                GPIO_SetBits
                0x08003ba4                GPIO_ResetBits
                0x08003bc0                GPIO_WriteBit
                0x08003bf0                GPIO_Write
                0x08003c0c                GPIO_PinAFConfig
 .text          0x08003cb4      0x1dc ./src/stm32f30x_misc.o
                0x08003cb4                NVIC_PriorityGroupConfig
                0x08003cdc                NVIC_Init
                0x08003dc4                NVIC_SetVectorTable
                0x08003df0                NVIC_SystemLPConfig
                0x08003e44                SysTick_CLKSourceConfig
 .text          0x08003e90     0x104c ./src/stm32f30x_rcc.o
                0x08003e90                RCC_DeInit
                0x08003f64                RCC_HSEConfig
                0x08003f94                RCC_WaitForHSEStartUp
                0x08003ff8                RCC_AdjustHSICalibrationValue
                0x08004040                RCC_HSICmd
                0x08004060                RCC_LSEConfig
                0x080040bc                RCC_LSEDriveConfig
                0x08004100                RCC_LSICmd
                0x08004120                RCC_PLLConfig
                0x08004168                RCC_PLLCmd
                0x08004188                RCC_PREDIV1Config
                0x080041c8                RCC_ClockSecuritySystemCmd
                0x080041e8                RCC_MCOConfig
                0x08004208                RCC_SYSCLKConfig
                0x08004248                RCC_GetSYSCLKSource
                0x08004268                RCC_HCLKConfig
                0x080042a8                RCC_PCLK1Config
                0x080042e8                RCC_PCLK2Config
                0x0800432c                RCC_GetClocksFreq
                0x0800487c                RCC_ADCCLKConfig
                0x080048ec                RCC_I2CCLKConfig
                0x0800495c                RCC_TIMCLKConfig
                0x080049cc                RCC_USARTCLKConfig
                0x08004ab0                RCC_USBCLKConfig
                0x08004ad0                RCC_RTCCLKConfig
                0x08004afc                RCC_I2SCLKConfig
                0x08004b1c                RCC_RTCCLKCmd
                0x08004b3c                RCC_BackupResetCmd
                0x08004b5c                RCC_AHBPeriphClockCmd
                0x08004bb0                RCC_APB2PeriphClockCmd
                0x08004c04                RCC_APB1PeriphClockCmd
                0x08004c58                RCC_AHBPeriphResetCmd
                0x08004cac                RCC_APB2PeriphResetCmd
                0x08004d00                RCC_APB1PeriphResetCmd
                0x08004d54                RCC_ITConfig
                0x08004db4                RCC_GetFlagStatus
                0x08004e58                RCC_ClearFlag
                0x08004e7c                RCC_GetITStatus
                0x08004ebc                RCC_ClearITPendingBit
 .text          0x08004edc      0xa5c ./src/stm32f30x_spi.o
                0x08004edc                SPI_I2S_DeInit
                0x08004f64                SPI_StructInit
                0x08004fc0                SPI_Init
                0x080050d8                I2S_StructInit
                0x0800511c                I2S_Init
                0x080052c8                SPI_Cmd
                0x08005308                SPI_TIModeCmd
                0x08005348                I2S_Cmd
                0x08005388                SPI_DataSizeConfig
                0x080053c0                SPI_RxFIFOThresholdConfig
                0x080053f8                SPI_BiDirectionalLineConfig
                0x08005438                SPI_NSSInternalSoftwareConfig
                0x0800547c                I2S_FullDuplexConfig
                0x08005520                SPI_SSOutputCmd
                0x08005560                SPI_NSSPulseModeCmd
                0x080055a0                SPI_SendData8
                0x080055d0                SPI_I2S_SendData16
                0x080055ec                SPI_ReceiveData8
                0x08005618                SPI_I2S_ReceiveData16
                0x08005634                SPI_CRCLengthConfig
                0x0800566c                SPI_CalculateCRC
                0x080056ac                SPI_TransmitCRC
                0x080056d0                SPI_GetCRC
                0x08005704                SPI_GetCRCPolynomial
                0x08005720                SPI_I2S_DMACmd
                0x08005768                SPI_LastDMATransferCmd
                0x080057a0                SPI_I2S_ITConfig
                0x0800580c                SPI_GetTransmissionFIFOStatus
                0x0800582c                SPI_GetReceptionFIFOStatus
                0x0800584c                SPI_I2S_GetFlagStatus
                0x0800588c                SPI_I2S_ClearFlag
                0x080058b0                SPI_I2S_GetITStatus
 .text          0x08005938     0x21b4 ./src/stm32f30x_tim.o
                0x08005938                TIM_DeInit
                0x08005ad0                TIM_TimeBaseInit
                0x08005be0                TIM_TimeBaseStructInit
                0x08005c1c                TIM_PrescalerConfig
                0x08005c44                TIM_CounterModeConfig
                0x08005c7c                TIM_SetCounter
                0x08005c98                TIM_SetAutoreload
                0x08005cb4                TIM_GetCounter
                0x08005ccc                TIM_GetPrescaler
                0x08005ce8                TIM_UpdateDisableConfig
                0x08005d28                TIM_UpdateRequestConfig
                0x08005d68                TIM_UIFRemap
                0x08005da8                TIM_ARRPreloadConfig
                0x08005de8                TIM_SelectOnePulseMode
                0x08005e20                TIM_SetClockDivision
                0x08005e58                TIM_Cmd
                0x08005e98                TIM_OC1Init
                0x08005fc0                TIM_OC2Init
                0x080060d8                TIM_OC3Init
                0x080061e8                TIM_OC4Init
                0x080062bc                TIM_OC5Init
                0x08006384                TIM_OC6Init
                0x08006440                TIM_SelectGC5C1
                0x08006478                TIM_SelectGC5C2
                0x080064b0                TIM_SelectGC5C3
                0x080064e8                TIM_OCStructInit
                0x0800653c                TIM_SelectOCxM
                0x080065f8                TIM_SetCompare1
                0x08006614                TIM_SetCompare2
                0x08006630                TIM_SetCompare3
                0x0800664c                TIM_SetCompare4
                0x08006668                TIM_SetCompare5
                0x08006684                TIM_SetCompare6
                0x080066a0                TIM_ForcedOC1Config
                0x080066dc                TIM_ForcedOC2Config
                0x0800671c                TIM_ForcedOC3Config
                0x08006754                TIM_ForcedOC4Config
                0x08006790                TIM_ForcedOC5Config
                0x080067c8                TIM_ForcedOC6Config
                0x08006804                TIM_OC1PreloadConfig
                0x0800683c                TIM_OC2PreloadConfig
                0x08006878                TIM_OC3PreloadConfig
                0x080068b0                TIM_OC4PreloadConfig
                0x080068ec                TIM_OC5PreloadConfig
                0x08006924                TIM_OC6PreloadConfig
                0x08006960                TIM_OC1FastConfig
                0x08006998                TIM_OC2FastConfig
                0x080069d4                TIM_OC3FastConfig
                0x08006a0c                TIM_OC4FastConfig
                0x08006a48                TIM_ClearOC1Ref
                0x08006a80                TIM_ClearOC2Ref
                0x08006abc                TIM_ClearOC3Ref
                0x08006af4                TIM_ClearOC4Ref
                0x08006b30                TIM_ClearOC5Ref
                0x08006b68                TIM_ClearOC6Ref
                0x08006ba4                TIM_SelectOCREFClear
                0x08006bd4                TIM_OC1PolarityConfig
                0x08006c0c                TIM_OC1NPolarityConfig
                0x08006c44                TIM_OC2PolarityConfig
                0x08006c80                TIM_OC2NPolarityConfig
                0x08006cbc                TIM_OC3PolarityConfig
                0x08006cf8                TIM_OC3NPolarityConfig
                0x08006d34                TIM_OC4PolarityConfig
                0x08006d70                TIM_OC5PolarityConfig
                0x08006dac                TIM_OC6PolarityConfig
                0x08006de8                TIM_CCxCmd
                0x08006e38                TIM_CCxNCmd
                0x08006e88                TIM_ICInit
                0x08006f30                TIM_ICStructInit
                0x08006f6c                TIM_PWMIConfig
                0x08007030                TIM_GetCapture1
                0x08007048                TIM_GetCapture2
                0x08007060                TIM_GetCapture3
                0x08007078                TIM_GetCapture4
                0x08007090                TIM_SetIC1Prescaler
                0x080070c0                TIM_SetIC2Prescaler
                0x080070f4                TIM_SetIC3Prescaler
                0x08007124                TIM_SetIC4Prescaler
                0x0800715c                TIM_BDTRConfig
                0x080071ac                TIM_Break1Config
                0x080071e4                TIM_Break2Config
                0x0800721c                TIM_Break1Cmd
                0x08007254                TIM_Break2Cmd
                0x0800728c                TIM_BDTRStructInit
                0x080072d8                TIM_CtrlPWMOutputs
                0x08007314                TIM_SelectCOM
                0x0800734c                TIM_CCPreloadControl
                0x08007384                TIM_ITConfig
                0x080073c4                TIM_GenerateEvent
                0x080073e0                TIM_GetFlagStatus
                0x08007418                TIM_ClearFlag
                0x0800743c                TIM_GetITStatus
                0x0800749c                TIM_ClearITPendingBit
                0x080074c0                TIM_DMAConfig
                0x080074e8                TIM_DMACmd
                0x08007528                TIM_SelectCCDMA
                0x08007560                TIM_InternalClockConfig
                0x08007580                TIM_ITRxExternalClockConfig
                0x080075ac                TIM_TIxExternalClockConfig
                0x08007600                TIM_ETRClockMode1Config
                0x08007654                TIM_ETRClockMode2Config
                0x08007684                TIM_SelectInputTrigger
                0x080076bc                TIM_SelectOutputTrigger
                0x080076ec                TIM_SelectOutputTrigger2
                0x08007718                TIM_SelectSlaveMode
                0x08007748                TIM_SelectMasterSlaveMode
                0x08007778                TIM_ETRConfig
                0x080077c4                TIM_EncoderInterfaceConfig
                0x08007858                TIM_SelectHallSensor
                0x08007890                TIM_RemapConfig
 .text          0x08007aec      0xcf8 ./src/stm32f30x_usart.o
                0x08007aec                USART_DeInit
                0x08007bc4                USART_Init
                0x08007d54                USART_StructInit
                0x08007d98                USART_ClockInit
                0x08007de4                USART_ClockStructInit
                0x08007e18                USART_Cmd
                0x08007e50                USART_DirectionModeCmd
                0x08007e8c                USART_OverSampling8Cmd
                0x08007ec4                USART_OneBitMethodCmd
                0x08007efc                USART_MSBFirstCmd
                0x08007f34                USART_DataInvCmd
                0x08007f6c                USART_InvPinCmd
                0x08007fa8                USART_SWAPPinCmd
                0x08007fe0                USART_ReceiverTimeOutCmd
                0x08008018                USART_SetReceiverTimeOut
                0x08008044                USART_SetPrescaler
                0x0800807c                USART_STOPModeCmd
                0x080080b4                USART_StopModeWakeUpSourceConfig
                0x080080e0                USART_AutoBaudRateCmd
                0x08008118                USART_AutoBaudRateConfig
                0x08008144                USART_SendData
                0x0800816c                USART_ReceiveData
                0x08008190                USART_SetAddress
                0x080081c4                USART_MuteModeCmd
                0x080081fc                USART_MuteModeWakeUpConfig
                0x08008228                USART_AddressDetectionConfig
                0x08008254                USART_LINBreakDetectLengthConfig
                0x08008280                USART_LINCmd
                0x080082b8                USART_HalfDuplexCmd
                0x080082f0                USART_SetGuardTime
                0x0800832c                USART_SmartCardCmd
                0x08008364                USART_SmartCardNACKCmd
                0x0800839c                USART_SetAutoRetryCount
                0x080083d0                USART_SetBlockLength
                0x08008404                USART_IrDAConfig
                0x08008430                USART_IrDACmd
                0x08008468                USART_DECmd
                0x080084a0                USART_DEPolarityConfig
                0x080084cc                USART_SetDEAssertionTime
                0x080084fc                USART_SetDEDeassertionTime
                0x0800852c                USART_DMACmd
                0x08008568                USART_DMAReceptionErrorConfig
                0x08008594                USART_ITConfig
                0x08008628                USART_RequestCmd
                0x08008674                USART_OverrunDetectionConfig
                0x080086a0                USART_GetFlagStatus
                0x080086d8                USART_ClearFlag
                0x080086f4                USART_GetITStatus
                0x080087a8                USART_ClearITPendingBit
 .text          0x080087e4      0x648 ./src/stm32f3_discovery_l3gd20.o
                0x080087e4                L3GD20_Init
                0x08008868                L3GD20_RebootCmd
                0x080088a4                L3GD20_INT1InterruptConfig
                0x0800893c                L3GD20_INT1InterruptCmd
                0x08008988                L3GD20_INT2InterruptCmd
                0x080089d4                L3GD20_FilterConfig
                0x08008a28                L3GD20_FilterCmd
                0x08008a74                L3GD20_GetDataStatus
                0x08008a98                L3GD20_Write
                0x08008b08                L3GD20_Read
 .text          0x08008e2c      0x3a8 ./src/system_stm32f30x.o
                0x08008e2c                SystemInit
                0x08008f28                SystemCoreClockUpdate
 .text          0x080091d4      0x370 /home/aghosh01/gcc-arm-none-eabi-4_7-2012q4/bin/../lib/gcc/arm-none-eabi/4.7.3/armv7e-m/fpu/libgcc.a(_arm_addsubdf3.o)
                0x080091d4                __aeabi_drsub
                0x080091dc                __aeabi_dsub
                0x080091dc                __subdf3
                0x080091e0                __adddf3
                0x080091e0                __aeabi_dadd
                0x08009458                __aeabi_ui2d
                0x08009458                __floatunsidf
                0x08009478                __floatsidf
                0x08009478                __aeabi_i2d
                0x0800949c                __extendsfdf2
                0x0800949c                __aeabi_f2d
                0x080094d8                __aeabi_ul2d
                0x080094d8                __floatundidf
                0x080094e8                __floatdidf
                0x080094e8                __aeabi_l2d
 .text          0x08009544      0x424 /home/aghosh01/gcc-arm-none-eabi-4_7-2012q4/bin/../lib/gcc/arm-none-eabi/4.7.3/armv7e-m/fpu/libgcc.a(_arm_muldivdf3.o)
                0x08009544                __aeabi_dmul
                0x08009544                __muldf3
                0x08009798                __aeabi_ddiv
                0x08009798                __divdf3
 .text          0x08009968      0x110 /home/aghosh01/gcc-arm-none-eabi-4_7-2012q4/bin/../lib/gcc/arm-none-eabi/4.7.3/armv7e-m/fpu/libgcc.a(_arm_cmpdf2.o)
                0x08009968                __gtdf2
                0x08009968                __gedf2
                0x08009970                __ltdf2
                0x08009970                __ledf2
                0x08009978                __cmpdf2
                0x08009978                __eqdf2
                0x08009978                __nedf2
                0x080099f4                __aeabi_cdrcmple
                0x08009a04                __aeabi_cdcmple
                0x08009a04                __aeabi_cdcmpeq
                0x08009a14                __aeabi_dcmpeq
                0x08009a28                __aeabi_dcmplt
                0x08009a3c                __aeabi_dcmple
                0x08009a50                __aeabi_dcmpge
                0x08009a64                __aeabi_dcmpgt
 .text          0x08009a78       0x50 /home/aghosh01/gcc-arm-none-eabi-4_7-2012q4/bin/../lib/gcc/arm-none-eabi/4.7.3/armv7e-m/fpu/libgcc.a(_arm_fixdfsi.o)
                0x08009a78                __fixdfsi
                0x08009a78                __aeabi_d2iz
 .text          0x08009ac8       0x2c /home/aghosh01/gcc-arm-none-eabi-4_7-2012q4/bin/../lib/gcc/arm-none-eabi/4.7.3/armv7e-m/fpu/libgcc.a(_aeabi_uldivmod.o)
                0x08009ac8                __aeabi_uldivmod
 .text          0x08009af4       0x58 /home/aghosh01/gcc-arm-none-eabi-4_7-2012q4/bin/../lib/gcc/arm-none-eabi/4.7.3/armv7e-m/fpu/libgcc.a(bpabi.o)
                0x08009af4                __gnu_ldivmod_helper
                0x08009b20                __gnu_uldivmod_helper
 .text          0x08009b4c        0x4 /home/aghosh01/gcc-arm-none-eabi-4_7-2012q4/bin/../lib/gcc/arm-none-eabi/4.7.3/armv7e-m/fpu/libgcc.a(_dvmd_tls.o)
                0x08009b4c                __aeabi_ldiv0
                0x08009b4c                __aeabi_idiv0
 .text          0x08009b50      0x2bc /home/aghosh01/gcc-arm-none-eabi-4_7-2012q4/bin/../lib/gcc/arm-none-eabi/4.7.3/armv7e-m/fpu/libgcc.a(_divdi3.o)
                0x08009b50                __divdi3
 .text          0x08009e0c      0x288 /home/aghosh01/gcc-arm-none-eabi-4_7-2012q4/bin/../lib/gcc/arm-none-eabi/4.7.3/armv7e-m/fpu/libgcc.a(_udivdi3.o)
                0x08009e0c                __udivdi3
 *(.text*)
 .text.Reset_Handler
                0x0800a094       0x4c ./src/startup_stm32f30x.o
                0x0800a094                Reset_Handler
 .text.Default_Handler
                0x0800a0e0        0x4 ./src/startup_stm32f30x.o
                0x0800a0e0                RTC_Alarm_IRQHandler
                0x0800a0e0                TIM8_TRG_COM_IRQHandler
                0x0800a0e0                TIM8_CC_IRQHandler
                0x0800a0e0                DebugMon_Handler
                0x0800a0e0                TIM1_CC_IRQHandler
                0x0800a0e0                HardFault_Handler
                0x0800a0e0                USB_HP_IRQHandler
                0x0800a0e0                SysTick_Handler
                0x0800a0e0                PVD_IRQHandler
                0x0800a0e0                PendSV_Handler
                0x0800a0e0                NMI_Handler
                0x0800a0e0                EXTI3_IRQHandler
                0x0800a0e0                EXTI0_IRQHandler
                0x0800a0e0                I2C2_EV_IRQHandler
                0x0800a0e0                FPU_IRQHandler
                0x0800a0e0                EXTI2_TS_IRQHandler
                0x0800a0e0                TIM1_UP_TIM16_IRQHandler
                0x0800a0e0                UsageFault_Handler
                0x0800a0e0                SPI1_IRQHandler
                0x0800a0e0                TIM8_UP_IRQHandler
                0x0800a0e0                DMA2_Channel2_IRQHandler
                0x0800a0e0                DMA1_Channel4_IRQHandler
                0x0800a0e0                USART3_IRQHandler
                0x0800a0e0                DMA1_Channel7_IRQHandler
                0x0800a0e0                CAN1_RX1_IRQHandler
                0x0800a0e0                UART5_IRQHandler
                0x0800a0e0                ADC3_IRQHandler
                0x0800a0e0                TIM4_IRQHandler
                0x0800a0e0                DMA2_Channel1_IRQHandler
                0x0800a0e0                I2C1_EV_IRQHandler
                0x0800a0e0                DMA1_Channel6_IRQHandler
                0x0800a0e0                UART4_IRQHandler
                0x0800a0e0                DMA2_Channel4_IRQHandler
                0x0800a0e0                TIM3_IRQHandler
                0x0800a0e0                RCC_IRQHandler
                0x0800a0e0                Default_Handler
                0x0800a0e0                USBWakeUp_RMP_IRQHandler
                0x0800a0e0                EXTI15_10_IRQHandler
                0x0800a0e0                EXTI9_5_IRQHandler
                0x0800a0e0                TAMPER_STAMP_IRQHandler
                0x0800a0e0                RTC_WKUP_IRQHandler
                0x0800a0e0                SPI2_IRQHandler
                0x0800a0e0                MemManage_Handler
                0x0800a0e0                SVC_Handler
                0x0800a0e0                DMA2_Channel5_IRQHandler
                0x0800a0e0                DMA1_Channel5_IRQHandler
                0x0800a0e0                USB_LP_IRQHandler
                0x0800a0e0                EXTI4_IRQHandler
                0x0800a0e0                USB_LP_CAN1_RX0_IRQHandler
                0x0800a0e0                USB_HP_CAN1_TX_IRQHandler
                0x0800a0e0                DMA1_Channel3_IRQHandler
                0x0800a0e0                ADC4_IRQHandler
                0x0800a0e0                WWDG_IRQHandler
                0x0800a0e0                TIM2_IRQHandler
                0x0800a0e0                COMP7_IRQHandler
                0x0800a0e0                COMP1_2_3_IRQHandler
                0x0800a0e0                EXTI1_IRQHandler
                0x0800a0e0                USART2_IRQHandler
                0x0800a0e0                COMP4_5_6_IRQHandler
                0x0800a0e0                I2C2_ER_IRQHandler
                0x0800a0e0                DMA1_Channel2_IRQHandler
                0x0800a0e0                TIM8_BRK_IRQHandler
                0x0800a0e0                CAN1_SCE_IRQHandler
                0x0800a0e0                FLASH_IRQHandler
                0x0800a0e0                BusFault_Handler
                0x0800a0e0                USART1_IRQHandler
                0x0800a0e0                SPI3_IRQHandler
                0x0800a0e0                I2C1_ER_IRQHandler
                0x0800a0e0                USBWakeUp_IRQHandler
                0x0800a0e0                DMA2_Channel3_IRQHandler
                0x0800a0e0                TIM1_BRK_TIM15_IRQHandler
 .text.sqrt     0x0800a0e4       0xb8 /home/aghosh01/gcc-arm-none-eabi-4_7-2012q4/bin/../lib/gcc/arm-none-eabi/4.7.3/../../../../arm-none-eabi/lib/armv7e-m/fpu/libm.a(lib_a-w_sqrt.o)
                0x0800a0e4                sqrt
 .text.__ieee754_sqrt
                0x0800a19c      0x218 /home/aghosh01/gcc-arm-none-eabi-4_7-2012q4/bin/../lib/gcc/arm-none-eabi/4.7.3/../../../../arm-none-eabi/lib/armv7e-m/fpu/libm.a(lib_a-e_sqrt.o)
                0x0800a19c                __ieee754_sqrt
 .text.__fpclassifyd
                0x0800a3b4       0x70 /home/aghosh01/gcc-arm-none-eabi-4_7-2012q4/bin/../lib/gcc/arm-none-eabi/4.7.3/../../../../arm-none-eabi/lib/armv7e-m/fpu/libm.a(lib_a-s_fpclassify.o)
                0x0800a3b4                __fpclassifyd
 .text.matherr  0x0800a424        0x4 /home/aghosh01/gcc-arm-none-eabi-4_7-2012q4/bin/../lib/gcc/arm-none-eabi/4.7.3/../../../../arm-none-eabi/lib/armv7e-m/fpu/libm.a(lib_a-s_matherr.o)
                0x0800a424                matherr
 .text.__register_exitproc
                0x0800a428       0xac /home/aghosh01/gcc-arm-none-eabi-4_7-2012q4/bin/../lib/gcc/arm-none-eabi/4.7.3/../../../../arm-none-eabi/lib/armv7e-m/fpu/libg.a(lib_a-__atexit.o)
                0x0800a428                __register_exitproc
 .text.__errno  0x0800a4d4        0xc /home/aghosh01/gcc-arm-none-eabi-4_7-2012q4/bin/../lib/gcc/arm-none-eabi/4.7.3/../../../../arm-none-eabi/lib/armv7e-m/fpu/libg.a(lib_a-errno.o)
                0x0800a4d4                __errno
 .text.__libc_fini_array
                0x0800a4e0       0x50 /home/aghosh01/gcc-arm-none-eabi-4_7-2012q4/bin/../lib/gcc/arm-none-eabi/4.7.3/../../../../arm-none-eabi/lib/armv7e-m/fpu/libg.a(lib_a-fini.o)
                0x0800a4e0                __libc_fini_array
 .text.memset   0x0800a530      0x12c /home/aghosh01/gcc-arm-none-eabi-4_7-2012q4/bin/../lib/gcc/arm-none-eabi/4.7.3/../../../../arm-none-eabi/lib/armv7e-m/fpu/libg.a(lib_a-memset.o)
                0x0800a530                memset
 .text.printf   0x0800a65c       0x28 /home/aghosh01/gcc-arm-none-eabi-4_7-2012q4/bin/../lib/gcc/arm-none-eabi/4.7.3/../../../../arm-none-eabi/lib/armv7e-m/fpu/libg.a(lib_a-printf.o)
                0x0800a65c                printf
 .text._vfprintf_r
                0x0800a684     0x1e90 /home/aghosh01/gcc-arm-none-eabi-4_7-2012q4/bin/../lib/gcc/arm-none-eabi/4.7.3/../../../../arm-none-eabi/lib/armv7e-m/fpu/libg.a(lib_a-vfprintf.o)
                0x0800a684                _vfprintf_r
 .text.__swsetup_r
                0x0800c514       0xc4 /home/aghosh01/gcc-arm-none-eabi-4_7-2012q4/bin/../lib/gcc/arm-none-eabi/4.7.3/../../../../arm-none-eabi/lib/armv7e-m/fpu/libg.a(lib_a-wsetup.o)
                0x0800c514                __swsetup_r
 .text.startup.register_fini
                0x0800c5d8       0x14 /home/aghosh01/gcc-arm-none-eabi-4_7-2012q4/bin/../lib/gcc/arm-none-eabi/4.7.3/../../../../arm-none-eabi/lib/armv7e-m/fpu/libg.a(lib_a-__call_atexit.o)
 .text.atexit   0x0800c5ec        0xc /home/aghosh01/gcc-arm-none-eabi-4_7-2012q4/bin/../lib/gcc/arm-none-eabi/4.7.3/../../../../arm-none-eabi/lib/armv7e-m/fpu/libg.a(lib_a-atexit.o)
                0x0800c5ec                atexit
 .text.quorem   0x0800c5f8      0x2ec /home/aghosh01/gcc-arm-none-eabi-4_7-2012q4/bin/../lib/gcc/arm-none-eabi/4.7.3/../../../../arm-none-eabi/lib/armv7e-m/fpu/libg.a(lib_a-dtoa.o)
 *fill*         0x0800c8e4        0x4 00
 .text._dtoa_r  0x0800c8e8     0x1260 /home/aghosh01/gcc-arm-none-eabi-4_7-2012q4/bin/../lib/gcc/arm-none-eabi/4.7.3/../../../../arm-none-eabi/lib/armv7e-m/fpu/libg.a(lib_a-dtoa.o)
                0x0800c8e8                _dtoa_r
 .text._fflush_r
                0x0800db48      0x168 /home/aghosh01/gcc-arm-none-eabi-4_7-2012q4/bin/../lib/gcc/arm-none-eabi/4.7.3/../../../../arm-none-eabi/lib/armv7e-m/fpu/libg.a(lib_a-fflush.o)
                0x0800db48                _fflush_r
 .text._cleanup_r
                0x0800dcb0        0xc /home/aghosh01/gcc-arm-none-eabi-4_7-2012q4/bin/../lib/gcc/arm-none-eabi/4.7.3/../../../../arm-none-eabi/lib/armv7e-m/fpu/libg.a(lib_a-findfp.o)
                0x0800dcb0                _cleanup_r
 .text.std.isra.0
                0x0800dcbc       0x50 /home/aghosh01/gcc-arm-none-eabi-4_7-2012q4/bin/../lib/gcc/arm-none-eabi/4.7.3/../../../../arm-none-eabi/lib/armv7e-m/fpu/libg.a(lib_a-findfp.o)
 .text.__sinit  0x0800dd0c       0x4c /home/aghosh01/gcc-arm-none-eabi-4_7-2012q4/bin/../lib/gcc/arm-none-eabi/4.7.3/../../../../arm-none-eabi/lib/armv7e-m/fpu/libg.a(lib_a-findfp.o)
                0x0800dd0c                __sinit
 .text.__sfp_lock_acquire
                0x0800dd58        0x4 /home/aghosh01/gcc-arm-none-eabi-4_7-2012q4/bin/../lib/gcc/arm-none-eabi/4.7.3/../../../../arm-none-eabi/lib/armv7e-m/fpu/libg.a(lib_a-findfp.o)
                0x0800dd58                __sfp_lock_acquire
 .text.__sfp_lock_release
                0x0800dd5c        0x4 /home/aghosh01/gcc-arm-none-eabi-4_7-2012q4/bin/../lib/gcc/arm-none-eabi/4.7.3/../../../../arm-none-eabi/lib/armv7e-m/fpu/libg.a(lib_a-findfp.o)
                0x0800dd5c                __sfp_lock_release
 .text._malloc_trim_r
                0x0800dd60       0x98 /home/aghosh01/gcc-arm-none-eabi-4_7-2012q4/bin/../lib/gcc/arm-none-eabi/4.7.3/../../../../arm-none-eabi/lib/armv7e-m/fpu/libg.a(lib_a-freer.o)
                0x0800dd60                _malloc_trim_r
 .text._free_r  0x0800ddf8      0x194 /home/aghosh01/gcc-arm-none-eabi-4_7-2012q4/bin/../lib/gcc/arm-none-eabi/4.7.3/../../../../arm-none-eabi/lib/armv7e-m/fpu/libg.a(lib_a-freer.o)
                0x0800ddf8                _free_r
 .text._fwalk   0x0800df8c       0xb8 /home/aghosh01/gcc-arm-none-eabi-4_7-2012q4/bin/../lib/gcc/arm-none-eabi/4.7.3/../../../../arm-none-eabi/lib/armv7e-m/fpu/libg.a(lib_a-fwalk.o)
                0x0800df8c                _fwalk
 .text.__locale_charset
                0x0800e044        0xc /home/aghosh01/gcc-arm-none-eabi-4_7-2012q4/bin/../lib/gcc/arm-none-eabi/4.7.3/../../../../arm-none-eabi/lib/armv7e-m/fpu/libg.a(lib_a-locale.o)
                0x0800e044                __locale_charset
 .text.__locale_mb_cur_max
                0x0800e050        0xc /home/aghosh01/gcc-arm-none-eabi-4_7-2012q4/bin/../lib/gcc/arm-none-eabi/4.7.3/../../../../arm-none-eabi/lib/armv7e-m/fpu/libg.a(lib_a-locale.o)
                0x0800e050                __locale_mb_cur_max
 .text._localeconv_r
                0x0800e05c        0xc /home/aghosh01/gcc-arm-none-eabi-4_7-2012q4/bin/../lib/gcc/arm-none-eabi/4.7.3/../../../../arm-none-eabi/lib/armv7e-m/fpu/libg.a(lib_a-locale.o)
                0x0800e05c                _localeconv_r
 .text.__smakebuf_r
                0x0800e068       0xe8 /home/aghosh01/gcc-arm-none-eabi-4_7-2012q4/bin/../lib/gcc/arm-none-eabi/4.7.3/../../../../arm-none-eabi/lib/armv7e-m/fpu/libg.a(lib_a-makebuf.o)
                0x0800e068                __smakebuf_r
 .text._malloc_r
                0x0800e150      0x55c /home/aghosh01/gcc-arm-none-eabi-4_7-2012q4/bin/../lib/gcc/arm-none-eabi/4.7.3/../../../../arm-none-eabi/lib/armv7e-m/fpu/libg.a(lib_a-mallocr.o)
                0x0800e150                _malloc_r
 .text.memchr   0x0800e6ac      0x140 /home/aghosh01/gcc-arm-none-eabi-4_7-2012q4/bin/../lib/gcc/arm-none-eabi/4.7.3/../../../../arm-none-eabi/lib/armv7e-m/fpu/libg.a(lib_a-memchr.o)
                0x0800e6ac                memchr
 .text.memcpy   0x0800e7ec      0x144 /home/aghosh01/gcc-arm-none-eabi-4_7-2012q4/bin/../lib/gcc/arm-none-eabi/4.7.3/../../../../arm-none-eabi/lib/armv7e-m/fpu/libg.a(lib_a-memcpy.o)
                0x0800e7ec                memcpy
 .text.__malloc_lock
                0x0800e930        0x4 /home/aghosh01/gcc-arm-none-eabi-4_7-2012q4/bin/../lib/gcc/arm-none-eabi/4.7.3/../../../../arm-none-eabi/lib/armv7e-m/fpu/libg.a(lib_a-mlock.o)
                0x0800e930                __malloc_lock
 .text.__malloc_unlock
                0x0800e934        0x4 /home/aghosh01/gcc-arm-none-eabi-4_7-2012q4/bin/../lib/gcc/arm-none-eabi/4.7.3/../../../../arm-none-eabi/lib/armv7e-m/fpu/libg.a(lib_a-mlock.o)
                0x0800e934                __malloc_unlock
 .text._Balloc  0x0800e938       0x4c /home/aghosh01/gcc-arm-none-eabi-4_7-2012q4/bin/../lib/gcc/arm-none-eabi/4.7.3/../../../../arm-none-eabi/lib/armv7e-m/fpu/libg.a(lib_a-mprec.o)
                0x0800e938                _Balloc
 .text._Bfree   0x0800e984       0x14 /home/aghosh01/gcc-arm-none-eabi-4_7-2012q4/bin/../lib/gcc/arm-none-eabi/4.7.3/../../../../arm-none-eabi/lib/armv7e-m/fpu/libg.a(lib_a-mprec.o)
                0x0800e984                _Bfree
 .text.__multadd
                0x0800e998       0xf8 /home/aghosh01/gcc-arm-none-eabi-4_7-2012q4/bin/../lib/gcc/arm-none-eabi/4.7.3/../../../../arm-none-eabi/lib/armv7e-m/fpu/libg.a(lib_a-mprec.o)
                0x0800e998                __multadd
 .text.__hi0bits
                0x0800ea90       0x3c /home/aghosh01/gcc-arm-none-eabi-4_7-2012q4/bin/../lib/gcc/arm-none-eabi/4.7.3/../../../../arm-none-eabi/lib/armv7e-m/fpu/libg.a(lib_a-mprec.o)
                0x0800ea90                __hi0bits
 .text.__lo0bits
                0x0800eacc       0x5c /home/aghosh01/gcc-arm-none-eabi-4_7-2012q4/bin/../lib/gcc/arm-none-eabi/4.7.3/../../../../arm-none-eabi/lib/armv7e-m/fpu/libg.a(lib_a-mprec.o)
                0x0800eacc                __lo0bits
 .text.__i2b    0x0800eb28       0x14 /home/aghosh01/gcc-arm-none-eabi-4_7-2012q4/bin/../lib/gcc/arm-none-eabi/4.7.3/../../../../arm-none-eabi/lib/armv7e-m/fpu/libg.a(lib_a-mprec.o)
                0x0800eb28                __i2b
 .text.__multiply
                0x0800eb3c      0x2d0 /home/aghosh01/gcc-arm-none-eabi-4_7-2012q4/bin/../lib/gcc/arm-none-eabi/4.7.3/../../../../arm-none-eabi/lib/armv7e-m/fpu/libg.a(lib_a-mprec.o)
                0x0800eb3c                __multiply
 .text.__pow5mult
                0x0800ee0c       0x94 /home/aghosh01/gcc-arm-none-eabi-4_7-2012q4/bin/../lib/gcc/arm-none-eabi/4.7.3/../../../../arm-none-eabi/lib/armv7e-m/fpu/libg.a(lib_a-mprec.o)
                0x0800ee0c                __pow5mult
 .text.__lshift
                0x0800eea0      0x188 /home/aghosh01/gcc-arm-none-eabi-4_7-2012q4/bin/../lib/gcc/arm-none-eabi/4.7.3/../../../../arm-none-eabi/lib/armv7e-m/fpu/libg.a(lib_a-mprec.o)
                0x0800eea0                __lshift
 .text.__mcmp   0x0800f028       0x5c /home/aghosh01/gcc-arm-none-eabi-4_7-2012q4/bin/../lib/gcc/arm-none-eabi/4.7.3/../../../../arm-none-eabi/lib/armv7e-m/fpu/libg.a(lib_a-mprec.o)
                0x0800f028                __mcmp
 .text.__mdiff  0x0800f084      0x20c /home/aghosh01/gcc-arm-none-eabi-4_7-2012q4/bin/../lib/gcc/arm-none-eabi/4.7.3/../../../../arm-none-eabi/lib/armv7e-m/fpu/libg.a(lib_a-mprec.o)
                0x0800f084                __mdiff
 .text.__d2b    0x0800f290       0xb4 /home/aghosh01/gcc-arm-none-eabi-4_7-2012q4/bin/../lib/gcc/arm-none-eabi/4.7.3/../../../../arm-none-eabi/lib/armv7e-m/fpu/libg.a(lib_a-mprec.o)
                0x0800f290                __d2b
 .text._sbrk_r  0x0800f344       0x24 /home/aghosh01/gcc-arm-none-eabi-4_7-2012q4/bin/../lib/gcc/arm-none-eabi/4.7.3/../../../../arm-none-eabi/lib/armv7e-m/fpu/libg.a(lib_a-sbrkr.o)
                0x0800f344                _sbrk_r
 .text.__sread  0x0800f368       0x24 /home/aghosh01/gcc-arm-none-eabi-4_7-2012q4/bin/../lib/gcc/arm-none-eabi/4.7.3/../../../../arm-none-eabi/lib/armv7e-m/fpu/libg.a(lib_a-stdio.o)
                0x0800f368                __sread
 .text.__swrite
                0x0800f38c       0x44 /home/aghosh01/gcc-arm-none-eabi-4_7-2012q4/bin/../lib/gcc/arm-none-eabi/4.7.3/../../../../arm-none-eabi/lib/armv7e-m/fpu/libg.a(lib_a-stdio.o)
                0x0800f38c                __swrite
 .text.__sseek  0x0800f3d0       0x24 /home/aghosh01/gcc-arm-none-eabi-4_7-2012q4/bin/../lib/gcc/arm-none-eabi/4.7.3/../../../../arm-none-eabi/lib/armv7e-m/fpu/libg.a(lib_a-stdio.o)
                0x0800f3d0                __sseek
 .text.__sclose
                0x0800f3f4        0x8 /home/aghosh01/gcc-arm-none-eabi-4_7-2012q4/bin/../lib/gcc/arm-none-eabi/4.7.3/../../../../arm-none-eabi/lib/armv7e-m/fpu/libg.a(lib_a-stdio.o)
                0x0800f3f4                __sclose
 .text.strlen   0x0800f3fc       0x60 /home/aghosh01/gcc-arm-none-eabi-4_7-2012q4/bin/../lib/gcc/arm-none-eabi/4.7.3/../../../../arm-none-eabi/lib/armv7e-m/fpu/libg.a(lib_a-strlen.o)
                0x0800f3fc                strlen
 .text.__sprint_r
                0x0800f45c       0xc0 /home/aghosh01/gcc-arm-none-eabi-4_7-2012q4/bin/../lib/gcc/arm-none-eabi/4.7.3/../../../../arm-none-eabi/lib/armv7e-m/fpu/libg.a(lib_a-vfiprintf.o)
                0x0800f45c                __sprint_r
 .text._write_r
                0x0800f51c       0x28 /home/aghosh01/gcc-arm-none-eabi-4_7-2012q4/bin/../lib/gcc/arm-none-eabi/4.7.3/../../../../arm-none-eabi/lib/armv7e-m/fpu/libg.a(lib_a-writer.o)
                0x0800f51c                _write_r
 .text._calloc_r
                0x0800f544       0x60 /home/aghosh01/gcc-arm-none-eabi-4_7-2012q4/bin/../lib/gcc/arm-none-eabi/4.7.3/../../../../arm-none-eabi/lib/armv7e-m/fpu/libg.a(lib_a-callocr.o)
                0x0800f544                _calloc_r
 .text._close_r
                0x0800f5a4       0x24 /home/aghosh01/gcc-arm-none-eabi-4_7-2012q4/bin/../lib/gcc/arm-none-eabi/4.7.3/../../../../arm-none-eabi/lib/armv7e-m/fpu/libg.a(lib_a-closer.o)
                0x0800f5a4                _close_r
 .text._fclose_r
                0x0800f5c8       0x94 /home/aghosh01/gcc-arm-none-eabi-4_7-2012q4/bin/../lib/gcc/arm-none-eabi/4.7.3/../../../../arm-none-eabi/lib/armv7e-m/fpu/libg.a(lib_a-fclose.o)
                0x0800f5c8                _fclose_r
 .text.fclose   0x0800f65c       0x10 /home/aghosh01/gcc-arm-none-eabi-4_7-2012q4/bin/../lib/gcc/arm-none-eabi/4.7.3/../../../../arm-none-eabi/lib/armv7e-m/fpu/libg.a(lib_a-fclose.o)
                0x0800f65c                fclose
 .text._fputwc_r
                0x0800f66c      0x1b0 /home/aghosh01/gcc-arm-none-eabi-4_7-2012q4/bin/../lib/gcc/arm-none-eabi/4.7.3/../../../../arm-none-eabi/lib/armv7e-m/fpu/libg.a(lib_a-fputwc.o)
                0x0800f66c                _fputwc_r
 .text._fstat_r
                0x0800f81c       0x28 /home/aghosh01/gcc-arm-none-eabi-4_7-2012q4/bin/../lib/gcc/arm-none-eabi/4.7.3/../../../../arm-none-eabi/lib/armv7e-m/fpu/libg.a(lib_a-fstatr.o)
                0x0800f81c                _fstat_r
 .text.__sfvwrite_r
                0x0800f844      0x314 /home/aghosh01/gcc-arm-none-eabi-4_7-2012q4/bin/../lib/gcc/arm-none-eabi/4.7.3/../../../../arm-none-eabi/lib/armv7e-m/fpu/libg.a(lib_a-fvwrite.o)
                0x0800f844                __sfvwrite_r
 .text._isatty_r
                0x0800fb58       0x24 /home/aghosh01/gcc-arm-none-eabi-4_7-2012q4/bin/../lib/gcc/arm-none-eabi/4.7.3/../../../../arm-none-eabi/lib/armv7e-m/fpu/libg.a(lib_a-isattyr.o)
                0x0800fb58                _isatty_r
 .text._lseek_r
                0x0800fb7c       0x28 /home/aghosh01/gcc-arm-none-eabi-4_7-2012q4/bin/../lib/gcc/arm-none-eabi/4.7.3/../../../../arm-none-eabi/lib/armv7e-m/fpu/libg.a(lib_a-lseekr.o)
                0x0800fb7c                _lseek_r
 .text.memmove  0x0800fba4      0x198 /home/aghosh01/gcc-arm-none-eabi-4_7-2012q4/bin/../lib/gcc/arm-none-eabi/4.7.3/../../../../arm-none-eabi/lib/armv7e-m/fpu/libg.a(lib_a-memmove.o)
                0x0800fba4                memmove
 .text._read_r  0x0800fd3c       0x28 /home/aghosh01/gcc-arm-none-eabi-4_7-2012q4/bin/../lib/gcc/arm-none-eabi/4.7.3/../../../../arm-none-eabi/lib/armv7e-m/fpu/libg.a(lib_a-readr.o)
                0x0800fd3c                _read_r
 .text._realloc_r
                0x0800fd64      0x3dc /home/aghosh01/gcc-arm-none-eabi-4_7-2012q4/bin/../lib/gcc/arm-none-eabi/4.7.3/../../../../arm-none-eabi/lib/armv7e-m/fpu/libg.a(lib_a-reallocr.o)
                0x0800fd64                _realloc_r
 .text.__swbuf_r
                0x08010140       0xbc /home/aghosh01/gcc-arm-none-eabi-4_7-2012q4/bin/../lib/gcc/arm-none-eabi/4.7.3/../../../../arm-none-eabi/lib/armv7e-m/fpu/libg.a(lib_a-wbuf.o)
                0x08010140                __swbuf_r
 .text._wcrtomb_r
                0x080101fc       0x50 /home/aghosh01/gcc-arm-none-eabi-4_7-2012q4/bin/../lib/gcc/arm-none-eabi/4.7.3/../../../../arm-none-eabi/lib/armv7e-m/fpu/libg.a(lib_a-wcrtomb.o)
                0x080101fc                _wcrtomb_r
 .text.__ascii_wctomb
                0x0801024c       0x1c /home/aghosh01/gcc-arm-none-eabi-4_7-2012q4/bin/../lib/gcc/arm-none-eabi/4.7.3/../../../../arm-none-eabi/lib/armv7e-m/fpu/libg.a(lib_a-wctomb_r.o)
                0x0801024c                __ascii_wctomb
 *(.rodata)
 .rodata        0x08010268       0x5c ./src/main.o
 .rodata        0x080102c4       0x24 ./src/newlib_stubs.o
 *(.rodata*)
 .rodata.str1.4
                0x080102e8        0x5 /home/aghosh01/gcc-arm-none-eabi-4_7-2012q4/bin/../lib/gcc/arm-none-eabi/4.7.3/../../../../arm-none-eabi/lib/armv7e-m/fpu/libm.a(lib_a-w_sqrt.o)
                                  0x8 (size before relaxing)
 *fill*         0x080102ed        0x3 00
 .rodata.str1.4
                0x080102f0        0x2 /home/aghosh01/gcc-arm-none-eabi-4_7-2012q4/bin/../lib/gcc/arm-none-eabi/4.7.3/../../../../arm-none-eabi/lib/armv7e-m/fpu/libg.a(lib_a-impure.o)
                                  0x4 (size before relaxing)
 *fill*         0x080102f2        0x2 00
 .rodata._global_impure_ptr
                0x080102f4        0x4 /home/aghosh01/gcc-arm-none-eabi-4_7-2012q4/bin/../lib/gcc/arm-none-eabi/4.7.3/../../../../arm-none-eabi/lib/armv7e-m/fpu/libg.a(lib_a-impure.o)
                0x080102f4                _global_impure_ptr
 .rodata.blanks.6735
                0x080102f8       0x10 /home/aghosh01/gcc-arm-none-eabi-4_7-2012q4/bin/../lib/gcc/arm-none-eabi/4.7.3/../../../../arm-none-eabi/lib/armv7e-m/fpu/libg.a(lib_a-vfprintf.o)
 .rodata.str1.4
                0x08010308       0x42 /home/aghosh01/gcc-arm-none-eabi-4_7-2012q4/bin/../lib/gcc/arm-none-eabi/4.7.3/../../../../arm-none-eabi/lib/armv7e-m/fpu/libg.a(lib_a-vfprintf.o)
                                 0x44 (size before relaxing)
 *fill*         0x0801034a        0x2 00
 .rodata.zeroes.6736
                0x0801034c       0x10 /home/aghosh01/gcc-arm-none-eabi-4_7-2012q4/bin/../lib/gcc/arm-none-eabi/4.7.3/../../../../arm-none-eabi/lib/armv7e-m/fpu/libg.a(lib_a-vfprintf.o)
 .rodata.str1.4
                0x0801035c       0x10 /home/aghosh01/gcc-arm-none-eabi-4_7-2012q4/bin/../lib/gcc/arm-none-eabi/4.7.3/../../../../arm-none-eabi/lib/armv7e-m/fpu/libg.a(lib_a-dtoa.o)
                                 0x14 (size before relaxing)
 .rodata.str1.4
                0x0801036c        0xc /home/aghosh01/gcc-arm-none-eabi-4_7-2012q4/bin/../lib/gcc/arm-none-eabi/4.7.3/../../../../arm-none-eabi/lib/armv7e-m/fpu/libg.a(lib_a-locale.o)
                                 0x14 (size before relaxing)
 .rodata.p05.5242
                0x08010378        0xc /home/aghosh01/gcc-arm-none-eabi-4_7-2012q4/bin/../lib/gcc/arm-none-eabi/4.7.3/../../../../arm-none-eabi/lib/armv7e-m/fpu/libg.a(lib_a-mprec.o)
 *fill*         0x08010384        0x4 00
 .rodata.__mprec_tens
                0x08010388       0xc8 /home/aghosh01/gcc-arm-none-eabi-4_7-2012q4/bin/../lib/gcc/arm-none-eabi/4.7.3/../../../../arm-none-eabi/lib/armv7e-m/fpu/libg.a(lib_a-mprec.o)
                0x08010388                __mprec_tens
 .rodata.__mprec_bigtens
                0x08010450       0x28 /home/aghosh01/gcc-arm-none-eabi-4_7-2012q4/bin/../lib/gcc/arm-none-eabi/4.7.3/../../../../arm-none-eabi/lib/armv7e-m/fpu/libg.a(lib_a-mprec.o)
                0x08010450                __mprec_bigtens
 *(.glue_7)
 .glue_7        0x00000000        0x0 linker stubs
 *(.glue_7t)
 .glue_7t       0x00000000        0x0 linker stubs
 *(.eh_frame)
 .eh_frame      0x08010478        0x0 /home/aghosh01/gcc-arm-none-eabi-4_7-2012q4/bin/../lib/gcc/arm-none-eabi/4.7.3/armv7e-m/fpu/crtbegin.o
 *(.init)
 .init          0x08010478        0x4 /home/aghosh01/gcc-arm-none-eabi-4_7-2012q4/bin/../lib/gcc/arm-none-eabi/4.7.3/armv7e-m/fpu/crti.o
                0x08010478                _init
 .init          0x0801047c        0x8 /home/aghosh01/gcc-arm-none-eabi-4_7-2012q4/bin/../lib/gcc/arm-none-eabi/4.7.3/armv7e-m/fpu/crtn.o
 *(.fini)
 .fini          0x08010484        0x4 /home/aghosh01/gcc-arm-none-eabi-4_7-2012q4/bin/../lib/gcc/arm-none-eabi/4.7.3/armv7e-m/fpu/crti.o
                0x08010484                _fini
 .fini          0x08010488        0x8 /home/aghosh01/gcc-arm-none-eabi-4_7-2012q4/bin/../lib/gcc/arm-none-eabi/4.7.3/armv7e-m/fpu/crtn.o
                0x08010490                . = ALIGN (0x4)
                0x08010490                _etext = .

.vfp11_veneer   0x08010490        0x0
 .vfp11_veneer  0x00000000        0x0 linker stubs

.v4_bx          0x08010490        0x0
 .v4_bx         0x00000000        0x0 linker stubs

.iplt           0x08010490        0x0
 .iplt          0x00000000        0x0 /home/aghosh01/gcc-arm-none-eabi-4_7-2012q4/bin/../lib/gcc/arm-none-eabi/4.7.3/armv7e-m/fpu/crtbegin.o

.ARM.extab
 *(.ARM.extab* .gnu.linkonce.armextab.*)

.ARM            0x08010490        0x8
                0x08010490                __exidx_start = .
 *(.ARM.exidx*)
 .ARM.exidx     0x08010490        0x8 /home/aghosh01/gcc-arm-none-eabi-4_7-2012q4/bin/../lib/gcc/arm-none-eabi/4.7.3/armv7e-m/fpu/libgcc.a(_divdi3.o)
 .ARM.exidx     0x08010498        0x0 /home/aghosh01/gcc-arm-none-eabi-4_7-2012q4/bin/../lib/gcc/arm-none-eabi/4.7.3/armv7e-m/fpu/libgcc.a(_udivdi3.o)
                                  0x8 (size before relaxing)
                0x08010498                __exidx_end = .

.rel.dyn        0x08010498        0x0
 .rel.iplt      0x00000000        0x0 /home/aghosh01/gcc-arm-none-eabi-4_7-2012q4/bin/../lib/gcc/arm-none-eabi/4.7.3/armv7e-m/fpu/crtbegin.o

.preinit_array  0x08010498        0x0
                0x08010498                PROVIDE (__preinit_array_start, .)
 *(.preinit_array*)
                0x08010498                PROVIDE (__preinit_array_end, .)

.init_array     0x08010498        0x8
                0x08010498                PROVIDE (__init_array_start, .)
 *(SORT(.init_array.*))
 .init_array.00000
                0x08010498        0x4 /home/aghosh01/gcc-arm-none-eabi-4_7-2012q4/bin/../lib/gcc/arm-none-eabi/4.7.3/../../../../arm-none-eabi/lib/armv7e-m/fpu/libg.a(lib_a-__call_atexit.o)
 *(.init_array*)
 .init_array    0x0801049c        0x4 /home/aghosh01/gcc-arm-none-eabi-4_7-2012q4/bin/../lib/gcc/arm-none-eabi/4.7.3/armv7e-m/fpu/crtbegin.o
                0x080104a0                PROVIDE (__init_array_end, .)

.fini_array     0x080104a0        0x4
                0x080104a0                PROVIDE (__fini_array_start, .)
 *(SORT(.fini_array.*))
 *(.fini_array*)
 .fini_array    0x080104a0        0x4 /home/aghosh01/gcc-arm-none-eabi-4_7-2012q4/bin/../lib/gcc/arm-none-eabi/4.7.3/armv7e-m/fpu/crtbegin.o
                0x080104a4                PROVIDE (__fini_array_end, .)
                0x080104a8                _sidata = LOADADDR (.data)

.data           0x20000000      0x904 load address 0x080104a8
                0x20000000                . = ALIGN (0x4)
                0x20000000                _sdata = .
 *(.data)
 .data          0x20000000       0x20 ./src/main.o
                0x20000000                led_matrix
 .data          0x20000020       0x2c ./src/stm32f30x_rcc.o
 .data          0x2000004c        0x4 ./src/stm32f3_discovery_l3gd20.o
                0x2000004c                L3GD20Timeout
 .data          0x20000050       0x14 ./src/system_stm32f30x.o
                0x20000050                SystemCoreClock
                0x20000054                AHBPrescTable
 *(.data*)
 .data.__fdlib_version
                0x20000064        0x1 /home/aghosh01/gcc-arm-none-eabi-4_7-2012q4/bin/../lib/gcc/arm-none-eabi/4.7.3/../../../../arm-none-eabi/lib/armv7e-m/fpu/libm.a(lib_a-s_lib_ver.o)
                0x20000064                __fdlib_version
 *fill*         0x20000065        0x3 00
 .data.impure_data
                0x20000068      0x428 /home/aghosh01/gcc-arm-none-eabi-4_7-2012q4/bin/../lib/gcc/arm-none-eabi/4.7.3/../../../../arm-none-eabi/lib/armv7e-m/fpu/libg.a(lib_a-impure.o)
 .data._impure_ptr
                0x20000490        0x4 /home/aghosh01/gcc-arm-none-eabi-4_7-2012q4/bin/../lib/gcc/arm-none-eabi/4.7.3/../../../../arm-none-eabi/lib/armv7e-m/fpu/libg.a(lib_a-impure.o)
                0x20000490                _impure_ptr
 .data.lconv    0x20000494       0x38 /home/aghosh01/gcc-arm-none-eabi-4_7-2012q4/bin/../lib/gcc/arm-none-eabi/4.7.3/../../../../arm-none-eabi/lib/armv7e-m/fpu/libg.a(lib_a-locale.o)
 .data.lc_ctype_charset
                0x200004cc       0x20 /home/aghosh01/gcc-arm-none-eabi-4_7-2012q4/bin/../lib/gcc/arm-none-eabi/4.7.3/../../../../arm-none-eabi/lib/armv7e-m/fpu/libg.a(lib_a-locale.o)
 .data.__mb_cur_max
                0x200004ec        0x4 /home/aghosh01/gcc-arm-none-eabi-4_7-2012q4/bin/../lib/gcc/arm-none-eabi/4.7.3/../../../../arm-none-eabi/lib/armv7e-m/fpu/libg.a(lib_a-locale.o)
                0x200004ec                __mb_cur_max
 .data.__malloc_av_
                0x200004f0      0x408 /home/aghosh01/gcc-arm-none-eabi-4_7-2012q4/bin/../lib/gcc/arm-none-eabi/4.7.3/../../../../arm-none-eabi/lib/armv7e-m/fpu/libg.a(lib_a-mallocr.o)
                0x200004f0                __malloc_av_
 .data.__malloc_trim_threshold
                0x200008f8        0x4 /home/aghosh01/gcc-arm-none-eabi-4_7-2012q4/bin/../lib/gcc/arm-none-eabi/4.7.3/../../../../arm-none-eabi/lib/armv7e-m/fpu/libg.a(lib_a-mallocr.o)
                0x200008f8                __malloc_trim_threshold
 .data.__malloc_sbrk_base
                0x200008fc        0x4 /home/aghosh01/gcc-arm-none-eabi-4_7-2012q4/bin/../lib/gcc/arm-none-eabi/4.7.3/../../../../arm-none-eabi/lib/armv7e-m/fpu/libg.a(lib_a-mallocr.o)
                0x200008fc                __malloc_sbrk_base
 .data.__wctomb
                0x20000900        0x4 /home/aghosh01/gcc-arm-none-eabi-4_7-2012q4/bin/../lib/gcc/arm-none-eabi/4.7.3/../../../../arm-none-eabi/lib/armv7e-m/fpu/libg.a(lib_a-wctomb_r.o)
                0x20000900                __wctomb
                0x20000904                . = ALIGN (0x4)
                0x20000904                _edata = .
                0x08010dac                _siccmram = LOADADDR (.ccmram)

.jcr            0x20000904        0x0 load address 0x08010dac
 .jcr           0x20000904        0x0 /home/aghosh01/gcc-arm-none-eabi-4_7-2012q4/bin/../lib/gcc/arm-none-eabi/4.7.3/armv7e-m/fpu/crtbegin.o

.igot.plt       0x20000904        0x0 load address 0x08010dac
 .igot.plt      0x00000000        0x0 /home/aghosh01/gcc-arm-none-eabi-4_7-2012q4/bin/../lib/gcc/arm-none-eabi/4.7.3/armv7e-m/fpu/crtbegin.o

.ccmram         0x10000000        0x0 load address 0x08010dac
                0x10000000                . = ALIGN (0x4)
                0x10000000                _sccmram = .
 *(.ccmram)
 *(.ccmram*)
                0x10000000                . = ALIGN (0x4)
                0x10000000                _eccmram = .
                0x10000000                . = ALIGN (0x4)

.bss            0x20000904       0xc8
                0x20000904                _sbss = .
                0x20000904                __bss_start__ = _sbss
 *(.bss)
 .bss           0x20000904       0x1c /home/aghosh01/gcc-arm-none-eabi-4_7-2012q4/bin/../lib/gcc/arm-none-eabi/4.7.3/armv7e-m/fpu/crtbegin.o
 .bss           0x20000920       0x6c ./src/main.o
                0x20000920                led_iter
                0x20000924                left_enc
                0x2000094c                right_enc
                0x20000974                gyro_angle_x
                0x20000978                gyro_bias_x
                0x2000097c                adcval
                0x20000980                adcData
                0x20000988                new_data
 .bss           0x2000098c        0x8 ./src/newlib_stubs.o
                0x2000098c                __env
 *(.bss*)
 .bss.__malloc_max_total_mem
                0x20000994        0x4 /home/aghosh01/gcc-arm-none-eabi-4_7-2012q4/bin/../lib/gcc/arm-none-eabi/4.7.3/../../../../arm-none-eabi/lib/armv7e-m/fpu/libg.a(lib_a-mallocr.o)
                0x20000994                __malloc_max_total_mem
 .bss.__malloc_max_sbrked_mem
                0x20000998        0x4 /home/aghosh01/gcc-arm-none-eabi-4_7-2012q4/bin/../lib/gcc/arm-none-eabi/4.7.3/../../../../arm-none-eabi/lib/armv7e-m/fpu/libg.a(lib_a-mallocr.o)
                0x20000998                __malloc_max_sbrked_mem
 .bss.__malloc_top_pad
                0x2000099c        0x4 /home/aghosh01/gcc-arm-none-eabi-4_7-2012q4/bin/../lib/gcc/arm-none-eabi/4.7.3/../../../../arm-none-eabi/lib/armv7e-m/fpu/libg.a(lib_a-mallocr.o)
                0x2000099c                __malloc_top_pad
 .bss.__malloc_current_mallinfo
                0x200009a0       0x28 /home/aghosh01/gcc-arm-none-eabi-4_7-2012q4/bin/../lib/gcc/arm-none-eabi/4.7.3/../../../../arm-none-eabi/lib/armv7e-m/fpu/libg.a(lib_a-mallocr.o)
                0x200009a0                __malloc_current_mallinfo
 *(COMMON)
 COMMON         0x200009c8        0x4 /home/aghosh01/gcc-arm-none-eabi-4_7-2012q4/bin/../lib/gcc/arm-none-eabi/4.7.3/../../../../arm-none-eabi/lib/armv7e-m/fpu/libg.a(lib_a-reent.o)
                0x200009c8                errno
                0x200009cc                . = ALIGN (0x4)
                0x200009cc                _ebss = .
                0x200009cc                __bss_end__ = _ebss

._user_heap_stack
                0x200009cc      0x200
                0x200009cc                . = ALIGN (0x4)
                0x200009cc                PROVIDE (end, .)
                0x200009cc                PROVIDE (_end, .)
                0x200009cc                . = (. + _Min_Heap_Size)
                0x20000bcc                . = (. + _Min_Stack_Size)
 *fill*         0x200009cc      0x200 00
                0x20000bcc                . = ALIGN (0x4)

.memory_b1_text
 *(.mb1text)
 *(.mb1text*)
 *(.mb1rodata)
 *(.mb1rodata*)

/DISCARD/
 libc.a(*)
 libm.a(*)
 libgcc.a(*)

.ARM.attributes
                0x00000000       0x32
 *(.ARM.attributes)
 .ARM.attributes
                0x00000000       0x24 /home/aghosh01/gcc-arm-none-eabi-4_7-2012q4/bin/../lib/gcc/arm-none-eabi/4.7.3/armv7e-m/fpu/crti.o
 .ARM.attributes
                0x00000024       0x36 /home/aghosh01/gcc-arm-none-eabi-4_7-2012q4/bin/../lib/gcc/arm-none-eabi/4.7.3/armv7e-m/fpu/crtbegin.o
 .ARM.attributes
                0x0000005a       0x3b ./src/debug.o
 .ARM.attributes
                0x00000095       0x3b ./src/encoder.o
 .ARM.attributes
                0x000000d0       0x3b ./src/interrupt_defs.o
 .ARM.attributes
                0x0000010b       0x3b ./src/main.o
 .ARM.attributes
                0x00000146       0x3b ./src/newlib_stubs.o
 .ARM.attributes
                0x00000181       0x3b ./src/pwm.o
 .ARM.attributes
                0x000001bc       0x21 ./src/startup_stm32f30x.o
 .ARM.attributes
                0x000001dd       0x3b ./src/stm32f30x_adc.o
 .ARM.attributes
                0x00000218       0x3b ./src/stm32f30x_dma.o
 .ARM.attributes
                0x00000253       0x3b ./src/stm32f30x_gpio.o
 .ARM.attributes
                0x0000028e       0x3b ./src/stm32f30x_misc.o
 .ARM.attributes
                0x000002c9       0x3b ./src/stm32f30x_rcc.o
 .ARM.attributes
                0x00000304       0x3b ./src/stm32f30x_spi.o
 .ARM.attributes
                0x0000033f       0x3b ./src/stm32f30x_tim.o
 .ARM.attributes
                0x0000037a       0x3b ./src/stm32f30x_usart.o
 .ARM.attributes
                0x000003b5       0x3b ./src/stm32f3_discovery_l3gd20.o
 .ARM.attributes
                0x000003f0       0x3b ./src/system_stm32f30x.o
 .ARM.attributes
                0x0000042b       0x36 /home/aghosh01/gcc-arm-none-eabi-4_7-2012q4/bin/../lib/gcc/arm-none-eabi/4.7.3/../../../../arm-none-eabi/lib/armv7e-m/fpu/libm.a(lib_a-w_sqrt.o)
 .ARM.attributes
                0x00000461       0x36 /home/aghosh01/gcc-arm-none-eabi-4_7-2012q4/bin/../lib/gcc/arm-none-eabi/4.7.3/../../../../arm-none-eabi/lib/armv7e-m/fpu/libm.a(lib_a-e_sqrt.o)
 .ARM.attributes
                0x00000497       0x36 /home/aghosh01/gcc-arm-none-eabi-4_7-2012q4/bin/../lib/gcc/arm-none-eabi/4.7.3/../../../../arm-none-eabi/lib/armv7e-m/fpu/libm.a(lib_a-s_fpclassify.o)
 .ARM.attributes
                0x000004cd       0x36 /home/aghosh01/gcc-arm-none-eabi-4_7-2012q4/bin/../lib/gcc/arm-none-eabi/4.7.3/../../../../arm-none-eabi/lib/armv7e-m/fpu/libm.a(lib_a-s_lib_ver.o)
 .ARM.attributes
                0x00000503       0x36 /home/aghosh01/gcc-arm-none-eabi-4_7-2012q4/bin/../lib/gcc/arm-none-eabi/4.7.3/../../../../arm-none-eabi/lib/armv7e-m/fpu/libm.a(lib_a-s_matherr.o)
 .ARM.attributes
                0x00000539       0x24 /home/aghosh01/gcc-arm-none-eabi-4_7-2012q4/bin/../lib/gcc/arm-none-eabi/4.7.3/armv7e-m/fpu/libgcc.a(_arm_addsubdf3.o)
 .ARM.attributes
                0x0000055d       0x24 /home/aghosh01/gcc-arm-none-eabi-4_7-2012q4/bin/../lib/gcc/arm-none-eabi/4.7.3/armv7e-m/fpu/libgcc.a(_arm_muldivdf3.o)
 .ARM.attributes
                0x00000581       0x24 /home/aghosh01/gcc-arm-none-eabi-4_7-2012q4/bin/../lib/gcc/arm-none-eabi/4.7.3/armv7e-m/fpu/libgcc.a(_arm_cmpdf2.o)
 .ARM.attributes
                0x000005a5       0x24 /home/aghosh01/gcc-arm-none-eabi-4_7-2012q4/bin/../lib/gcc/arm-none-eabi/4.7.3/armv7e-m/fpu/libgcc.a(_arm_fixdfsi.o)
 .ARM.attributes
                0x000005c9       0x36 /home/aghosh01/gcc-arm-none-eabi-4_7-2012q4/bin/../lib/gcc/arm-none-eabi/4.7.3/../../../../arm-none-eabi/lib/armv7e-m/fpu/libg.a(lib_a-__atexit.o)
 .ARM.attributes
                0x000005ff       0x36 /home/aghosh01/gcc-arm-none-eabi-4_7-2012q4/bin/../lib/gcc/arm-none-eabi/4.7.3/../../../../arm-none-eabi/lib/armv7e-m/fpu/libg.a(lib_a-errno.o)
 .ARM.attributes
                0x00000635       0x36 /home/aghosh01/gcc-arm-none-eabi-4_7-2012q4/bin/../lib/gcc/arm-none-eabi/4.7.3/../../../../arm-none-eabi/lib/armv7e-m/fpu/libg.a(lib_a-fini.o)
 .ARM.attributes
                0x0000066b       0x36 /home/aghosh01/gcc-arm-none-eabi-4_7-2012q4/bin/../lib/gcc/arm-none-eabi/4.7.3/../../../../arm-none-eabi/lib/armv7e-m/fpu/libg.a(lib_a-impure.o)
 .ARM.attributes
                0x000006a1       0x36 /home/aghosh01/gcc-arm-none-eabi-4_7-2012q4/bin/../lib/gcc/arm-none-eabi/4.7.3/../../../../arm-none-eabi/lib/armv7e-m/fpu/libg.a(lib_a-memset.o)
 .ARM.attributes
                0x000006d7       0x36 /home/aghosh01/gcc-arm-none-eabi-4_7-2012q4/bin/../lib/gcc/arm-none-eabi/4.7.3/../../../../arm-none-eabi/lib/armv7e-m/fpu/libg.a(lib_a-printf.o)
 .ARM.attributes
                0x0000070d       0x36 /home/aghosh01/gcc-arm-none-eabi-4_7-2012q4/bin/../lib/gcc/arm-none-eabi/4.7.3/../../../../arm-none-eabi/lib/armv7e-m/fpu/libg.a(lib_a-reent.o)
 .ARM.attributes
                0x00000743       0x36 /home/aghosh01/gcc-arm-none-eabi-4_7-2012q4/bin/../lib/gcc/arm-none-eabi/4.7.3/../../../../arm-none-eabi/lib/armv7e-m/fpu/libg.a(lib_a-vfprintf.o)
 .ARM.attributes
                0x00000779       0x36 /home/aghosh01/gcc-arm-none-eabi-4_7-2012q4/bin/../lib/gcc/arm-none-eabi/4.7.3/../../../../arm-none-eabi/lib/armv7e-m/fpu/libg.a(lib_a-wsetup.o)
 .ARM.attributes
                0x000007af       0x36 /home/aghosh01/gcc-arm-none-eabi-4_7-2012q4/bin/../lib/gcc/arm-none-eabi/4.7.3/../../../../arm-none-eabi/lib/armv7e-m/fpu/libg.a(lib_a-__call_atexit.o)
 .ARM.attributes
                0x000007e5       0x36 /home/aghosh01/gcc-arm-none-eabi-4_7-2012q4/bin/../lib/gcc/arm-none-eabi/4.7.3/../../../../arm-none-eabi/lib/armv7e-m/fpu/libg.a(lib_a-atexit.o)
 .ARM.attributes
                0x0000081b       0x36 /home/aghosh01/gcc-arm-none-eabi-4_7-2012q4/bin/../lib/gcc/arm-none-eabi/4.7.3/../../../../arm-none-eabi/lib/armv7e-m/fpu/libg.a(lib_a-dtoa.o)
 .ARM.attributes
                0x00000851       0x36 /home/aghosh01/gcc-arm-none-eabi-4_7-2012q4/bin/../lib/gcc/arm-none-eabi/4.7.3/../../../../arm-none-eabi/lib/armv7e-m/fpu/libg.a(lib_a-fflush.o)
 .ARM.attributes
                0x00000887       0x36 /home/aghosh01/gcc-arm-none-eabi-4_7-2012q4/bin/../lib/gcc/arm-none-eabi/4.7.3/../../../../arm-none-eabi/lib/armv7e-m/fpu/libg.a(lib_a-findfp.o)
 .ARM.attributes
                0x000008bd       0x36 /home/aghosh01/gcc-arm-none-eabi-4_7-2012q4/bin/../lib/gcc/arm-none-eabi/4.7.3/../../../../arm-none-eabi/lib/armv7e-m/fpu/libg.a(lib_a-freer.o)
 .ARM.attributes
                0x000008f3       0x36 /home/aghosh01/gcc-arm-none-eabi-4_7-2012q4/bin/../lib/gcc/arm-none-eabi/4.7.3/../../../../arm-none-eabi/lib/armv7e-m/fpu/libg.a(lib_a-fwalk.o)
 .ARM.attributes
                0x00000929       0x36 /home/aghosh01/gcc-arm-none-eabi-4_7-2012q4/bin/../lib/gcc/arm-none-eabi/4.7.3/../../../../arm-none-eabi/lib/armv7e-m/fpu/libg.a(lib_a-locale.o)
 .ARM.attributes
                0x0000095f       0x36 /home/aghosh01/gcc-arm-none-eabi-4_7-2012q4/bin/../lib/gcc/arm-none-eabi/4.7.3/../../../../arm-none-eabi/lib/armv7e-m/fpu/libg.a(lib_a-makebuf.o)
 .ARM.attributes
                0x00000995       0x36 /home/aghosh01/gcc-arm-none-eabi-4_7-2012q4/bin/../lib/gcc/arm-none-eabi/4.7.3/../../../../arm-none-eabi/lib/armv7e-m/fpu/libg.a(lib_a-mallocr.o)
 .ARM.attributes
                0x000009cb       0x36 /home/aghosh01/gcc-arm-none-eabi-4_7-2012q4/bin/../lib/gcc/arm-none-eabi/4.7.3/../../../../arm-none-eabi/lib/armv7e-m/fpu/libg.a(lib_a-memchr.o)
 .ARM.attributes
                0x00000a01       0x36 /home/aghosh01/gcc-arm-none-eabi-4_7-2012q4/bin/../lib/gcc/arm-none-eabi/4.7.3/../../../../arm-none-eabi/lib/armv7e-m/fpu/libg.a(lib_a-memcpy.o)
 .ARM.attributes
                0x00000a37       0x36 /home/aghosh01/gcc-arm-none-eabi-4_7-2012q4/bin/../lib/gcc/arm-none-eabi/4.7.3/../../../../arm-none-eabi/lib/armv7e-m/fpu/libg.a(lib_a-mlock.o)
 .ARM.attributes
                0x00000a6d       0x36 /home/aghosh01/gcc-arm-none-eabi-4_7-2012q4/bin/../lib/gcc/arm-none-eabi/4.7.3/../../../../arm-none-eabi/lib/armv7e-m/fpu/libg.a(lib_a-mprec.o)
 .ARM.attributes
                0x00000aa3       0x36 /home/aghosh01/gcc-arm-none-eabi-4_7-2012q4/bin/../lib/gcc/arm-none-eabi/4.7.3/../../../../arm-none-eabi/lib/armv7e-m/fpu/libg.a(lib_a-sbrkr.o)
 .ARM.attributes
                0x00000ad9       0x36 /home/aghosh01/gcc-arm-none-eabi-4_7-2012q4/bin/../lib/gcc/arm-none-eabi/4.7.3/../../../../arm-none-eabi/lib/armv7e-m/fpu/libg.a(lib_a-stdio.o)
 .ARM.attributes
                0x00000b0f       0x36 /home/aghosh01/gcc-arm-none-eabi-4_7-2012q4/bin/../lib/gcc/arm-none-eabi/4.7.3/../../../../arm-none-eabi/lib/armv7e-m/fpu/libg.a(lib_a-strlen.o)
 .ARM.attributes
                0x00000b45       0x36 /home/aghosh01/gcc-arm-none-eabi-4_7-2012q4/bin/../lib/gcc/arm-none-eabi/4.7.3/../../../../arm-none-eabi/lib/armv7e-m/fpu/libg.a(lib_a-vfiprintf.o)
 .ARM.attributes
                0x00000b7b       0x36 /home/aghosh01/gcc-arm-none-eabi-4_7-2012q4/bin/../lib/gcc/arm-none-eabi/4.7.3/../../../../arm-none-eabi/lib/armv7e-m/fpu/libg.a(lib_a-writer.o)
 .ARM.attributes
                0x00000bb1       0x36 /home/aghosh01/gcc-arm-none-eabi-4_7-2012q4/bin/../lib/gcc/arm-none-eabi/4.7.3/../../../../arm-none-eabi/lib/armv7e-m/fpu/libg.a(lib_a-callocr.o)
 .ARM.attributes
                0x00000be7       0x36 /home/aghosh01/gcc-arm-none-eabi-4_7-2012q4/bin/../lib/gcc/arm-none-eabi/4.7.3/../../../../arm-none-eabi/lib/armv7e-m/fpu/libg.a(lib_a-closer.o)
 .ARM.attributes
                0x00000c1d       0x36 /home/aghosh01/gcc-arm-none-eabi-4_7-2012q4/bin/../lib/gcc/arm-none-eabi/4.7.3/../../../../arm-none-eabi/lib/armv7e-m/fpu/libg.a(lib_a-fclose.o)
 .ARM.attributes
                0x00000c53       0x36 /home/aghosh01/gcc-arm-none-eabi-4_7-2012q4/bin/../lib/gcc/arm-none-eabi/4.7.3/../../../../arm-none-eabi/lib/armv7e-m/fpu/libg.a(lib_a-fputwc.o)
 .ARM.attributes
                0x00000c89       0x36 /home/aghosh01/gcc-arm-none-eabi-4_7-2012q4/bin/../lib/gcc/arm-none-eabi/4.7.3/../../../../arm-none-eabi/lib/armv7e-m/fpu/libg.a(lib_a-fstatr.o)
 .ARM.attributes
                0x00000cbf       0x36 /home/aghosh01/gcc-arm-none-eabi-4_7-2012q4/bin/../lib/gcc/arm-none-eabi/4.7.3/../../../../arm-none-eabi/lib/armv7e-m/fpu/libg.a(lib_a-fvwrite.o)
 .ARM.attributes
                0x00000cf5       0x36 /home/aghosh01/gcc-arm-none-eabi-4_7-2012q4/bin/../lib/gcc/arm-none-eabi/4.7.3/../../../../arm-none-eabi/lib/armv7e-m/fpu/libg.a(lib_a-isattyr.o)
 .ARM.attributes
                0x00000d2b       0x36 /home/aghosh01/gcc-arm-none-eabi-4_7-2012q4/bin/../lib/gcc/arm-none-eabi/4.7.3/../../../../arm-none-eabi/lib/armv7e-m/fpu/libg.a(lib_a-lseekr.o)
 .ARM.attributes
                0x00000d61       0x36 /home/aghosh01/gcc-arm-none-eabi-4_7-2012q4/bin/../lib/gcc/arm-none-eabi/4.7.3/../../../../arm-none-eabi/lib/armv7e-m/fpu/libg.a(lib_a-memmove.o)
 .ARM.attributes
                0x00000d97       0x36 /home/aghosh01/gcc-arm-none-eabi-4_7-2012q4/bin/../lib/gcc/arm-none-eabi/4.7.3/../../../../arm-none-eabi/lib/armv7e-m/fpu/libg.a(lib_a-readr.o)
 .ARM.attributes
                0x00000dcd       0x36 /home/aghosh01/gcc-arm-none-eabi-4_7-2012q4/bin/../lib/gcc/arm-none-eabi/4.7.3/../../../../arm-none-eabi/lib/armv7e-m/fpu/libg.a(lib_a-reallocr.o)
 .ARM.attributes
                0x00000e03       0x36 /home/aghosh01/gcc-arm-none-eabi-4_7-2012q4/bin/../lib/gcc/arm-none-eabi/4.7.3/../../../../arm-none-eabi/lib/armv7e-m/fpu/libg.a(lib_a-wbuf.o)
 .ARM.attributes
                0x00000e39       0x36 /home/aghosh01/gcc-arm-none-eabi-4_7-2012q4/bin/../lib/gcc/arm-none-eabi/4.7.3/../../../../arm-none-eabi/lib/armv7e-m/fpu/libg.a(lib_a-wcrtomb.o)
 .ARM.attributes
                0x00000e6f       0x36 /home/aghosh01/gcc-arm-none-eabi-4_7-2012q4/bin/../lib/gcc/arm-none-eabi/4.7.3/../../../../arm-none-eabi/lib/armv7e-m/fpu/libg.a(lib_a-wctomb_r.o)
 .ARM.attributes
                0x00000ea5       0x24 /home/aghosh01/gcc-arm-none-eabi-4_7-2012q4/bin/../lib/gcc/arm-none-eabi/4.7.3/armv7e-m/fpu/libgcc.a(_aeabi_uldivmod.o)
 .ARM.attributes
                0x00000ec9       0x36 /home/aghosh01/gcc-arm-none-eabi-4_7-2012q4/bin/../lib/gcc/arm-none-eabi/4.7.3/armv7e-m/fpu/libgcc.a(bpabi.o)
 .ARM.attributes
                0x00000eff       0x24 /home/aghosh01/gcc-arm-none-eabi-4_7-2012q4/bin/../lib/gcc/arm-none-eabi/4.7.3/armv7e-m/fpu/libgcc.a(_dvmd_tls.o)
 .ARM.attributes
                0x00000f23       0x36 /home/aghosh01/gcc-arm-none-eabi-4_7-2012q4/bin/../lib/gcc/arm-none-eabi/4.7.3/armv7e-m/fpu/libgcc.a(_divdi3.o)
 .ARM.attributes
                0x00000f59       0x36 /home/aghosh01/gcc-arm-none-eabi-4_7-2012q4/bin/../lib/gcc/arm-none-eabi/4.7.3/armv7e-m/fpu/libgcc.a(_udivdi3.o)
 .ARM.attributes
                0x00000f8f       0x24 /home/aghosh01/gcc-arm-none-eabi-4_7-2012q4/bin/../lib/gcc/arm-none-eabi/4.7.3/armv7e-m/fpu/crtn.o
OUTPUT(STM32F3x.elf elf32-littlearm)

.debug_info     0x00000000     0xbb23
 .debug_info    0x00000000      0x9bc ./src/debug.o
 .debug_info    0x000009bc      0x910 ./src/encoder.o
 .debug_info    0x000012cc      0x8a0 ./src/interrupt_defs.o
 .debug_info    0x00001b6c     0x107f ./src/main.o
 .debug_info    0x00002beb      0x866 ./src/newlib_stubs.o
 .debug_info    0x00003451      0x83b ./src/pwm.o
 .debug_info    0x00003c8c       0x6d ./src/startup_stm32f30x.o
 .debug_info    0x00003cf9     0x14b5 ./src/stm32f30x_adc.o
 .debug_info    0x000051ae      0x4b5 ./src/stm32f30x_dma.o
 .debug_info    0x00005663      0x63f ./src/stm32f30x_gpio.o
 .debug_info    0x00005ca2      0x596 ./src/stm32f30x_misc.o
 .debug_info    0x00006238      0xb85 ./src/stm32f30x_rcc.o
 .debug_info    0x00006dbd      0xc50 ./src/stm32f30x_spi.o
 .debug_info    0x00007a0d     0x2404 ./src/stm32f30x_tim.o
 .debug_info    0x00009e11      0xfe1 ./src/stm32f30x_usart.o
 .debug_info    0x0000adf2      0x854 ./src/stm32f3_discovery_l3gd20.o
 .debug_info    0x0000b646      0x4dd ./src/system_stm32f30x.o

.debug_abbrev   0x00000000     0x18cc
 .debug_abbrev  0x00000000      0x141 ./src/debug.o
 .debug_abbrev  0x00000141      0x17a ./src/encoder.o
 .debug_abbrev  0x000002bb      0x17a ./src/interrupt_defs.o
 .debug_abbrev  0x00000435      0x224 ./src/main.o
 .debug_abbrev  0x00000659      0x201 ./src/newlib_stubs.o
 .debug_abbrev  0x0000085a      0x14a ./src/pwm.o
 .debug_abbrev  0x000009a4       0x12 ./src/startup_stm32f30x.o
 .debug_abbrev  0x000009b6      0x195 ./src/stm32f30x_adc.o
 .debug_abbrev  0x00000b4b      0x15a ./src/stm32f30x_dma.o
 .debug_abbrev  0x00000ca5      0x199 ./src/stm32f30x_gpio.o
 .debug_abbrev  0x00000e3e      0x12c ./src/stm32f30x_misc.o
 .debug_abbrev  0x00000f6a      0x1e8 ./src/stm32f30x_rcc.o
 .debug_abbrev  0x00001152      0x18e ./src/stm32f30x_spi.o
 .debug_abbrev  0x000012e0      0x18c ./src/stm32f30x_tim.o
 .debug_abbrev  0x0000146c      0x15a ./src/stm32f30x_usart.o
 .debug_abbrev  0x000015c6      0x1bc ./src/stm32f3_discovery_l3gd20.o
 .debug_abbrev  0x00001782      0x14a ./src/system_stm32f30x.o

.debug_loc      0x00000000     0x532a
 .debug_loc     0x00000000       0xa8 ./src/debug.o
 .debug_loc     0x000000a8       0xe0 ./src/encoder.o
 .debug_loc     0x00000188       0xf6 ./src/interrupt_defs.o
 .debug_loc     0x0000027e      0x182 ./src/main.o
 .debug_loc     0x00000400      0x3a0 ./src/newlib_stubs.o
 .debug_loc     0x000007a0      0x11e ./src/pwm.o
 .debug_loc     0x000008be      0xdc8 ./src/stm32f30x_adc.o
 .debug_loc     0x00001686      0x268 ./src/stm32f30x_dma.o
 .debug_loc     0x000018ee      0x2d8 ./src/stm32f30x_gpio.o
 .debug_loc     0x00001bc6      0x118 ./src/stm32f30x_misc.o
 .debug_loc     0x00001cde      0x864 ./src/stm32f30x_rcc.o
 .debug_loc     0x00002542      0x702 ./src/stm32f30x_spi.o
 .debug_loc     0x00002c44     0x18f0 ./src/stm32f30x_tim.o
 .debug_loc     0x00004534      0xaba ./src/stm32f30x_usart.o
 .debug_loc     0x00004fee      0x2a0 ./src/stm32f3_discovery_l3gd20.o
 .debug_loc     0x0000528e       0x9c ./src/system_stm32f30x.o

.debug_aranges  0x00000000      0x228
 .debug_aranges
                0x00000000       0x20 ./src/debug.o
 .debug_aranges
                0x00000020       0x20 ./src/encoder.o
 .debug_aranges
                0x00000040       0x20 ./src/interrupt_defs.o
 .debug_aranges
                0x00000060       0x20 ./src/main.o
 .debug_aranges
                0x00000080       0x20 ./src/newlib_stubs.o
 .debug_aranges
                0x000000a0       0x20 ./src/pwm.o
 .debug_aranges
                0x000000c0       0x28 ./src/startup_stm32f30x.o
 .debug_aranges
                0x000000e8       0x20 ./src/stm32f30x_adc.o
 .debug_aranges
                0x00000108       0x20 ./src/stm32f30x_dma.o
 .debug_aranges
                0x00000128       0x20 ./src/stm32f30x_gpio.o
 .debug_aranges
                0x00000148       0x20 ./src/stm32f30x_misc.o
 .debug_aranges
                0x00000168       0x20 ./src/stm32f30x_rcc.o
 .debug_aranges
                0x00000188       0x20 ./src/stm32f30x_spi.o
 .debug_aranges
                0x000001a8       0x20 ./src/stm32f30x_tim.o
 .debug_aranges
                0x000001c8       0x20 ./src/stm32f30x_usart.o
 .debug_aranges
                0x000001e8       0x20 ./src/stm32f3_discovery_l3gd20.o
 .debug_aranges
                0x00000208       0x20 ./src/system_stm32f30x.o

.debug_macro    0x00000000    0x11a7f
 .debug_macro   0x00000000      0x253 ./src/debug.o
 .debug_macro   0x00000253      0x814 ./src/debug.o
 .debug_macro   0x00000a67       0x10 ./src/debug.o
 .debug_macro   0x00000a77       0x7b ./src/debug.o
 .debug_macro   0x00000af2       0x3b ./src/debug.o
 .debug_macro   0x00000b2d      0x214 ./src/debug.o
 .debug_macro   0x00000d41       0x18 ./src/debug.o
 .debug_macro   0x00000d59       0x42 ./src/debug.o
 .debug_macro   0x00000d9b      0xc91 ./src/debug.o
 .debug_macro   0x00001a2c     0x76cc ./src/debug.o
 .debug_macro   0x000090f8      0x5a6 ./src/debug.o
 .debug_macro   0x0000969e      0x3c9 ./src/debug.o
 .debug_macro   0x00009a67       0x40 ./src/debug.o
 .debug_macro   0x00009aa7      0x22b ./src/debug.o
 .debug_macro   0x00009cd2      0x190 ./src/debug.o
 .debug_macro   0x00009e62       0x88 ./src/debug.o
 .debug_macro   0x00009eea      0x3a2 ./src/debug.o
 .debug_macro   0x0000a28c      0x10e ./src/debug.o
 .debug_macro   0x0000a39a      0x1de ./src/debug.o
 .debug_macro   0x0000a578      0x1b0 ./src/debug.o
 .debug_macro   0x0000a728      0x1d9 ./src/debug.o
 .debug_macro   0x0000a901      0x294 ./src/debug.o
 .debug_macro   0x0000ab95       0x6a ./src/debug.o
 .debug_macro   0x0000abff      0x106 ./src/debug.o
 .debug_macro   0x0000ad05       0xb2 ./src/debug.o
 .debug_macro   0x0000adb7      0x5c0 ./src/debug.o
 .debug_macro   0x0000b377      0x54b ./src/debug.o
 .debug_macro   0x0000b8c2      0x3a5 ./src/debug.o
 .debug_macro   0x0000bc67      0x8d2 ./src/debug.o
 .debug_macro   0x0000c539      0x35e ./src/debug.o
 .debug_macro   0x0000c897       0x2e ./src/debug.o
 .debug_macro   0x0000c8c5       0x83 ./src/debug.o
 .debug_macro   0x0000c948      0x2f2 ./src/encoder.o
 .debug_macro   0x0000cc3a       0x3a ./src/encoder.o
 .debug_macro   0x0000cc74       0x2e ./src/encoder.o
 .debug_macro   0x0000cca2       0x94 ./src/encoder.o
 .debug_macro   0x0000cd36       0x3a ./src/encoder.o
 .debug_macro   0x0000cd70       0x52 ./src/encoder.o
 .debug_macro   0x0000cdc2       0x19 ./src/encoder.o
 .debug_macro   0x0000cddb      0x16d ./src/encoder.o
 .debug_macro   0x0000cf48      0x1cc ./src/encoder.o
 .debug_macro   0x0000d114       0x28 ./src/encoder.o
 .debug_macro   0x0000d13c      0x309 ./src/interrupt_defs.o
 .debug_macro   0x0000d445      0x311 ./src/interrupt_defs.o
 .debug_macro   0x0000d756      0x365 ./src/main.o
 .debug_macro   0x0000dabb       0x10 ./src/main.o
 .debug_macro   0x0000dacb       0x16 ./src/main.o
 .debug_macro   0x0000dae1       0x89 ./src/main.o
 .debug_macro   0x0000db6a       0x10 ./src/main.o
 .debug_macro   0x0000db7a       0x10 ./src/main.o
 .debug_macro   0x0000db8a       0xf5 ./src/main.o
 .debug_macro   0x0000dc7f       0x22 ./src/main.o
 .debug_macro   0x0000dca1       0x91 ./src/main.o
 .debug_macro   0x0000dd32       0x16 ./src/main.o
 .debug_macro   0x0000dd48      0x16d ./src/main.o
 .debug_macro   0x0000deb5      0x351 ./src/newlib_stubs.o
 .debug_macro   0x0000e206      0x7f6 ./src/newlib_stubs.o
 .debug_macro   0x0000e9fc       0x10 ./src/newlib_stubs.o
 .debug_macro   0x0000ea0c       0x94 ./src/newlib_stubs.o
 .debug_macro   0x0000eaa0      0x239 ./src/newlib_stubs.o
 .debug_macro   0x0000ecd9       0x10 ./src/newlib_stubs.o
 .debug_macro   0x0000ece9       0x16 ./src/newlib_stubs.o
 .debug_macro   0x0000ecff       0xf5 ./src/newlib_stubs.o
 .debug_macro   0x0000edf4       0x34 ./src/newlib_stubs.o
 .debug_macro   0x0000ee28      0x120 ./src/newlib_stubs.o
 .debug_macro   0x0000ef48       0x16 ./src/newlib_stubs.o
 .debug_macro   0x0000ef5e       0x35 ./src/newlib_stubs.o
 .debug_macro   0x0000ef93      0x495 ./src/newlib_stubs.o
 .debug_macro   0x0000f428      0xc91 ./src/newlib_stubs.o
 .debug_macro   0x000100b9      0x2e3 ./src/pwm.o
 .debug_macro   0x0001039c      0x23e ./src/stm32f30x_adc.o
 .debug_macro   0x000105da      0x276 ./src/stm32f30x_dma.o
 .debug_macro   0x00010850      0x226 ./src/stm32f30x_gpio.o
 .debug_macro   0x00010a76      0x228 ./src/stm32f30x_misc.o
 .debug_macro   0x00010c9e      0x2bf ./src/stm32f30x_rcc.o
 .debug_macro   0x00010f5d      0x23b ./src/stm32f30x_spi.o
 .debug_macro   0x00011198      0x250 ./src/stm32f30x_tim.o
 .debug_macro   0x000113e8      0x23e ./src/stm32f30x_usart.o
 .debug_macro   0x00011626      0x231 ./src/stm32f3_discovery_l3gd20.o
 .debug_macro   0x00011857      0x228 ./src/system_stm32f30x.o

.debug_line     0x00000000     0x54fa
 .debug_line    0x00000000      0x433 ./src/debug.o
 .debug_line    0x00000433      0x5a2 ./src/encoder.o
 .debug_line    0x000009d5      0x622 ./src/interrupt_defs.o
 .debug_line    0x00000ff7      0x71f ./src/main.o
 .debug_line    0x00001716      0x5ff ./src/newlib_stubs.o
 .debug_line    0x00001d15      0x60f ./src/pwm.o
 .debug_line    0x00002324       0x76 ./src/startup_stm32f30x.o
 .debug_line    0x0000239a      0x611 ./src/stm32f30x_adc.o
 .debug_line    0x000029ab      0x40f ./src/stm32f30x_dma.o
 .debug_line    0x00002dba      0x40d ./src/stm32f30x_gpio.o
 .debug_line    0x000031c7      0x3ad ./src/stm32f30x_misc.o
 .debug_line    0x00003574      0x52d ./src/stm32f30x_rcc.o
 .debug_line    0x00003aa1      0x4d4 ./src/stm32f30x_spi.o
 .debug_line    0x00003f75      0x817 ./src/stm32f30x_tim.o
 .debug_line    0x0000478c      0x521 ./src/stm32f30x_usart.o
 .debug_line    0x00004cad      0x470 ./src/stm32f3_discovery_l3gd20.o
 .debug_line    0x0000511d      0x3dd ./src/system_stm32f30x.o

.debug_str      0x00000000    0x5d2b2
 .debug_str     0x00000000    0x53817 ./src/debug.o
                              0x53a87 (size before relaxing)
 .debug_str     0x00053817     0x2539 ./src/encoder.o
                              0x55e53 (size before relaxing)
 .debug_str     0x00055d50     0x1104 ./src/interrupt_defs.o
                              0x56798 (size before relaxing)
 .debug_str     0x00056e54     0x10cb ./src/main.o
                              0x57fb4 (size before relaxing)
 .debug_str     0x00057f1f     0x1ab8 ./src/newlib_stubs.o
                              0x56a1c (size before relaxing)
 .debug_str     0x000599d7      0x1a9 ./src/pwm.o
                              0x5595d (size before relaxing)
 .debug_str     0x00059b80      0x865 ./src/stm32f30x_adc.o
                              0x53b1a (size before relaxing)
 .debug_str     0x0005a3e5      0x5e8 ./src/stm32f30x_dma.o
                              0x53795 (size before relaxing)
 .debug_str     0x0005a9cd      0x140 ./src/stm32f30x_gpio.o
                              0x5339a (size before relaxing)
 .debug_str     0x0005ab0d      0x1ab ./src/stm32f30x_misc.o
                              0x532fe (size before relaxing)
 .debug_str     0x0005acb8      0xa50 ./src/stm32f30x_rcc.o
                              0x53b4e (size before relaxing)
 .debug_str     0x0005b708      0x4c1 ./src/stm32f30x_spi.o
                              0x5372b (size before relaxing)
 .debug_str     0x0005bbc9      0xc87 ./src/stm32f30x_tim.o
                              0x53f41 (size before relaxing)
 .debug_str     0x0005c850      0x759 ./src/stm32f30x_usart.o
                              0x53a22 (size before relaxing)
 .debug_str     0x0005cfa9      0x283 ./src/stm32f3_discovery_l3gd20.o
                              0x54567 (size before relaxing)
 .debug_str     0x0005d22c       0x86 ./src/system_stm32f30x.o
                              0x53217 (size before relaxing)

.comment        0x00000000       0x70
 .comment       0x00000000       0x70 ./src/debug.o
                                 0x71 (size before relaxing)
 .comment       0x00000000       0x71 ./src/encoder.o
 .comment       0x00000000       0x71 ./src/interrupt_defs.o
 .comment       0x00000000       0x71 ./src/main.o
 .comment       0x00000000       0x71 ./src/newlib_stubs.o
 .comment       0x00000000       0x71 ./src/pwm.o
 .comment       0x00000000       0x71 ./src/stm32f30x_adc.o
 .comment       0x00000000       0x71 ./src/stm32f30x_dma.o
 .comment       0x00000000       0x71 ./src/stm32f30x_gpio.o
 .comment       0x00000000       0x71 ./src/stm32f30x_misc.o
 .comment       0x00000000       0x71 ./src/stm32f30x_rcc.o
 .comment       0x00000000       0x71 ./src/stm32f30x_spi.o
 .comment       0x00000000       0x71 ./src/stm32f30x_tim.o
 .comment       0x00000000       0x71 ./src/stm32f30x_usart.o
 .comment       0x00000000       0x71 ./src/stm32f3_discovery_l3gd20.o
 .comment       0x00000000       0x71 ./src/system_stm32f30x.o

.debug_frame    0x00000000     0x3a24
 .debug_frame   0x00000000       0x70 ./src/debug.o
 .debug_frame   0x00000070       0x8c ./src/encoder.o
 .debug_frame   0x000000fc       0xa8 ./src/interrupt_defs.o
 .debug_frame   0x000001a4       0xec ./src/main.o
 .debug_frame   0x00000290      0x1f8 ./src/newlib_stubs.o
 .debug_frame   0x00000488       0xc4 ./src/pwm.o
 .debug_frame   0x0000054c      0x6f8 ./src/stm32f30x_adc.o
 .debug_frame   0x00000c44      0x144 ./src/stm32f30x_dma.o
 .debug_frame   0x00000d88      0x180 ./src/stm32f30x_gpio.o
 .debug_frame   0x00000f08       0x9c ./src/stm32f30x_misc.o
 .debug_frame   0x00000fa4      0x458 ./src/stm32f30x_rcc.o
 .debug_frame   0x000013fc      0x398 ./src/stm32f30x_spi.o
 .debug_frame   0x00001794      0xca4 ./src/stm32f30x_tim.o
 .debug_frame   0x00002438      0x574 ./src/stm32f30x_usart.o
 .debug_frame   0x000029ac      0x190 ./src/stm32f3_discovery_l3gd20.o
 .debug_frame   0x00002b3c       0x64 ./src/system_stm32f30x.o
 .debug_frame   0x00002ba0       0x34 /home/aghosh01/gcc-arm-none-eabi-4_7-2012q4/bin/../lib/gcc/arm-none-eabi/4.7.3/../../../../arm-none-eabi/lib/armv7e-m/fpu/libm.a(lib_a-w_sqrt.o)
 .debug_frame   0x00002bd4       0x3c /home/aghosh01/gcc-arm-none-eabi-4_7-2012q4/bin/../lib/gcc/arm-none-eabi/4.7.3/../../../../arm-none-eabi/lib/armv7e-m/fpu/libm.a(lib_a-e_sqrt.o)
 .debug_frame   0x00002c10       0x20 /home/aghosh01/gcc-arm-none-eabi-4_7-2012q4/bin/../lib/gcc/arm-none-eabi/4.7.3/../../../../arm-none-eabi/lib/armv7e-m/fpu/libm.a(lib_a-s_fpclassify.o)
 .debug_frame   0x00002c30       0x20 /home/aghosh01/gcc-arm-none-eabi-4_7-2012q4/bin/../lib/gcc/arm-none-eabi/4.7.3/../../../../arm-none-eabi/lib/armv7e-m/fpu/libm.a(lib_a-s_matherr.o)
 .debug_frame   0x00002c50       0x34 /home/aghosh01/gcc-arm-none-eabi-4_7-2012q4/bin/../lib/gcc/arm-none-eabi/4.7.3/../../../../arm-none-eabi/lib/armv7e-m/fpu/libg.a(lib_a-__atexit.o)
 .debug_frame   0x00002c84       0x20 /home/aghosh01/gcc-arm-none-eabi-4_7-2012q4/bin/../lib/gcc/arm-none-eabi/4.7.3/../../../../arm-none-eabi/lib/armv7e-m/fpu/libg.a(lib_a-errno.o)
 .debug_frame   0x00002ca4       0x2c /home/aghosh01/gcc-arm-none-eabi-4_7-2012q4/bin/../lib/gcc/arm-none-eabi/4.7.3/../../../../arm-none-eabi/lib/armv7e-m/fpu/libg.a(lib_a-fini.o)
 .debug_frame   0x00002cd0       0x2c /home/aghosh01/gcc-arm-none-eabi-4_7-2012q4/bin/../lib/gcc/arm-none-eabi/4.7.3/../../../../arm-none-eabi/lib/armv7e-m/fpu/libg.a(lib_a-memset.o)
 .debug_frame   0x00002cfc       0x58 /home/aghosh01/gcc-arm-none-eabi-4_7-2012q4/bin/../lib/gcc/arm-none-eabi/4.7.3/../../../../arm-none-eabi/lib/armv7e-m/fpu/libg.a(lib_a-printf.o)
 .debug_frame   0x00002d54       0x6c /home/aghosh01/gcc-arm-none-eabi-4_7-2012q4/bin/../lib/gcc/arm-none-eabi/4.7.3/../../../../arm-none-eabi/lib/armv7e-m/fpu/libg.a(lib_a-reent.o)
 .debug_frame   0x00002dc0       0x58 /home/aghosh01/gcc-arm-none-eabi-4_7-2012q4/bin/../lib/gcc/arm-none-eabi/4.7.3/../../../../arm-none-eabi/lib/armv7e-m/fpu/libg.a(lib_a-vfprintf.o)
 .debug_frame   0x00002e18       0x2c /home/aghosh01/gcc-arm-none-eabi-4_7-2012q4/bin/../lib/gcc/arm-none-eabi/4.7.3/../../../../arm-none-eabi/lib/armv7e-m/fpu/libg.a(lib_a-wsetup.o)
 .debug_frame   0x00002e44       0x48 /home/aghosh01/gcc-arm-none-eabi-4_7-2012q4/bin/../lib/gcc/arm-none-eabi/4.7.3/../../../../arm-none-eabi/lib/armv7e-m/fpu/libg.a(lib_a-__call_atexit.o)
 .debug_frame   0x00002e8c       0x20 /home/aghosh01/gcc-arm-none-eabi-4_7-2012q4/bin/../lib/gcc/arm-none-eabi/4.7.3/../../../../arm-none-eabi/lib/armv7e-m/fpu/libg.a(lib_a-atexit.o)
 .debug_frame   0x00002eac       0x64 /home/aghosh01/gcc-arm-none-eabi-4_7-2012q4/bin/../lib/gcc/arm-none-eabi/4.7.3/../../../../arm-none-eabi/lib/armv7e-m/fpu/libg.a(lib_a-dtoa.o)