Archive member included to satisfy reference by file (symbol)

/home/aghosh01/TrinityCodebase/Athena/arm-none-eabi-gcc_5_4_BE/gcc-arm-none-eabi-5_4-2017q1_BE_LINUX/bin/../lib/gcc/arm-none-eabi/5.4.1/../../../../arm-none-eabi/lib/armv7e-m/fpu/libc.a(lib_a-exit.o)
                              /home/aghosh01/TrinityCodebase/Athena/arm-none-eabi-gcc_5_4_BE/gcc-arm-none-eabi-5_4-2017q1_BE_LINUX/bin/../lib/gcc/arm-none-eabi/5.4.1/../../../../arm-none-eabi/lib/armv7e-m/fpu/crt0.o (exit)
/home/aghosh01/TrinityCodebase/Athena/arm-none-eabi-gcc_5_4_BE/gcc-arm-none-eabi-5_4-2017q1_BE_LINUX/bin/../lib/gcc/arm-none-eabi/5.4.1/../../../../arm-none-eabi/lib/armv7e-m/fpu/libc.a(lib_a-impure.o)
                              /home/aghosh01/TrinityCodebase/Athena/arm-none-eabi-gcc_5_4_BE/gcc-arm-none-eabi-5_4-2017q1_BE_LINUX/bin/../lib/gcc/arm-none-eabi/5.4.1/../../../../arm-none-eabi/lib/armv7e-m/fpu/libc.a(lib_a-exit.o) (_global_impure_ptr)
/home/aghosh01/TrinityCodebase/Athena/arm-none-eabi-gcc_5_4_BE/gcc-arm-none-eabi-5_4-2017q1_BE_LINUX/bin/../lib/gcc/arm-none-eabi/5.4.1/../../../../arm-none-eabi/lib/armv7e-m/fpu/libc.a(lib_a-init.o)
                              /home/aghosh01/TrinityCodebase/Athena/arm-none-eabi-gcc_5_4_BE/gcc-arm-none-eabi-5_4-2017q1_BE_LINUX/bin/../lib/gcc/arm-none-eabi/5.4.1/../../../../arm-none-eabi/lib/armv7e-m/fpu/crt0.o (__libc_init_array)
/home/aghosh01/TrinityCodebase/Athena/arm-none-eabi-gcc_5_4_BE/gcc-arm-none-eabi-5_4-2017q1_BE_LINUX/bin/../lib/gcc/arm-none-eabi/5.4.1/../../../../arm-none-eabi/lib/armv7e-m/fpu/libc.a(lib_a-memset.o)
                              /home/aghosh01/TrinityCodebase/Athena/arm-none-eabi-gcc_5_4_BE/gcc-arm-none-eabi-5_4-2017q1_BE_LINUX/bin/../lib/gcc/arm-none-eabi/5.4.1/../../../../arm-none-eabi/lib/armv7e-m/fpu/crt0.o (memset)
/home/aghosh01/TrinityCodebase/Athena/arm-none-eabi-gcc_5_4_BE/gcc-arm-none-eabi-5_4-2017q1_BE_LINUX/bin/../lib/gcc/arm-none-eabi/5.4.1/../../../../arm-none-eabi/lib/armv7e-m/fpu/libc.a(lib_a-__call_atexit.o)
                              /home/aghosh01/TrinityCodebase/Athena/arm-none-eabi-gcc_5_4_BE/gcc-arm-none-eabi-5_4-2017q1_BE_LINUX/bin/../lib/gcc/arm-none-eabi/5.4.1/../../../../arm-none-eabi/lib/armv7e-m/fpu/libc.a(lib_a-exit.o) (__call_exitprocs)
/home/aghosh01/TrinityCodebase/Athena/arm-none-eabi-gcc_5_4_BE/gcc-arm-none-eabi-5_4-2017q1_BE_LINUX/bin/../lib/gcc/arm-none-eabi/5.4.1/../../../../arm-none-eabi/lib/armv7e-m/fpu/libc.a(lib_a-atexit.o)
                              /home/aghosh01/TrinityCodebase/Athena/arm-none-eabi-gcc_5_4_BE/gcc-arm-none-eabi-5_4-2017q1_BE_LINUX/bin/../lib/gcc/arm-none-eabi/5.4.1/../../../../arm-none-eabi/lib/armv7e-m/fpu/libc.a(lib_a-__call_atexit.o) (atexit)
/home/aghosh01/TrinityCodebase/Athena/arm-none-eabi-gcc_5_4_BE/gcc-arm-none-eabi-5_4-2017q1_BE_LINUX/bin/../lib/gcc/arm-none-eabi/5.4.1/../../../../arm-none-eabi/lib/armv7e-m/fpu/libc.a(lib_a-fini.o)
                              /home/aghosh01/TrinityCodebase/Athena/arm-none-eabi-gcc_5_4_BE/gcc-arm-none-eabi-5_4-2017q1_BE_LINUX/bin/../lib/gcc/arm-none-eabi/5.4.1/../../../../arm-none-eabi/lib/armv7e-m/fpu/libc.a(lib_a-__call_atexit.o) (__libc_fini_array)
/home/aghosh01/TrinityCodebase/Athena/arm-none-eabi-gcc_5_4_BE/gcc-arm-none-eabi-5_4-2017q1_BE_LINUX/bin/../lib/gcc/arm-none-eabi/5.4.1/../../../../arm-none-eabi/lib/armv7e-m/fpu/libc.a(lib_a-__atexit.o)
                              /home/aghosh01/TrinityCodebase/Athena/arm-none-eabi-gcc_5_4_BE/gcc-arm-none-eabi-5_4-2017q1_BE_LINUX/bin/../lib/gcc/arm-none-eabi/5.4.1/../../../../arm-none-eabi/lib/armv7e-m/fpu/libc.a(lib_a-atexit.o) (__register_exitproc)
/home/aghosh01/TrinityCodebase/Athena/arm-none-eabi-gcc_5_4_BE/gcc-arm-none-eabi-5_4-2017q1_BE_LINUX/bin/../lib/gcc/arm-none-eabi/5.4.1/../../../../arm-none-eabi/lib/armv7e-m/fpu/libm.a(lib_a-w_pow.o)
                              Theseus_2013_2016.o (pow)
/home/aghosh01/TrinityCodebase/Athena/arm-none-eabi-gcc_5_4_BE/gcc-arm-none-eabi-5_4-2017q1_BE_LINUX/bin/../lib/gcc/arm-none-eabi/5.4.1/../../../../arm-none-eabi/lib/armv7e-m/fpu/libm.a(lib_a-w_sqrt.o)
                              Theseus_2013_2016.o (sqrt)
/home/aghosh01/TrinityCodebase/Athena/arm-none-eabi-gcc_5_4_BE/gcc-arm-none-eabi-5_4-2017q1_BE_LINUX/bin/../lib/gcc/arm-none-eabi/5.4.1/../../../../arm-none-eabi/lib/armv7e-m/fpu/libm.a(lib_a-e_pow.o)
                              /home/aghosh01/TrinityCodebase/Athena/arm-none-eabi-gcc_5_4_BE/gcc-arm-none-eabi-5_4-2017q1_BE_LINUX/bin/../lib/gcc/arm-none-eabi/5.4.1/../../../../arm-none-eabi/lib/armv7e-m/fpu/libm.a(lib_a-w_pow.o) (__ieee754_pow)
/home/aghosh01/TrinityCodebase/Athena/arm-none-eabi-gcc_5_4_BE/gcc-arm-none-eabi-5_4-2017q1_BE_LINUX/bin/../lib/gcc/arm-none-eabi/5.4.1/../../../../arm-none-eabi/lib/armv7e-m/fpu/libm.a(lib_a-e_sqrt.o)
[...]
Memory Configuration

Name             Origin             Length             Attributes
FLASH            0x0000000008000000 0x0000000000040000 xr
RAM              0x0000000020000000 0x000000000000a000 xrw
MEMORY_B1        0x0000000060000000 0x0000000000000000 xr
CCMRAM           0x0000000010000000 0x0000000000002000 rw
*default*        0x0000000000000000 0xffffffffffffffff

Linker script and memory map

LOAD /home/aghosh01/TrinityCodebase/Athena/arm-none-eabi-gcc_5_4_BE/gcc-arm-none-eabi-5_4-2017q1_BE_LINUX/bin/../lib/gcc/arm-none-eabi/5.4.1/armv7e-m/fpu/crti.o
LOAD /home/aghosh01/TrinityCodebase/Athena/arm-none-eabi-gcc_5_4_BE/gcc-arm-none-eabi-5_4-2017q1_BE_LINUX/bin/../lib/gcc/arm-none-eabi/5.4.1/armv7e-m/fpu/crtbegin.o
LOAD /home/aghosh01/TrinityCodebase/Athena/arm-none-eabi-gcc_5_4_BE/gcc-arm-none-eabi-5_4-2017q1_BE_LINUX/bin/../lib/gcc/arm-none-eabi/5.4.1/../../../../arm-none-eabi/lib/armv7e-m/fpu/crt0.o
                0x000000002000a000                _estack = 0x2000a000
                0x0000000000000200                _Min_Heap_Size = 0x200
                0x0000000000000400                _Min_Stack_Size = 0x400

.isr_vector     0x0000000008000000      0x188
                0x0000000008000000                . = ALIGN (0x4)
 *(.isr_vector)
 .isr_vector    0x0000000008000000      0x188 ../Athena/arch/stm32_stdperiph/f3/src/CMSIS/startup_stm32f30x.o
                0x0000000008000000                g_pfnVectors
                0x0000000008000188                . = ALIGN (0x4)

.text           0x00000000080001c0     0x8a30
                0x00000000080001c0                . = ALIGN (0x4)
 *(.text)
 .text          0x00000000080001c0       0x5c /home/aghosh01/TrinityCodebase/Athena/arm-none-eabi-gcc_5_4_BE/gcc-arm-none-eabi-5_4-2017q1_BE_LINUX/bin/../lib/gcc/arm-none-eabi/5.4.1/armv7e-m/fpu/crtbegin.o
 *fill*         0x000000000800021c        0x4 
 .text          0x0000000008000220       0xa0 /home/aghosh01/TrinityCodebase/Athena/arm-none-eabi-gcc_5_4_BE/gcc-arm-none-eabi-5_4-2017q1_BE_LINUX/bin/../lib/gcc/arm-none-eabi/5.4.1/../../../../arm-none-eabi/lib/armv7e-m/fpu/libc.a(lib_a-memchr.o)
                0x0000000008000220                memchr
 .text          0x00000000080002c0      0x134 /home/aghosh01/TrinityCodebase/Athena/arm-none-eabi-gcc_5_4_BE/gcc-arm-none-eabi-5_4-2017q1_BE_LINUX/bin/../lib/gcc/arm-none-eabi/5.4.1/../../../../arm-none-eabi/lib/armv7e-m/fpu/libc.a(lib_a-memcpy.o)
                0x00000000080002c0                memcpy
 *fill*         0x00000000080003f4        0xc 
 .text          0x0000000008000400       0xdc /home/aghosh01/TrinityCodebase/Athena/arm-none-eabi-gcc_5_4_BE/gcc-arm-none-eabi-5_4-2017q1_BE_LINUX/bin/../lib/gcc/arm-none-eabi/5.4.1/../../../../arm-none-eabi/lib/armv7e-m/fpu/libc.a(lib_a-strlen.o)
                0x0000000008000400                strlen
 .text          0x00000000080004dc      0x370 /home/aghosh01/TrinityCodebase/Athena/arm-none-eabi-gcc_5_4_BE/gcc-arm-none-eabi-5_4-2017q1_BE_LINUX/bin/../lib/gcc/arm-none-eabi/5.4.1/armv7e-m/fpu/libgcc.a(_arm_addsubdf3.o)
                0x00000000080004dc                __aeabi_drsub
                0x00000000080004e4                __aeabi_dsub
                0x00000000080004e4                __subdf3
                0x00000000080004e8                __adddf3
                0x00000000080004e8                __aeabi_dadd
                0x0000000008000760                __aeabi_ui2d
                0x0000000008000760                __floatunsidf
                0x0000000008000780                __floatsidf
                0x0000000008000780                __aeabi_i2d
                0x00000000080007a4                __extendsfdf2
                0x00000000080007a4                __aeabi_f2d
                0x00000000080007e0                __aeabi_ul2d
                0x00000000080007e0                __floatundidf
                0x00000000080007f0                __floatdidf
                0x00000000080007f0                __aeabi_l2d
 .text          0x000000000800084c      0x424 /home/aghosh01/TrinityCodebase/Athena/arm-none-eabi-gcc_5_4_BE/gcc-arm-none-eabi-5_4-2017q1_BE_LINUX/bin/../lib/gcc/arm-none-eabi/5.4.1/armv7e-m/fpu/libgcc.a(_arm_muldivdf3.o)
                0x000000000800084c                __aeabi_dmul
                0x000000000800084c                __muldf3
                0x0000000008000aa0                __aeabi_ddiv
                0x0000000008000aa0                __divdf3
 .text          0x0000000008000c70      0x110 /home/aghosh01/TrinityCodebase/Athena/arm-none-eabi-gcc_5_4_BE/gcc-arm-none-eabi-5_4-2017q1_BE_LINUX/bin/../lib/gcc/arm-none-eabi/5.4.1/armv7e-m/fpu/libgcc.a(_arm_cmpdf2.o)
                0x0000000008000c70                __gtdf2
                0x0000000008000c70                __gedf2
                0x0000000008000c78                __ltdf2
                0x0000000008000c78                __ledf2
                0x0000000008000c80                __cmpdf2
                0x0000000008000c80                __eqdf2
                0x0000000008000c80                __nedf2
                0x0000000008000cfc                __aeabi_cdrcmple
                0x0000000008000d0c                __aeabi_cdcmple
                0x0000000008000d0c                __aeabi_cdcmpeq
                0x0000000008000d1c                __aeabi_dcmpeq
                0x0000000008000d30                __aeabi_dcmplt
                0x0000000008000d44                __aeabi_dcmple
                0x0000000008000d58                __aeabi_dcmpge
                0x0000000008000d6c                __aeabi_dcmpgt
 .text          0x0000000008000d80       0x2c /home/aghosh01/TrinityCodebase/Athena/arm-none-eabi-gcc_5_4_BE/gcc-arm-none-eabi-5_4-2017q1_BE_LINUX/bin/../lib/gcc/arm-none-eabi/5.4.1/armv7e-m/fpu/libgcc.a(_arm_unorddf2.o)
                0x0000000008000d80                __aeabi_dcmpun
                0x0000000008000d80                __unorddf2
 .text          0x0000000008000dac       0x50 /home/aghosh01/TrinityCodebase/Athena/arm-none-eabi-gcc_5_4_BE/gcc-arm-none-eabi-5_4-2017q1_BE_LINUX/bin/../lib/gcc/arm-none-eabi/5.4.1/armv7e-m/fpu/libgcc.a(_arm_fixdfsi.o)
                0x0000000008000dac                __fixdfsi
                0x0000000008000dac                __aeabi_d2iz
 .text          0x0000000008000dfc       0x30 /home/aghosh01/TrinityCodebase/Athena/arm-none-eabi-gcc_5_4_BE/gcc-arm-none-eabi-5_4-2017q1_BE_LINUX/bin/../lib/gcc/arm-none-eabi/5.4.1/armv7e-m/fpu/libgcc.a(_aeabi_uldivmod.o)
                0x0000000008000dfc                __aeabi_uldivmod
 .text          0x0000000008000e2c      0x2e4 /home/aghosh01/TrinityCodebase/Athena/arm-none-eabi-gcc_5_4_BE/gcc-arm-none-eabi-5_4-2017q1_BE_LINUX/bin/../lib/gcc/arm-none-eabi/5.4.1/armv7e-m/fpu/libgcc.a(_udivmoddi4.o)
                0x0000000008000e2c                __udivmoddi4
 .text          0x0000000008001110        0x4 /home/aghosh01/TrinityCodebase/Athena/arm-none-eabi-gcc_5_4_BE/gcc-arm-none-eabi-5_4-2017q1_BE_LINUX/bin/../lib/gcc/arm-none-eabi/5.4.1/armv7e-m/fpu/libgcc.a(_dvmd_tls.o)
                0x0000000008001110                __aeabi_ldiv0
                0x0000000008001110                __aeabi_idiv0
 *(.text*)
 .text.memset   0x0000000008001114       0x9c /home/aghosh01/TrinityCodebase/Athena/arm-none-eabi-gcc_5_4_BE/gcc-arm-none-eabi-5_4-2017q1_BE_LINUX/bin/../lib/gcc/arm-none-eabi/5.4.1/../../../../arm-none-eabi/lib/armv7e-m/fpu/libc.a(lib_a-memset.o)
                0x0000000008001114                memset
 .text.startup.register_fini
                0x00000000080011b0       0x14 /home/aghosh01/TrinityCodebase/Athena/arm-none-eabi-gcc_5_4_BE/gcc-arm-none-eabi-5_4-2017q1_BE_LINUX/bin/../lib/gcc/arm-none-eabi/5.4.1/../../../../arm-none-eabi/lib/armv7e-m/fpu/libc.a(lib_a-__call_atexit.o)
 .text.atexit   0x00000000080011c4        0xc /home/aghosh01/TrinityCodebase/Athena/arm-none-eabi-gcc_5_4_BE/gcc-arm-none-eabi-5_4-2017q1_BE_LINUX/bin/../lib/gcc/arm-none-eabi/5.4.1/../../../../arm-none-eabi/lib/armv7e-m/fpu/libc.a(lib_a-atexit.o)
                0x00000000080011c4                atexit
 .text.__libc_fini_array
                0x00000000080011d0       0x28 /home/aghosh01/TrinityCodebase/Athena/arm-none-eabi-gcc_5_4_BE/gcc-arm-none-eabi-5_4-2017q1_BE_LINUX/bin/../lib/gcc/arm-none-eabi/5.4.1/../../../../arm-none-eabi/lib/armv7e-m/fpu/libc.a(lib_a-fini.o)
                0x00000000080011d0                __libc_fini_array
 .text.__register_exitproc
                0x00000000080011f8       0xa4 /home/aghosh01/TrinityCodebase/Athena/arm-none-eabi-gcc_5_4_BE/gcc-arm-none-eabi-5_4-2017q1_BE_LINUX/bin/../lib/gcc/arm-none-eabi/5.4.1/../../../../arm-none-eabi/lib/armv7e-m/fpu/libc.a(lib_a-__atexit.o)
                0x00000000080011f8                __register_exitproc
 .text.DMA_DeInit
                0x000000000800129c      0x128 ../Athena/arch/stm32_stdperiph/f3/src/stm32f30x_dma.o
                0x000000000800129c                DMA_DeInit
 .text.DMA_Init
                0x00000000080013c4       0x40 ../Athena/arch/stm32_stdperiph/f3/src/stm32f30x_dma.o
                0x00000000080013c4                DMA_Init
 .text.DMA_StructInit
                0x0000000008001404       0x1c ../Athena/arch/stm32_stdperiph/f3/src/stm32f30x_dma.o
                0x0000000008001404                DMA_StructInit
 .text.DMA_Cmd  0x0000000008001420       0x18 ../Athena/arch/stm32_stdperiph/f3/src/stm32f30x_dma.o
                0x0000000008001420                DMA_Cmd
 .text.DMA_ITConfig
                0x0000000008001438       0x14 ../Athena/arch/stm32_stdperiph/f3/src/stm32f30x_dma.o
                0x0000000008001438                DMA_ITConfig
 .text.DMA_ClearITPendingBit
                0x000000000800144c       0x14 ../Athena/arch/stm32_stdperiph/f3/src/stm32f30x_dma.o
                0x000000000800144c                DMA_ClearITPendingBit
 .text.EXTI_Init
                0x0000000008001460      0x110 ../Athena/arch/stm32_stdperiph/f3/src/stm32f30x_exti.o
                0x0000000008001460                EXTI_Init
 .text.EXTI_ClearITPendingBit
                0x0000000008001570       0x18 ../Athena/arch/stm32_stdperiph/f3/src/stm32f30x_exti.o
                0x0000000008001570                EXTI_ClearITPendingBit
 .text.TIM_TimeBaseInit
                0x0000000008001588       0xb0 ../Athena/arch/stm32_stdperiph/f3/src/stm32f30x_tim.o
                0x0000000008001588                TIM_TimeBaseInit
 .text.TIM_SetCounter
                0x0000000008001638        0x4 ../Athena/arch/stm32_stdperiph/f3/src/stm32f30x_tim.o
                0x0000000008001638                TIM_SetCounter
 .text.TIM_GetCounter
                0x000000000800163c        0x4 ../Athena/arch/stm32_stdperiph/f3/src/stm32f30x_tim.o
                0x000000000800163c                TIM_GetCounter
 .text.TIM_ARRPreloadConfig
                0x0000000008001640       0x1c ../Athena/arch/stm32_stdperiph/f3/src/stm32f30x_tim.o
                0x0000000008001640                TIM_ARRPreloadConfig
 .text.TIM_Cmd  0x000000000800165c       0x1c ../Athena/arch/stm32_stdperiph/f3/src/stm32f30x_tim.o
                0x000000000800165c                TIM_Cmd
 .text.TIM_OC1Init
                0x0000000008001678       0x88 ../Athena/arch/stm32_stdperiph/f3/src/stm32f30x_tim.o
                0x0000000008001678                TIM_OC1Init
 .text.TIM_OC2Init
                0x0000000008001700       0x74 ../Athena/arch/stm32_stdperiph/f3/src/stm32f30x_tim.o
                0x0000000008001700                TIM_OC2Init
 .text.TIM_OC4Init
                0x0000000008001774       0x58 ../Athena/arch/stm32_stdperiph/f3/src/stm32f30x_tim.o
                0x0000000008001774                TIM_OC4Init
 .text.TIM_SetCompare1
                0x00000000080017cc        0x4 ../Athena/arch/stm32_stdperiph/f3/src/stm32f30x_tim.o
                0x00000000080017cc                TIM_SetCompare1
 .text.TIM_SetCompare2
                0x00000000080017d0        0x4 ../Athena/arch/stm32_stdperiph/f3/src/stm32f30x_tim.o
                0x00000000080017d0                TIM_SetCompare2
 .text.TIM_SetCompare4
                0x00000000080017d4        0x4 ../Athena/arch/stm32_stdperiph/f3/src/stm32f30x_tim.o
                0x00000000080017d4                TIM_SetCompare4
 .text.TIM_OC1PreloadConfig
                0x00000000080017d8        0xc ../Athena/arch/stm32_stdperiph/f3/src/stm32f30x_tim.o
                0x00000000080017d8                TIM_OC1PreloadConfig
 .text.TIM_OC2PreloadConfig
                0x00000000080017e4       0x10 ../Athena/arch/stm32_stdperiph/f3/src/stm32f30x_tim.o
                0x00000000080017e4                TIM_OC2PreloadConfig
 .text.TIM_OC4PreloadConfig
                0x00000000080017f4       0x10 ../Athena/arch/stm32_stdperiph/f3/src/stm32f30x_tim.o
                0x00000000080017f4                TIM_OC4PreloadConfig
 .text.TIM_CCxCmd
                0x0000000008001804       0x20 ../Athena/arch/stm32_stdperiph/f3/src/stm32f30x_tim.o
                0x0000000008001804                TIM_CCxCmd
 .text.TIM_CtrlPWMOutputs
                0x0000000008001824       0x14 ../Athena/arch/stm32_stdperiph/f3/src/stm32f30x_tim.o
                0x0000000008001824                TIM_CtrlPWMOutputs
 .text.TIM_GenerateEvent
                0x0000000008001838        0x4 ../Athena/arch/stm32_stdperiph/f3/src/stm32f30x_tim.o
                0x0000000008001838                TIM_GenerateEvent
 .text.TIM_ClearITPendingBit
                0x000000000800183c        0x8 ../Athena/arch/stm32_stdperiph/f3/src/stm32f30x_tim.o
                0x000000000800183c                TIM_ClearITPendingBit
 .text.TIM_DMACmd
                0x0000000008001844       0x18 ../Athena/arch/stm32_stdperiph/f3/src/stm32f30x_tim.o
                0x0000000008001844                TIM_DMACmd
 .text.TIM_ITConfig
                0x000000000800185c        0x4 ../Athena/arch/stm32_stdperiph/f3/src/stm32f30x_tim.o
                0x000000000800185c                TIM_ITConfig
 .text.TIM_InternalClockConfig
                0x0000000008001860        0xc ../Athena/arch/stm32_stdperiph/f3/src/stm32f30x_tim.o
                0x0000000008001860                TIM_InternalClockConfig
 .text.TIM_EncoderInterfaceConfig
                0x000000000800186c       0x38 ../Athena/arch/stm32_stdperiph/f3/src/stm32f30x_tim.o
                0x000000000800186c                TIM_EncoderInterfaceConfig
 .text.ADC_Init
                0x00000000080018a4       0x40 ../Athena/arch/stm32_stdperiph/f3/src/stm32f30x_adc.o
                0x00000000080018a4                ADC_Init
 .text.ADC_StructInit
                0x00000000080018e4       0x18 ../Athena/arch/stm32_stdperiph/f3/src/stm32f30x_adc.o
                0x00000000080018e4                ADC_StructInit
 .text.ADC_CommonInit
                0x00000000080018fc       0x7c ../Athena/arch/stm32_stdperiph/f3/src/stm32f30x_adc.o
                0x00000000080018fc                ADC_CommonInit
 .text.ADC_Cmd  0x0000000008001978       0x14 ../Athena/arch/stm32_stdperiph/f3/src/stm32f30x_adc.o
                0x0000000008001978                ADC_Cmd
 .text.ADC_StartCalibration
                0x000000000800198c        0xc ../Athena/arch/stm32_stdperiph/f3/src/stm32f30x_adc.o
                0x000000000800198c                ADC_StartCalibration
 .text.ADC_SelectCalibrationMode
                0x0000000008001998       0x10 ../Athena/arch/stm32_stdperiph/f3/src/stm32f30x_adc.o
                0x0000000008001998                ADC_SelectCalibrationMode
 .text.ADC_GetCalibrationStatus
                0x00000000080019a8        0x8 ../Athena/arch/stm32_stdperiph/f3/src/stm32f30x_adc.o
                0x00000000080019a8                ADC_GetCalibrationStatus
 .text.ADC_VoltageRegulatorCmd
                0x00000000080019b0       0x1c ../Athena/arch/stm32_stdperiph/f3/src/stm32f30x_adc.o
                0x00000000080019b0                ADC_VoltageRegulatorCmd
 .text.ADC_RegularChannelConfig
                0x00000000080019cc       0xc4 ../Athena/arch/stm32_stdperiph/f3/src/stm32f30x_adc.o
                0x00000000080019cc                ADC_RegularChannelConfig
 .text.ADC_StartConversion
                0x0000000008001a90        0xc ../Athena/arch/stm32_stdperiph/f3/src/stm32f30x_adc.o
                0x0000000008001a90                ADC_StartConversion
 .text.ADC_GetConversionValue
                0x0000000008001a9c        0x8 ../Athena/arch/stm32_stdperiph/f3/src/stm32f30x_adc.o
                0x0000000008001a9c                ADC_GetConversionValue
 .text.ADC_DMACmd
                0x0000000008001aa4       0x14 ../Athena/arch/stm32_stdperiph/f3/src/stm32f30x_adc.o
                0x0000000008001aa4                ADC_DMACmd
 .text.ADC_DMAConfig
                0x0000000008001ab8       0x10 ../Athena/arch/stm32_stdperiph/f3/src/stm32f30x_adc.o
                0x0000000008001ab8                ADC_DMAConfig
 .text.ADC_GetFlagStatus
                0x0000000008001ac8        0xc ../Athena/arch/stm32_stdperiph/f3/src/stm32f30x_adc.o
                0x0000000008001ac8                ADC_GetFlagStatus
 .text.ADC_GetITStatus
                0x0000000008001ad4       0x18 ../Athena/arch/stm32_stdperiph/f3/src/stm32f30x_adc.o
                0x0000000008001ad4                ADC_GetITStatus
 .text.ADC_ClearITPendingBit
                0x0000000008001aec        0x4 ../Athena/arch/stm32_stdperiph/f3/src/stm32f30x_adc.o
                0x0000000008001aec                ADC_ClearITPendingBit
 .text.SPI_I2S_DeInit
                0x0000000008001af0       0x8c ../Athena/arch/stm32_stdperiph/f3/src/stm32f30x_spi.o
                0x0000000008001af0                SPI_I2S_DeInit
 .text.SPI_Init
                0x0000000008001b7c       0x8c ../Athena/arch/stm32_stdperiph/f3/src/stm32f30x_spi.o
                0x0000000008001b7c                SPI_Init
 .text.SPI_Cmd  0x0000000008001c08       0x1c ../Athena/arch/stm32_stdperiph/f3/src/stm32f30x_spi.o
                0x0000000008001c08                SPI_Cmd
 .text.SPI_RxFIFOThresholdConfig
                0x0000000008001c24       0x18 ../Athena/arch/stm32_stdperiph/f3/src/stm32f30x_spi.o
                0x0000000008001c24                SPI_RxFIFOThresholdConfig
 .text.SPI_SendData8
                0x0000000008001c3c        0x4 ../Athena/arch/stm32_stdperiph/f3/src/stm32f30x_spi.o
                0x0000000008001c3c                SPI_SendData8
 .text.SPI_ReceiveData8
                0x0000000008001c40        0x4 ../Athena/arch/stm32_stdperiph/f3/src/stm32f30x_spi.o
                0x0000000008001c40                SPI_ReceiveData8
 .text.SPI_I2S_GetFlagStatus
                0x0000000008001c44        0xc ../Athena/arch/stm32_stdperiph/f3/src/stm32f30x_spi.o
                0x0000000008001c44                SPI_I2S_GetFlagStatus
 .text.RCC_PCLK2Config
                0x0000000008001c50       0x14 ../Athena/arch/stm32_stdperiph/f3/src/stm32f30x_rcc.o
                0x0000000008001c50                RCC_PCLK2Config
 .text.RCC_GetClocksFreq
                0x0000000008001c64      0x3ac ../Athena/arch/stm32_stdperiph/f3/src/stm32f30x_rcc.o
                0x0000000008001c64                RCC_GetClocksFreq
 .text.RCC_ADCCLKConfig
                0x0000000008002010       0x20 ../Athena/arch/stm32_stdperiph/f3/src/stm32f30x_rcc.o
                0x0000000008002010                RCC_ADCCLKConfig
 .text.RCC_AHBPeriphClockCmd
                0x0000000008002030       0x1c ../Athena/arch/stm32_stdperiph/f3/src/stm32f30x_rcc.o
                0x0000000008002030                RCC_AHBPeriphClockCmd
 .text.RCC_APB2PeriphClockCmd
                0x000000000800204c       0x1c ../Athena/arch/stm32_stdperiph/f3/src/stm32f30x_rcc.o
                0x000000000800204c                RCC_APB2PeriphClockCmd
 .text.RCC_APB1PeriphClockCmd
                0x0000000008002068       0x1c ../Athena/arch/stm32_stdperiph/f3/src/stm32f30x_rcc.o
                0x0000000008002068                RCC_APB1PeriphClockCmd
 .text.RCC_APB2PeriphResetCmd
                0x0000000008002084       0x1c ../Athena/arch/stm32_stdperiph/f3/src/stm32f30x_rcc.o
                0x0000000008002084                RCC_APB2PeriphResetCmd
 .text.RCC_APB1PeriphResetCmd
                0x00000000080020a0       0x1c ../Athena/arch/stm32_stdperiph/f3/src/stm32f30x_rcc.o
                0x00000000080020a0                RCC_APB1PeriphResetCmd
 .text.USART_Init
                0x00000000080020bc       0xbc ../Athena/arch/stm32_stdperiph/f3/src/stm32f30x_usart.o
                0x00000000080020bc                USART_Init
 .text.USART_Cmd
                0x0000000008002178       0x14 ../Athena/arch/stm32_stdperiph/f3/src/stm32f30x_usart.o
                0x0000000008002178                USART_Cmd
 .text.USART_GetFlagStatus
                0x000000000800218c        0xc ../Athena/arch/stm32_stdperiph/f3/src/stm32f30x_usart.o
                0x000000000800218c                USART_GetFlagStatus
 .text.NVIC_Init
                0x0000000008002198       0x6c ../Athena/arch/stm32_stdperiph/f3/src/stm32f30x_misc.o
                0x0000000008002198                NVIC_Init
 .text.SYSCFG_EXTILineConfig
                0x0000000008002204       0x30 ../Athena/arch/stm32_stdperiph/f3/src/stm32f30x_syscfg.o
                0x0000000008002204                SYSCFG_EXTILineConfig
 .text.GPIO_Init
                0x0000000008002234       0xbc ../Athena/arch/stm32_stdperiph/f3/src/stm32f30x_gpio.o
                0x0000000008002234                GPIO_Init
 .text.GPIO_StructInit
                0x00000000080022f0       0x14 ../Athena/arch/stm32_stdperiph/f3/src/stm32f30x_gpio.o
                0x00000000080022f0                GPIO_StructInit
 .text.GPIO_SetBits
                0x0000000008002304        0x4 ../Athena/arch/stm32_stdperiph/f3/src/stm32f30x_gpio.o
                0x0000000008002304                GPIO_SetBits
 .text.GPIO_ResetBits
                0x0000000008002308        0x4 ../Athena/arch/stm32_stdperiph/f3/src/stm32f30x_gpio.o
                0x0000000008002308                GPIO_ResetBits
 .text.GPIO_WriteBit
                0x000000000800230c        0xc ../Athena/arch/stm32_stdperiph/f3/src/stm32f30x_gpio.o
                0x000000000800230c                GPIO_WriteBit
 .text.GPIO_Write
                0x0000000008002318        0x4 ../Athena/arch/stm32_stdperiph/f3/src/stm32f30x_gpio.o
                0x0000000008002318                GPIO_Write
 .text.GPIO_PinAFConfig
                0x000000000800231c       0x2c ../Athena/arch/stm32_stdperiph/f3/src/stm32f30x_gpio.o
                0x000000000800231c                GPIO_PinAFConfig
 .text.COMP_Init
                0x0000000008002348       0x30 ../Athena/arch/stm32_stdperiph/f3/src/stm32f30x_comp.o
                0x0000000008002348                COMP_Init
 .text.COMP_Cmd
                0x0000000008002378       0x1c ../Athena/arch/stm32_stdperiph/f3/src/stm32f30x_comp.o
                0x0000000008002378                COMP_Cmd
 .text.SystemInit
                0x0000000008002394      0x110 ../Athena/arch/stm32_stdperiph/f3/src/CMSIS/system_stm32f30x.o
                0x0000000008002394                SystemInit
 .text.Reset_Handler
                0x00000000080024a4       0x44 ../Athena/arch/stm32_stdperiph/f3/src/CMSIS/startup_stm32f30x.o
                0x00000000080024a4                Reset_Handler
 .text.Default_Handler
                0x00000000080024e8        0x2 ../Athena/arch/stm32_stdperiph/f3/src/CMSIS/startup_stm32f30x.o
                0x00000000080024e8                RTC_Alarm_IRQHandler
                0x00000000080024e8                TIM8_TRG_COM_IRQHandler
                0x00000000080024e8                TIM8_CC_IRQHandler
                0x00000000080024e8                DebugMon_Handler
                0x00000000080024e8                TIM1_CC_IRQHandler
                0x00000000080024e8                HardFault_Handler
                0x00000000080024e8                USB_HP_IRQHandler
                0x00000000080024e8                SysTick_Handler
                0x00000000080024e8                PVD_IRQHandler
                0x00000000080024e8                PendSV_Handler
                0x00000000080024e8                NMI_Handler
                0x00000000080024e8                EXTI3_IRQHandler
                0x00000000080024e8                EXTI0_IRQHandler
                0x00000000080024e8                I2C2_EV_IRQHandler
                0x00000000080024e8                FPU_IRQHandler
                0x00000000080024e8                EXTI2_TS_IRQHandler
                0x00000000080024e8                TIM1_UP_TIM16_IRQHandler
                0x00000000080024e8                UsageFault_Handler
                0x00000000080024e8                SPI1_IRQHandler
                0x00000000080024e8                TIM8_UP_IRQHandler
                0x00000000080024e8                DMA2_Channel2_IRQHandler
                0x00000000080024e8                DMA1_Channel4_IRQHandler
                0x00000000080024e8                USART3_IRQHandler
                0x00000000080024e8                DMA1_Channel7_IRQHandler
                0x00000000080024e8                CAN1_RX1_IRQHandler
                0x00000000080024e8                UART5_IRQHandler
                0x00000000080024e8                TIM4_IRQHandler
                0x00000000080024e8                I2C1_EV_IRQHandler
                0x00000000080024e8                DMA1_Channel6_IRQHandler
                0x00000000080024e8                UART4_IRQHandler
                0x00000000080024e8                DMA2_Channel4_IRQHandler
                0x00000000080024e8                TIM3_IRQHandler
                0x00000000080024e8                RCC_IRQHandler
                0x00000000080024e8                Default_Handler
                0x00000000080024e8                USBWakeUp_RMP_IRQHandler
                0x00000000080024e8                EXTI15_10_IRQHandler
                0x00000000080024e8                TAMPER_STAMP_IRQHandler
                0x00000000080024e8                RTC_WKUP_IRQHandler
                0x00000000080024e8                SPI2_IRQHandler
                0x00000000080024e8                MemManage_Handler
                0x00000000080024e8                SVC_Handler
                0x00000000080024e8                DMA2_Channel5_IRQHandler
                0x00000000080024e8                DMA1_Channel5_IRQHandler
                0x00000000080024e8                USB_LP_IRQHandler
                0x00000000080024e8                EXTI4_IRQHandler
                0x00000000080024e8                USB_LP_CAN1_RX0_IRQHandler
                0x00000000080024e8                USB_HP_CAN1_TX_IRQHandler
                0x00000000080024e8                DMA1_Channel3_IRQHandler
                0x00000000080024e8                ADC4_IRQHandler
                0x00000000080024e8                WWDG_IRQHandler
                0x00000000080024e8                TIM2_IRQHandler
                0x00000000080024e8                COMP7_IRQHandler
                0x00000000080024e8                COMP1_2_3_IRQHandler
                0x00000000080024e8                EXTI1_IRQHandler
                0x00000000080024e8                USART2_IRQHandler
                0x00000000080024e8                COMP4_5_6_IRQHandler
                0x00000000080024e8                I2C2_ER_IRQHandler
                0x00000000080024e8                DMA1_Channel2_IRQHandler
                0x00000000080024e8                TIM8_BRK_IRQHandler
                0x00000000080024e8                CAN1_SCE_IRQHandler
                0x00000000080024e8                FLASH_IRQHandler
                0x00000000080024e8                BusFault_Handler
                0x00000000080024e8                USART1_IRQHandler
                0x00000000080024e8                SPI3_IRQHandler
                0x00000000080024e8                I2C1_ER_IRQHandler
                0x00000000080024e8                USBWakeUp_IRQHandler
                0x00000000080024e8                DMA2_Channel3_IRQHandler
                0x00000000080024e8                TIM1_BRK_TIM15_IRQHandler
 *fill*         0x00000000080024ea        0x2 
 .text.L3GD20_TIMEOUT_UserCallback
                0x00000000080024ec       0x10 Theseus_2013_2016.o
                0x00000000080024ec                L3GD20_TIMEOUT_UserCallback
 .text.brake_pins_init
                0x00000000080024fc       0x54 Theseus_2013_2016.o
                0x00000000080024fc                brake_pins_init
 .text.ping_pin_init
                0x0000000008002550       0x68 Theseus_2013_2016.o
                0x0000000008002550                ping_pin_init
 .text.timer2_timebase_init
                0x00000000080025b8       0x40 Theseus_2013_2016.o
                0x00000000080025b8                timer2_timebase_init
 .text.comp_init
                0x00000000080025f8      0x204 Theseus_2013_2016.o
                0x00000000080025f8                comp_init
 .text.calc_gyro_bias
                0x00000000080027fc       0x4c Theseus_2013_2016.o
                0x00000000080027fc                calc_gyro_bias
 .text.imu_update_ISR_init
                0x0000000008002848       0xa4 Theseus_2013_2016.o
                0x0000000008002848                imu_update_ISR_init
 .text.adc1_init_DMA
                0x00000000080028ec      0x188 Theseus_2013_2016.o
                0x00000000080028ec                adc1_init_DMA
 .text.adc2_init_DMA
                0x0000000008002a74      0x1cc Theseus_2013_2016.o
                0x0000000008002a74                adc2_init_DMA
 .text.startup.main
                0x0000000008002c40      0x118 Theseus_2013_2016.o
                0x0000000008002c40                main
 .text.L3GD20_SendByte
                0x0000000008002d58       0x60 user_source/hal_interface/stm32f3_discovery_l3gd20.o
 .text.L3GD20_Write
                0x0000000008002db8       0x54 user_source/hal_interface/stm32f3_discovery_l3gd20.o
                0x0000000008002db8                L3GD20_Write
 .text.L3GD20_Init
                0x0000000008002e0c      0x1b4 user_source/hal_interface/stm32f3_discovery_l3gd20.o
                0x0000000008002e0c                L3GD20_Init
 .text.L3GD20_Read
                0x0000000008002fc0       0x58 user_source/hal_interface/stm32f3_discovery_l3gd20.o
                0x0000000008002fc0                L3GD20_Read
 .text.pwm1_output
                0x0000000008003018       0x28 user_source/hal_interface/pwm.o
                0x0000000008003018                pwm1_output
 .text.pwm2_output
                0x0000000008003040       0x28 user_source/hal_interface/pwm.o
                0x0000000008003040                pwm2_output
 .text.pwm3_output
                0x0000000008003068       0x28 user_source/hal_interface/pwm.o
                0x0000000008003068                pwm3_output
 .text.config_pwm_freq
                0x0000000008003090      0x168 user_source/hal_interface/pwm.o
                0x0000000008003090                config_pwm_freq
 .text.pwm_out1_init
                0x00000000080031f8       0xd8 user_source/hal_interface/pwm.o
                0x00000000080031f8                pwm_out1_init
 .text.pwm_out2_init
                0x00000000080032d0       0xd4 user_source/hal_interface/pwm.o
                0x00000000080032d0                pwm_out2_init
 .text.pwm_out3_init
                0x00000000080033a4       0xe0 user_source/hal_interface/pwm.o
                0x00000000080033a4                pwm_out3_init
 .text.UART1_init
                0x0000000008003484       0x9c user_source/hal_interface/debug.o
                0x0000000008003484                UART1_init
 .text.LED_MATRIX_ISR_init
                0x0000000008003520       0x98 user_source/hal_interface/debug.o
                0x0000000008003520                LED_MATRIX_ISR_init
 .text.TIM1_TRG_COM_TIM17_IRQHandler
                0x00000000080035b8       0xc8 user_source/hal_interface/interrupt_handlers.o
                0x00000000080035b8                TIM1_TRG_COM_TIM17_IRQHandler
 .text.TIM6_DAC_IRQHandler
                0x0000000008003680       0xd4 user_source/hal_interface/interrupt_handlers.o
                0x0000000008003680                TIM6_DAC_IRQHandler
 .text.ADC1_2_IRQHandler
                0x0000000008003754       0x30 user_source/hal_interface/interrupt_handlers.o
                0x0000000008003754                ADC1_2_IRQHandler
 .text.DMA1_Channel1_IRQHandler
                0x0000000008003784       0x14 user_source/hal_interface/interrupt_handlers.o
                0x0000000008003784                DMA1_Channel1_IRQHandler
 .text.DMA2_Channel1_IRQHandler
                0x0000000008003798       0x18 user_source/hal_interface/interrupt_handlers.o
                0x0000000008003798                DMA2_Channel1_IRQHandler
 .text.ADC3_IRQHandler
                0x00000000080037b0       0x7c user_source/hal_interface/interrupt_handlers.o
                0x00000000080037b0                ADC3_IRQHandler
 .text.EXTI9_5_IRQHandler
                0x000000000800382c       0x8c user_source/hal_interface/interrupt_handlers.o
                0x000000000800382c                EXTI9_5_IRQHandler
 .text.update_pid
                0x00000000080038b8      0x490 user_source/hal_interface/interrupt_handlers.o
                0x00000000080038b8                update_pid
 .text.TIM7_IRQHandler
                0x0000000008003d48      0x288 user_source/hal_interface/interrupt_handlers.o
                0x0000000008003d48                TIM7_IRQHandler
 .text.TIM8_init_encoder
                0x0000000008003fd0       0x9c user_source/hal_interface/encoder.o
                0x0000000008003fd0                TIM8_init_encoder
 .text.TIM4_init_encoder
                0x000000000800406c       0x9c user_source/hal_interface/encoder.o
                0x000000000800406c                TIM4_init_encoder
 .text.encoder_update_ISR_init
                0x0000000008004108       0x64 user_source/hal_interface/encoder.o
                0x0000000008004108                encoder_update_ISR_init
 .text.init_encoder_struct
                0x000000000800416c       0x20 user_source/hal_interface/encoder.o
                0x000000000800416c                init_encoder_struct
 .text._close   0x000000000800418c        0x8 user_source/hal_interface/newlib_stubs.o
                0x000000000800418c                _close
 .text._fstat   0x0000000008004194        0xc user_source/hal_interface/newlib_stubs.o
                0x0000000008004194                _fstat
 .text._isatty  0x00000000080041a0       0x18 user_source/hal_interface/newlib_stubs.o
                0x00000000080041a0                _isatty
 .text._lseek   0x00000000080041b8        0x4 user_source/hal_interface/newlib_stubs.o
                0x00000000080041b8                _lseek
 .text._sbrk    0x00000000080041bc       0x64 user_source/hal_interface/newlib_stubs.o
                0x00000000080041bc                _sbrk
 .text._read    0x0000000008004220       0x38 user_source/hal_interface/newlib_stubs.o
                0x0000000008004220                _read
 .text._write   0x0000000008004258       0x64 user_source/hal_interface/newlib_stubs.o
                0x0000000008004258                _write
 .text.sqrt     0x00000000080042bc       0xc0 /home/aghosh01/TrinityCodebase/Athena/arm-none-eabi-gcc_5_4_BE/gcc-arm-none-eabi-5_4-2017q1_BE_LINUX/bin/../lib/gcc/arm-none-eabi/5.4.1/../../../../arm-none-eabi/lib/armv7e-m/fpu/libm.a(lib_a-w_sqrt.o)
                0x00000000080042bc                sqrt
 .text.__ieee754_sqrt
                0x000000000800437c      0x1a0 /home/aghosh01/TrinityCodebase/Athena/arm-none-eabi-gcc_5_4_BE/gcc-arm-none-eabi-5_4-2017q1_BE_LINUX/bin/../lib/gcc/arm-none-eabi/5.4.1/../../../../arm-none-eabi/lib/armv7e-m/fpu/libm.a(lib_a-e_sqrt.o)
                0x000000000800437c                __ieee754_sqrt
 .text.matherr  0x000000000800451c        0x4 /home/aghosh01/TrinityCodebase/Athena/arm-none-eabi-gcc_5_4_BE/gcc-arm-none-eabi-5_4-2017q1_BE_LINUX/bin/../lib/gcc/arm-none-eabi/5.4.1/../../../../arm-none-eabi/lib/armv7e-m/fpu/libm.a(lib_a-s_matherr.o)
                0x000000000800451c                matherr
 .text.__errno  0x0000000008004520        0xc /home/aghosh01/TrinityCodebase/Athena/arm-none-eabi-gcc_5_4_BE/gcc-arm-none-eabi-5_4-2017q1_BE_LINUX/bin/../lib/gcc/arm-none-eabi/5.4.1/../../../../arm-none-eabi/lib/armv7e-m/fpu/libc.a(lib_a-errno.o)
                0x0000000008004520                __errno
 .text.printf   0x000000000800452c       0x28 /home/aghosh01/TrinityCodebase/Athena/arm-none-eabi-gcc_5_4_BE/gcc-arm-none-eabi-5_4-2017q1_BE_LINUX/bin/../lib/gcc/arm-none-eabi/5.4.1/../../../../arm-none-eabi/lib/armv7e-m/fpu/libc.a(lib_a-printf.o)
                0x000000000800452c                printf
 *fill*         0x0000000008004554        0x4 
 .text._vfprintf_r
                0x0000000008004558     0x1728 /home/aghosh01/TrinityCodebase/Athena/arm-none-eabi-gcc_5_4_BE/gcc-arm-none-eabi-5_4-2017q1_BE_LINUX/bin/../lib/gcc/arm-none-eabi/5.4.1/../../../../arm-none-eabi/lib/armv7e-m/fpu/libc.a(lib_a-vfprintf.o)
                0x0000000008004558                _vfprintf_r
 .text.__sbprintf
                0x0000000008005c80       0x6c /home/aghosh01/TrinityCodebase/Athena/arm-none-eabi-gcc_5_4_BE/gcc-arm-none-eabi-5_4-2017q1_BE_LINUX/bin/../lib/gcc/arm-none-eabi/5.4.1/../../../../arm-none-eabi/lib/armv7e-m/fpu/libc.a(lib_a-vfprintf.o)
 .text.__swsetup_r
                0x0000000008005cec       0xc8 /home/aghosh01/TrinityCodebase/Athena/arm-none-eabi-gcc_5_4_BE/gcc-arm-none-eabi-5_4-2017q1_BE_LINUX/bin/../lib/gcc/arm-none-eabi/5.4.1/../../../../arm-none-eabi/lib/armv7e-m/fpu/libc.a(lib_a-wsetup.o)
                0x0000000008005cec                __swsetup_r
 .text.quorem   0x0000000008005db4      0x128 /home/aghosh01/TrinityCodebase/Athena/arm-none-eabi-gcc_5_4_BE/gcc-arm-none-eabi-5_4-2017q1_BE_LINUX/bin/../lib/gcc/arm-none-eabi/5.4.1/../../../../arm-none-eabi/lib/armv7e-m/fpu/libc.a(lib_a-dtoa.o)
 *fill*         0x0000000008005edc        0x4 
 .text._dtoa_r  0x0000000008005ee0      0xe34 /home/aghosh01/TrinityCodebase/Athena/arm-none-eabi-gcc_5_4_BE/gcc-arm-none-eabi-5_4-2017q1_BE_LINUX/bin/../lib/gcc/arm-none-eabi/5.4.1/../../../../arm-none-eabi/lib/armv7e-m/fpu/libc.a(lib_a-dtoa.o)
                0x0000000008005ee0                _dtoa_r
 .text.__sflush_r
                0x0000000008006d14      0x148 /home/aghosh01/TrinityCodebase/Athena/arm-none-eabi-gcc_5_4_BE/gcc-arm-none-eabi-5_4-2017q1_BE_LINUX/bin/../lib/gcc/arm-none-eabi/5.4.1/../../../../arm-none-eabi/lib/armv7e-m/fpu/libc.a(lib_a-fflush.o)
                0x0000000008006d14                __sflush_r
 .text._fflush_r
                0x0000000008006e5c       0x2c /home/aghosh01/TrinityCodebase/Athena/arm-none-eabi-gcc_5_4_BE/gcc-arm-none-eabi-5_4-2017q1_BE_LINUX/bin/../lib/gcc/arm-none-eabi/5.4.1/../../../../arm-none-eabi/lib/armv7e-m/fpu/libc.a(lib_a-fflush.o)
                0x0000000008006e5c                _fflush_r
 .text._cleanup_r
                0x0000000008006e88        0xc /home/aghosh01/TrinityCodebase/Athena/arm-none-eabi-gcc_5_4_BE/gcc-arm-none-eabi-5_4-2017q1_BE_LINUX/bin/../lib/gcc/arm-none-eabi/5.4.1/../../../../arm-none-eabi/lib/armv7e-m/fpu/libc.a(lib_a-findfp.o)
                0x0000000008006e88                _cleanup_r
 .text.__sinit.part.1
                0x0000000008006e94       0xf0 /home/aghosh01/TrinityCodebase/Athena/arm-none-eabi-gcc_5_4_BE/gcc-arm-none-eabi-5_4-2017q1_BE_LINUX/bin/../lib/gcc/arm-none-eabi/5.4.1/../../../../arm-none-eabi/lib/armv7e-m/fpu/libc.a(lib_a-findfp.o)
 .text.__sinit  0x0000000008006f84        0xc /home/aghosh01/TrinityCodebase/Athena/arm-none-eabi-gcc_5_4_BE/gcc-arm-none-eabi-5_4-2017q1_BE_LINUX/bin/../lib/gcc/arm-none-eabi/5.4.1/../../../../arm-none-eabi/lib/armv7e-m/fpu/libc.a(lib_a-findfp.o)
                0x0000000008006f84                __sinit
 .text.__sfp_lock_acquire
                0x0000000008006f90        0x4 /home/aghosh01/TrinityCodebase/Athena/arm-none-eabi-gcc_5_4_BE/gcc-arm-none-eabi-5_4-2017q1_BE_LINUX/bin/../lib/gcc/arm-none-eabi/5.4.1/../../../../arm-none-eabi/lib/armv7e-m/fpu/libc.a(lib_a-findfp.o)
                0x0000000008006f90                __sfp_lock_acquire
 .text.__sfp_lock_release
                0x0000000008006f94        0x4 /home/aghosh01/TrinityCodebase/Athena/arm-none-eabi-gcc_5_4_BE/gcc-arm-none-eabi-5_4-2017q1_BE_LINUX/bin/../lib/gcc/arm-none-eabi/5.4.1/../../../../arm-none-eabi/lib/armv7e-m/fpu/libc.a(lib_a-findfp.o)
                0x0000000008006f94                __sfp_lock_release
 .text._malloc_trim_r
                0x0000000008006f98       0x9c /home/aghosh01/TrinityCodebase/Athena/arm-none-eabi-gcc_5_4_BE/gcc-arm-none-eabi-5_4-2017q1_BE_LINUX/bin/../lib/gcc/arm-none-eabi/5.4.1/../../../../arm-none-eabi/lib/armv7e-m/fpu/libc.a(lib_a-freer.o)
                0x0000000008006f98                _malloc_trim_r
 .text._free_r  0x0000000008007034      0x1d0 /home/aghosh01/TrinityCodebase/Athena/arm-none-eabi-gcc_5_4_BE/gcc-arm-none-eabi-5_4-2017q1_BE_LINUX/bin/../lib/gcc/arm-none-eabi/5.4.1/../../../../arm-none-eabi/lib/armv7e-m/fpu/libc.a(lib_a-freer.o)
                0x0000000008007034                _free_r
 .text._fwalk_reent
                0x0000000008007204       0x54 /home/aghosh01/TrinityCodebase/Athena/arm-none-eabi-gcc_5_4_BE/gcc-arm-none-eabi-5_4-2017q1_BE_LINUX/bin/../lib/gcc/arm-none-eabi/5.4.1/../../../../arm-none-eabi/lib/armv7e-m/fpu/libc.a(lib_a-fwalk.o)
                0x0000000008007204                _fwalk_reent
 .text._localeconv_r
                0x0000000008007258       0x1c /home/aghosh01/TrinityCodebase/Athena/arm-none-eabi-gcc_5_4_BE/gcc-arm-none-eabi-5_4-2017q1_BE_LINUX/bin/../lib/gcc/arm-none-eabi/5.4.1/../../../../arm-none-eabi/lib/armv7e-m/fpu/libc.a(lib_a-localeconv.o)
                0x0000000008007258                _localeconv_r
 .text.__swhatbuf_r
                0x0000000008007274       0x60 /home/aghosh01/TrinityCodebase/Athena/arm-none-eabi-gcc_5_4_BE/gcc-arm-none-eabi-5_4-2017q1_BE_LINUX/bin/../lib/gcc/arm-none-eabi/5.4.1/../../../../arm-none-eabi/lib/armv7e-m/fpu/libc.a(lib_a-makebuf.o)
                0x0000000008007274                __swhatbuf_r
 .text.__smakebuf_r
                0x00000000080072d4       0x88 /home/aghosh01/TrinityCodebase/Athena/arm-none-eabi-gcc_5_4_BE/gcc-arm-none-eabi-5_4-2017q1_BE_LINUX/bin/../lib/gcc/arm-none-eabi/5.4.1/../../../../arm-none-eabi/lib/armv7e-m/fpu/libc.a(lib_a-makebuf.o)
                0x00000000080072d4                __smakebuf_r
 .text._malloc_r
                0x000000000800735c      0x570 /home/aghosh01/TrinityCodebase/Athena/arm-none-eabi-gcc_5_4_BE/gcc-arm-none-eabi-5_4-2017q1_BE_LINUX/bin/../lib/gcc/arm-none-eabi/5.4.1/../../../../arm-none-eabi/lib/armv7e-m/fpu/libc.a(lib_a-mallocr.o)
                0x000000000800735c                _malloc_r
 .text.__malloc_lock
                0x00000000080078cc        0x4 /home/aghosh01/TrinityCodebase/Athena/arm-none-eabi-gcc_5_4_BE/gcc-arm-none-eabi-5_4-2017q1_BE_LINUX/bin/../lib/gcc/arm-none-eabi/5.4.1/../../../../arm-none-eabi/lib/armv7e-m/fpu/libc.a(lib_a-mlock.o)
                0x00000000080078cc                __malloc_lock
 .text.__malloc_unlock
                0x00000000080078d0        0x4 /home/aghosh01/TrinityCodebase/Athena/arm-none-eabi-gcc_5_4_BE/gcc-arm-none-eabi-5_4-2017q1_BE_LINUX/bin/../lib/gcc/arm-none-eabi/5.4.1/../../../../arm-none-eabi/lib/armv7e-m/fpu/libc.a(lib_a-mlock.o)
                0x00000000080078d0                __malloc_unlock
 .text._Balloc  0x00000000080078d4       0x4c /home/aghosh01/TrinityCodebase/Athena/arm-none-eabi-gcc_5_4_BE/gcc-arm-none-eabi-5_4-2017q1_BE_LINUX/bin/../lib/gcc/arm-none-eabi/5.4.1/../../../../arm-none-eabi/lib/armv7e-m/fpu/libc.a(lib_a-mprec.o)
                0x00000000080078d4                _Balloc
 .text._Bfree   0x0000000008007920       0x14 /home/aghosh01/TrinityCodebase/Athena/arm-none-eabi-gcc_5_4_BE/gcc-arm-none-eabi-5_4-2017q1_BE_LINUX/bin/../lib/gcc/arm-none-eabi/5.4.1/../../../../arm-none-eabi/lib/armv7e-m/fpu/libc.a(lib_a-mprec.o)
                0x0000000008007920                _Bfree
 .text.__multadd
                0x0000000008007934       0x80 /home/aghosh01/TrinityCodebase/Athena/arm-none-eabi-gcc_5_4_BE/gcc-arm-none-eabi-5_4-2017q1_BE_LINUX/bin/../lib/gcc/arm-none-eabi/5.4.1/../../../../arm-none-eabi/lib/armv7e-m/fpu/libc.a(lib_a-mprec.o)
                0x0000000008007934                __multadd
 .text.__hi0bits
                0x00000000080079b4       0x40 /home/aghosh01/TrinityCodebase/Athena/arm-none-eabi-gcc_5_4_BE/gcc-arm-none-eabi-5_4-2017q1_BE_LINUX/bin/../lib/gcc/arm-none-eabi/5.4.1/../../../../arm-none-eabi/lib/armv7e-m/fpu/libc.a(lib_a-mprec.o)
                0x00000000080079b4                __hi0bits
 .text.__lo0bits
                0x00000000080079f4       0x5c /home/aghosh01/TrinityCodebase/Athena/arm-none-eabi-gcc_5_4_BE/gcc-arm-none-eabi-5_4-2017q1_BE_LINUX/bin/../lib/gcc/arm-none-eabi/5.4.1/../../../../arm-none-eabi/lib/armv7e-m/fpu/libc.a(lib_a-mprec.o)
                0x00000000080079f4                __lo0bits
 .text.__i2b    0x0000000008007a50       0x14 /home/aghosh01/TrinityCodebase/Athena/arm-none-eabi-gcc_5_4_BE/gcc-arm-none-eabi-5_4-2017q1_BE_LINUX/bin/../lib/gcc/arm-none-eabi/5.4.1/../../../../arm-none-eabi/lib/armv7e-m/fpu/libc.a(lib_a-mprec.o)
                0x0000000008007a50                __i2b
 .text.__multiply
                0x0000000008007a64      0x130 /home/aghosh01/TrinityCodebase/Athena/arm-none-eabi-gcc_5_4_BE/gcc-arm-none-eabi-5_4-2017q1_BE_LINUX/bin/../lib/gcc/arm-none-eabi/5.4.1/../../../../arm-none-eabi/lib/armv7e-m/fpu/libc.a(lib_a-mprec.o)
                0x0000000008007a64                __multiply
 .text.__pow5mult
                0x0000000008007b94       0xa0 /home/aghosh01/TrinityCodebase/Athena/arm-none-eabi-gcc_5_4_BE/gcc-arm-none-eabi-5_4-2017q1_BE_LINUX/bin/../lib/gcc/arm-none-eabi/5.4.1/../../../../arm-none-eabi/lib/armv7e-m/fpu/libc.a(lib_a-mprec.o)
                0x0000000008007b94                __pow5mult
 .text.__lshift
                0x0000000008007c34       0xb0 /home/aghosh01/TrinityCodebase/Athena/arm-none-eabi-gcc_5_4_BE/gcc-arm-none-eabi-5_4-2017q1_BE_LINUX/bin/../lib/gcc/arm-none-eabi/5.4.1/../../../../arm-none-eabi/lib/armv7e-m/fpu/libc.a(lib_a-mprec.o)
                0x0000000008007c34                __lshift
 .text.__mcmp   0x0000000008007ce4       0x44 /home/aghosh01/TrinityCodebase/Athena/arm-none-eabi-gcc_5_4_BE/gcc-arm-none-eabi-5_4-2017q1_BE_LINUX/bin/../lib/gcc/arm-none-eabi/5.4.1/../../../../arm-none-eabi/lib/armv7e-m/fpu/libc.a(lib_a-mprec.o)
                0x0000000008007ce4                __mcmp
 .text.__mdiff  0x0000000008007d28      0x114 /home/aghosh01/TrinityCodebase/Athena/arm-none-eabi-gcc_5_4_BE/gcc-arm-none-eabi-5_4-2017q1_BE_LINUX/bin/../lib/gcc/arm-none-eabi/5.4.1/../../../../arm-none-eabi/lib/armv7e-m/fpu/libc.a(lib_a-mprec.o)
                0x0000000008007d28                __mdiff
 .text.__d2b    0x0000000008007e3c       0xbc /home/aghosh01/TrinityCodebase/Athena/arm-none-eabi-gcc_5_4_BE/gcc-arm-none-eabi-5_4-2017q1_BE_LINUX/bin/../lib/gcc/arm-none-eabi/5.4.1/../../../../arm-none-eabi/lib/armv7e-m/fpu/libc.a(lib_a-mprec.o)
                0x0000000008007e3c                __d2b
 .text._sbrk_r  0x0000000008007ef8       0x24 /home/aghosh01/TrinityCodebase/Athena/arm-none-eabi-gcc_5_4_BE/gcc-arm-none-eabi-5_4-2017q1_BE_LINUX/bin/../lib/gcc/arm-none-eabi/5.4.1/../../../../arm-none-eabi/lib/armv7e-m/fpu/libc.a(lib_a-sbrkr.o)
                0x0000000008007ef8                _sbrk_r
 .text.__sread  0x0000000008007f1c       0x24 /home/aghosh01/TrinityCodebase/Athena/arm-none-eabi-gcc_5_4_BE/gcc-arm-none-eabi-5_4-2017q1_BE_LINUX/bin/../lib/gcc/arm-none-eabi/5.4.1/../../../../arm-none-eabi/lib/armv7e-m/fpu/libc.a(lib_a-stdio.o)
                0x0000000008007f1c                __sread
 .text.__swrite
                0x0000000008007f40       0x3c /home/aghosh01/TrinityCodebase/Athena/arm-none-eabi-gcc_5_4_BE/gcc-arm-none-eabi-5_4-2017q1_BE_LINUX/bin/../lib/gcc/arm-none-eabi/5.4.1/../../../../arm-none-eabi/lib/armv7e-m/fpu/libc.a(lib_a-stdio.o)
                0x0000000008007f40                __swrite
 .text.__sseek  0x0000000008007f7c       0x20 /home/aghosh01/TrinityCodebase/Athena/arm-none-eabi-gcc_5_4_BE/gcc-arm-none-eabi-5_4-2017q1_BE_LINUX/bin/../lib/gcc/arm-none-eabi/5.4.1/../../../../arm-none-eabi/lib/armv7e-m/fpu/libc.a(lib_a-stdio.o)
                0x0000000008007f7c                __sseek
 .text.__sclose
                0x0000000008007f9c        0x8 /home/aghosh01/TrinityCodebase/Athena/arm-none-eabi-gcc_5_4_BE/gcc-arm-none-eabi-5_4-2017q1_BE_LINUX/bin/../lib/gcc/arm-none-eabi/5.4.1/../../../../arm-none-eabi/lib/armv7e-m/fpu/libc.a(lib_a-stdio.o)
                0x0000000008007f9c                __sclose
 .text.__sprint_r.part.0
                0x0000000008007fa4       0x78 /home/aghosh01/TrinityCodebase/Athena/arm-none-eabi-gcc_5_4_BE/gcc-arm-none-eabi-5_4-2017q1_BE_LINUX/bin/../lib/gcc/arm-none-eabi/5.4.1/../../../../arm-none-eabi/lib/armv7e-m/fpu/libc.a(lib_a-vfiprintf.o)
 .text.__sprint_r
                0x000000000800801c       0x14 /home/aghosh01/TrinityCodebase/Athena/arm-none-eabi-gcc_5_4_BE/gcc-arm-none-eabi-5_4-2017q1_BE_LINUX/bin/../lib/gcc/arm-none-eabi/5.4.1/../../../../arm-none-eabi/lib/armv7e-m/fpu/libc.a(lib_a-vfiprintf.o)
                0x000000000800801c                __sprint_r
 .text._write_r
                0x0000000008008030       0x2c /home/aghosh01/TrinityCodebase/Athena/arm-none-eabi-gcc_5_4_BE/gcc-arm-none-eabi-5_4-2017q1_BE_LINUX/bin/../lib/gcc/arm-none-eabi/5.4.1/../../../../arm-none-eabi/lib/armv7e-m/fpu/libc.a(lib_a-writer.o)
                0x0000000008008030                _write_r
 .text._calloc_r
                0x000000000800805c       0x60 /home/aghosh01/TrinityCodebase/Athena/arm-none-eabi-gcc_5_4_BE/gcc-arm-none-eabi-5_4-2017q1_BE_LINUX/bin/../lib/gcc/arm-none-eabi/5.4.1/../../../../arm-none-eabi/lib/armv7e-m/fpu/libc.a(lib_a-callocr.o)
                0x000000000800805c                _calloc_r
 .text._close_r
                0x00000000080080bc       0x24 /home/aghosh01/TrinityCodebase/Athena/arm-none-eabi-gcc_5_4_BE/gcc-arm-none-eabi-5_4-2017q1_BE_LINUX/bin/../lib/gcc/arm-none-eabi/5.4.1/../../../../arm-none-eabi/lib/armv7e-m/fpu/libc.a(lib_a-closer.o)
                0x00000000080080bc                _close_r
 .text._fclose_r
                0x00000000080080e0       0x84 /home/aghosh01/TrinityCodebase/Athena/arm-none-eabi-gcc_5_4_BE/gcc-arm-none-eabi-5_4-2017q1_BE_LINUX/bin/../lib/gcc/arm-none-eabi/5.4.1/../../../../arm-none-eabi/lib/armv7e-m/fpu/libc.a(lib_a-fclose.o)
                0x00000000080080e0                _fclose_r
 .text.__fputwc
                0x0000000008008164       0x98 /home/aghosh01/TrinityCodebase/Athena/arm-none-eabi-gcc_5_4_BE/gcc-arm-none-eabi-5_4-2017q1_BE_LINUX/bin/../lib/gcc/arm-none-eabi/5.4.1/../../../../arm-none-eabi/lib/armv7e-m/fpu/libc.a(lib_a-fputwc.o)
                0x0000000008008164                __fputwc
 .text._fputwc_r
                0x00000000080081fc       0x28 /home/aghosh01/TrinityCodebase/Athena/arm-none-eabi-gcc_5_4_BE/gcc-arm-none-eabi-5_4-2017q1_BE_LINUX/bin/../lib/gcc/arm-none-eabi/5.4.1/../../../../arm-none-eabi/lib/armv7e-m/fpu/libc.a(lib_a-fputwc.o)
                0x00000000080081fc                _fputwc_r
 .text._fstat_r
                0x0000000008008224       0x28 /home/aghosh01/TrinityCodebase/Athena/arm-none-eabi-gcc_5_4_BE/gcc-arm-none-eabi-5_4-2017q1_BE_LINUX/bin/../lib/gcc/arm-none-eabi/5.4.1/../../../../arm-none-eabi/lib/armv7e-m/fpu/libc.a(lib_a-fstatr.o)
                0x0000000008008224                _fstat_r
 .text.__sfvwrite_r
                0x000000000800824c      0x304 /home/aghosh01/TrinityCodebase/Athena/arm-none-eabi-gcc_5_4_BE/gcc-arm-none-eabi-5_4-2017q1_BE_LINUX/bin/../lib/gcc/arm-none-eabi/5.4.1/../../../../arm-none-eabi/lib/armv7e-m/fpu/libc.a(lib_a-fvwrite.o)
                0x000000000800824c                __sfvwrite_r
 .text._isatty_r
                0x0000000008008550       0x24 /home/aghosh01/TrinityCodebase/Athena/arm-none-eabi-gcc_5_4_BE/gcc-arm-none-eabi-5_4-2017q1_BE_LINUX/bin/../lib/gcc/arm-none-eabi/5.4.1/../../../../arm-none-eabi/lib/armv7e-m/fpu/libc.a(lib_a-isattyr.o)
                0x0000000008008550                _isatty_r
 .text.__locale_mb_cur_max
                0x0000000008008574       0x1c /home/aghosh01/TrinityCodebase/Athena/arm-none-eabi-gcc_5_4_BE/gcc-arm-none-eabi-5_4-2017q1_BE_LINUX/bin/../lib/gcc/arm-none-eabi/5.4.1/../../../../arm-none-eabi/lib/armv7e-m/fpu/libc.a(lib_a-locale.o)
                0x0000000008008574                __locale_mb_cur_max
 .text._lseek_r
                0x0000000008008590       0x2c /home/aghosh01/TrinityCodebase/Athena/arm-none-eabi-gcc_5_4_BE/gcc-arm-none-eabi-5_4-2017q1_BE_LINUX/bin/../lib/gcc/arm-none-eabi/5.4.1/../../../../arm-none-eabi/lib/armv7e-m/fpu/libc.a(lib_a-lseekr.o)
                0x0000000008008590                _lseek_r
 .text.__ascii_mbtowc
                0x00000000080085bc       0x2c /home/aghosh01/TrinityCodebase/Athena/arm-none-eabi-gcc_5_4_BE/gcc-arm-none-eabi-5_4-2017q1_BE_LINUX/bin/../lib/gcc/arm-none-eabi/5.4.1/../../../../arm-none-eabi/lib/armv7e-m/fpu/libc.a(lib_a-mbtowc_r.o)
                0x00000000080085bc                __ascii_mbtowc
 .text.memmove  0x00000000080085e8       0xc8 /home/aghosh01/TrinityCodebase/Athena/arm-none-eabi-gcc_5_4_BE/gcc-arm-none-eabi-5_4-2017q1_BE_LINUX/bin/../lib/gcc/arm-none-eabi/5.4.1/../../../../arm-none-eabi/lib/armv7e-m/fpu/libc.a(lib_a-memmove.o)
                0x00000000080085e8                memmove
 .text._read_r  0x00000000080086b0       0x2c /home/aghosh01/TrinityCodebase/Athena/arm-none-eabi-gcc_5_4_BE/gcc-arm-none-eabi-5_4-2017q1_BE_LINUX/bin/../lib/gcc/arm-none-eabi/5.4.1/../../../../arm-none-eabi/lib/armv7e-m/fpu/libc.a(lib_a-readr.o)
                0x00000000080086b0                _read_r
 .text._realloc_r
                0x00000000080086dc      0x3e0 /home/aghosh01/TrinityCodebase/Athena/arm-none-eabi-gcc_5_4_BE/gcc-arm-none-eabi-5_4-2017q1_BE_LINUX/bin/../lib/gcc/arm-none-eabi/5.4.1/../../../../arm-none-eabi/lib/armv7e-m/fpu/libc.a(lib_a-reallocr.o)
                0x00000000080086dc                _realloc_r
 .text.__swbuf_r
                0x0000000008008abc       0xac /home/aghosh01/TrinityCodebase/Athena/arm-none-eabi-gcc_5_4_BE/gcc-arm-none-eabi-5_4-2017q1_BE_LINUX/bin/../lib/gcc/arm-none-eabi/5.4.1/../../../../arm-none-eabi/lib/armv7e-m/fpu/libc.a(lib_a-wbuf.o)
                0x0000000008008abc                __swbuf_r
 .text._wcrtomb_r
                0x0000000008008b68       0x54 /home/aghosh01/TrinityCodebase/Athena/arm-none-eabi-gcc_5_4_BE/gcc-arm-none-eabi-5_4-2017q1_BE_LINUX/bin/../lib/gcc/arm-none-eabi/5.4.1/../../../../arm-none-eabi/lib/armv7e-m/fpu/libc.a(lib_a-wcrtomb.o)
                0x0000000008008b68                _wcrtomb_r
 .text.__ascii_wctomb
                0x0000000008008bbc       0x1c /home/aghosh01/TrinityCodebase/Athena/arm-none-eabi-gcc_5_4_BE/gcc-arm-none-eabi-5_4-2017q1_BE_LINUX/bin/../lib/gcc/arm-none-eabi/5.4.1/../../../../arm-none-eabi/lib/armv7e-m/fpu/libc.a(lib_a-wctomb_r.o)
                0x0000000008008bbc                __ascii_wctomb
 *(.glue_7)
 .glue_7        0x0000000008008bd8        0x0 linker stubs
 *(.glue_7t)
 .glue_7t       0x0000000008008bd8        0x0 linker stubs
 *(.eh_frame)
 .eh_frame      0x0000000008008bd8        0x0 /home/aghosh01/TrinityCodebase/Athena/arm-none-eabi-gcc_5_4_BE/gcc-arm-none-eabi-5_4-2017q1_BE_LINUX/bin/../lib/gcc/arm-none-eabi/5.4.1/armv7e-m/fpu/crtbegin.o
 *(.init)
 .init          0x0000000008008bd8        0x4 /home/aghosh01/TrinityCodebase/Athena/arm-none-eabi-gcc_5_4_BE/gcc-arm-none-eabi-5_4-2017q1_BE_LINUX/bin/../lib/gcc/arm-none-eabi/5.4.1/armv7e-m/fpu/crti.o
                0x0000000008008bd8                _init
 .init          0x0000000008008bdc        0x8 /home/aghosh01/TrinityCodebase/Athena/arm-none-eabi-gcc_5_4_BE/gcc-arm-none-eabi-5_4-2017q1_BE_LINUX/bin/../lib/gcc/arm-none-eabi/5.4.1/armv7e-m/fpu/crtn.o
 *(.fini)
 .fini          0x0000000008008be4        0x4 /home/aghosh01/TrinityCodebase/Athena/arm-none-eabi-gcc_5_4_BE/gcc-arm-none-eabi-5_4-2017q1_BE_LINUX/bin/../lib/gcc/arm-none-eabi/5.4.1/armv7e-m/fpu/crti.o
                0x0000000008008be4                _fini
 .fini          0x0000000008008be8        0x8 /home/aghosh01/TrinityCodebase/Athena/arm-none-eabi-gcc_5_4_BE/gcc-arm-none-eabi-5_4-2017q1_BE_LINUX/bin/../lib/gcc/arm-none-eabi/5.4.1/armv7e-m/fpu/crtn.o
                0x0000000008008bf0                . = ALIGN (0x4)
                0x0000000008008bf0                _etext = .

.vfp11_veneer   0x0000000008008bf0        0x0
 .vfp11_veneer  0x0000000008008bf0        0x0 linker stubs

.v4_bx          0x0000000008008bf0        0x0
 .v4_bx         0x0000000008008bf0        0x0 linker stubs

.iplt           0x0000000008008bf0        0x0
 .iplt          0x0000000008008bf0        0x0 /home/aghosh01/TrinityCodebase/Athena/arm-none-eabi-gcc_5_4_BE/gcc-arm-none-eabi-5_4-2017q1_BE_LINUX/bin/../lib/gcc/arm-none-eabi/5.4.1/armv7e-m/fpu/crtbegin.o

.rodata         0x0000000008008bf0      0x2f8
                0x0000000008008bf0                . = ALIGN (0x4)
 *(.rodata)
 *(.rodata*)
 .rodata._global_impure_ptr
                0x0000000008008bf0        0x4 /home/aghosh01/TrinityCodebase/Athena/arm-none-eabi-gcc_5_4_BE/gcc-arm-none-eabi-5_4-2017q1_BE_LINUX/bin/../lib/gcc/arm-none-eabi/5.4.1/../../../../arm-none-eabi/lib/armv7e-m/fpu/libc.a(lib_a-impure.o)
                0x0000000008008bf0                _global_impure_ptr
 .rodata.str1.4
                0x0000000008008bf4       0x3d Theseus_2013_2016.o
 *fill*         0x0000000008008c31        0x3 
 .rodata.str1.4
                0x0000000008008c34       0x22 user_source/hal_interface/newlib_stubs.o
 *fill*         0x0000000008008c56        0x2 
 .rodata.str1.4
                0x0000000008008c58        0x5 /home/aghosh01/TrinityCodebase/Athena/arm-none-eabi-gcc_5_4_BE/gcc-arm-none-eabi-5_4-2017q1_BE_LINUX/bin/../lib/gcc/arm-none-eabi/5.4.1/../../../../arm-none-eabi/lib/armv7e-m/fpu/libm.a(lib_a-w_sqrt.o)
 *fill*         0x0000000008008c5d        0x3 
 .rodata.zeroes.7273
                0x0000000008008c60       0x10 /home/aghosh01/TrinityCodebase/Athena/arm-none-eabi-gcc_5_4_BE/gcc-arm-none-eabi-5_4-2017q1_BE_LINUX/bin/../lib/gcc/arm-none-eabi/5.4.1/../../../../arm-none-eabi/lib/armv7e-m/fpu/libc.a(lib_a-vfprintf.o)
 .rodata.str1.4
                0x0000000008008c70       0x42 /home/aghosh01/TrinityCodebase/Athena/arm-none-eabi-gcc_5_4_BE/gcc-arm-none-eabi-5_4-2017q1_BE_LINUX/bin/../lib/gcc/arm-none-eabi/5.4.1/../../../../arm-none-eabi/lib/armv7e-m/fpu/libc.a(lib_a-vfprintf.o)
 *fill*         0x0000000008008cb2        0x2 
 .rodata.blanks.7272
                0x0000000008008cb4       0x10 /home/aghosh01/TrinityCodebase/Athena/arm-none-eabi-gcc_5_4_BE/gcc-arm-none-eabi-5_4-2017q1_BE_LINUX/bin/../lib/gcc/arm-none-eabi/5.4.1/../../../../arm-none-eabi/lib/armv7e-m/fpu/libc.a(lib_a-vfprintf.o)
 .rodata.str1.4
                0x0000000008008cc4       0x10 /home/aghosh01/TrinityCodebase/Athena/arm-none-eabi-gcc_5_4_BE/gcc-arm-none-eabi-5_4-2017q1_BE_LINUX/bin/../lib/gcc/arm-none-eabi/5.4.1/../../../../arm-none-eabi/lib/armv7e-m/fpu/libc.a(lib_a-dtoa.o)
                                         0x12 (size before relaxing)
 *fill*         0x0000000008008cd4        0x4 
 .rodata.__mprec_tens
                0x0000000008008cd8       0xc8 /home/aghosh01/TrinityCodebase/Athena/arm-none-eabi-gcc_5_4_BE/gcc-arm-none-eabi-5_4-2017q1_BE_LINUX/bin/../lib/gcc/arm-none-eabi/5.4.1/../../../../arm-none-eabi/lib/armv7e-m/fpu/libc.a(lib_a-mprec.o)
                0x0000000008008cd8                __mprec_tens
 .rodata.__mprec_bigtens
                0x0000000008008da0       0x28 /home/aghosh01/TrinityCodebase/Athena/arm-none-eabi-gcc_5_4_BE/gcc-arm-none-eabi-5_4-2017q1_BE_LINUX/bin/../lib/gcc/arm-none-eabi/5.4.1/../../../../arm-none-eabi/lib/armv7e-m/fpu/libc.a(lib_a-mprec.o)
                0x0000000008008da0                __mprec_bigtens
 .rodata.p05.6087
                0x0000000008008dc8        0xc /home/aghosh01/TrinityCodebase/Athena/arm-none-eabi-gcc_5_4_BE/gcc-arm-none-eabi-5_4-2017q1_BE_LINUX/bin/../lib/gcc/arm-none-eabi/5.4.1/../../../../arm-none-eabi/lib/armv7e-m/fpu/libc.a(lib_a-mprec.o)
 .rodata.str1.4
                0x0000000008008dd4       0x10 /home/aghosh01/TrinityCodebase/Athena/arm-none-eabi-gcc_5_4_BE/gcc-arm-none-eabi-5_4-2017q1_BE_LINUX/bin/../lib/gcc/arm-none-eabi/5.4.1/../../../../arm-none-eabi/lib/armv7e-m/fpu/libc.a(lib_a-locale.o)
                                         0x12 (size before relaxing)
 .rodata._ctype_
                0x0000000008008de4      0x101 /home/aghosh01/TrinityCodebase/Athena/arm-none-eabi-gcc_5_4_BE/gcc-arm-none-eabi-5_4-2017q1_BE_LINUX/bin/../lib/gcc/arm-none-eabi/5.4.1/../../../../arm-none-eabi/lib/armv7e-m/fpu/libc.a(lib_a-ctype_.o)
                0x0000000008008de4                _ctype_
                0x0000000008008ee8                . = ALIGN (0x4)
 *fill*         0x0000000008008ee5        0x3 

.ARM.extab
 *(.ARM.extab* .gnu.linkonce.armextab.*)

.ARM            0x0000000008008ee8        0x8
                0x0000000008008ee8                __exidx_start = .
 *(.ARM.exidx*)
 .ARM.exidx     0x0000000008008ee8        0x8 /home/aghosh01/TrinityCodebase/Athena/arm-none-eabi-gcc_5_4_BE/gcc-arm-none-eabi-5_4-2017q1_BE_LINUX/bin/../lib/gcc/arm-none-eabi/5.4.1/armv7e-m/fpu/libgcc.a(_udivmoddi4.o)
                0x0000000008008ef0                __exidx_end = .

.rel.dyn        0x0000000008008ef0        0x0
 .rel.iplt      0x0000000008008ef0        0x0 /home/aghosh01/TrinityCodebase/Athena/arm-none-eabi-gcc_5_4_BE/gcc-arm-none-eabi-5_4-2017q1_BE_LINUX/bin/../lib/gcc/arm-none-eabi/5.4.1/armv7e-m/fpu/crtbegin.o

.preinit_array  0x0000000008008ef0        0x0
                0x0000000008008ef0                PROVIDE (__preinit_array_start, .)
 *(.preinit_array*)
                0x0000000008008ef0                PROVIDE (__preinit_array_end, .)

.init_array     0x0000000008008ef0        0x8
                0x0000000008008ef0                PROVIDE (__init_array_start, .)
 *(SORT(.init_array.*))
 .init_array.00000
                0x0000000008008ef0        0x4 /home/aghosh01/TrinityCodebase/Athena/arm-none-eabi-gcc_5_4_BE/gcc-arm-none-eabi-5_4-2017q1_BE_LINUX/bin/../lib/gcc/arm-none-eabi/5.4.1/../../../../arm-none-eabi/lib/armv7e-m/fpu/libc.a(lib_a-__call_atexit.o)
 *(.init_array*)
 .init_array    0x0000000008008ef4        0x4 /home/aghosh01/TrinityCodebase/Athena/arm-none-eabi-gcc_5_4_BE/gcc-arm-none-eabi-5_4-2017q1_BE_LINUX/bin/../lib/gcc/arm-none-eabi/5.4.1/armv7e-m/fpu/crtbegin.o
                0x0000000008008ef8                PROVIDE (__init_array_end, .)

.fini_array     0x0000000008008ef8        0x4
                0x0000000008008ef8                PROVIDE (__fini_array_start, .)
 *(SORT(.fini_array.*))
 *(.fini_array*)
 .fini_array    0x0000000008008ef8        0x4 /home/aghosh01/TrinityCodebase/Athena/arm-none-eabi-gcc_5_4_BE/gcc-arm-none-eabi-5_4-2017q1_BE_LINUX/bin/../lib/gcc/arm-none-eabi/5.4.1/armv7e-m/fpu/crtbegin.o
                0x0000000008008efc                PROVIDE (__fini_array_end, .)
                0x0000000008008efc                _sidata = LOADADDR (.data)

.data           0x0000000020000000      0x9fc load address 0x0000000008008efc
                0x0000000020000000                . = ALIGN (0x4)
                0x0000000020000000                _sdata = .
 *(.data)
 .data          0x0000000020000000       0x30 ../Athena/arch/stm32_stdperiph/f3/src/stm32f30x_rcc.o
 .data          0x0000000020000030       0x1c Theseus_2013_2016.o
                0x0000000020000030                led_matrix
 .data          0x000000002000004c        0x4 user_source/hal_interface/stm32f3_discovery_l3gd20.o
                0x000000002000004c                L3GD20Timeout
 *(.data*)
 .data.impure_data
                0x0000000020000050      0x428 /home/aghosh01/TrinityCodebase/Athena/arm-none-eabi-gcc_5_4_BE/gcc-arm-none-eabi-5_4-2017q1_BE_LINUX/bin/../lib/gcc/arm-none-eabi/5.4.1/../../../../arm-none-eabi/lib/armv7e-m/fpu/libc.a(lib_a-impure.o)
 .data._impure_ptr
                0x0000000020000478        0x4 /home/aghosh01/TrinityCodebase/Athena/arm-none-eabi-gcc_5_4_BE/gcc-arm-none-eabi-5_4-2017q1_BE_LINUX/bin/../lib/gcc/arm-none-eabi/5.4.1/../../../../arm-none-eabi/lib/armv7e-m/fpu/libc.a(lib_a-impure.o)
                0x0000000020000478                _impure_ptr
 .data.__fdlib_version
                0x000000002000047c        0x1 /home/aghosh01/TrinityCodebase/Athena/arm-none-eabi-gcc_5_4_BE/gcc-arm-none-eabi-5_4-2017q1_BE_LINUX/bin/../lib/gcc/arm-none-eabi/5.4.1/../../../../arm-none-eabi/lib/armv7e-m/fpu/libm.a(lib_a-s_lib_ver.o)
                0x000000002000047c                __fdlib_version
 *fill*         0x000000002000047d        0x3 
 .data.__malloc_av_
                0x0000000020000480      0x408 /home/aghosh01/TrinityCodebase/Athena/arm-none-eabi-gcc_5_4_BE/gcc-arm-none-eabi-5_4-2017q1_BE_LINUX/bin/../lib/gcc/arm-none-eabi/5.4.1/../../../../arm-none-eabi/lib/armv7e-m/fpu/libc.a(lib_a-mallocr.o)
                0x0000000020000480                __malloc_av_
 .data.__malloc_trim_threshold
                0x0000000020000888        0x4 /home/aghosh01/TrinityCodebase/Athena/arm-none-eabi-gcc_5_4_BE/gcc-arm-none-eabi-5_4-2017q1_BE_LINUX/bin/../lib/gcc/arm-none-eabi/5.4.1/../../../../arm-none-eabi/lib/armv7e-m/fpu/libc.a(lib_a-mallocr.o)
                0x0000000020000888                __malloc_trim_threshold
 .data.__malloc_sbrk_base
                0x000000002000088c        0x4 /home/aghosh01/TrinityCodebase/Athena/arm-none-eabi-gcc_5_4_BE/gcc-arm-none-eabi-5_4-2017q1_BE_LINUX/bin/../lib/gcc/arm-none-eabi/5.4.1/../../../../arm-none-eabi/lib/armv7e-m/fpu/libc.a(lib_a-mallocr.o)
                0x000000002000088c                __malloc_sbrk_base
 .data.__global_locale
                0x0000000020000890      0x16c /home/aghosh01/TrinityCodebase/Athena/arm-none-eabi-gcc_5_4_BE/gcc-arm-none-eabi-5_4-2017q1_BE_LINUX/bin/../lib/gcc/arm-none-eabi/5.4.1/../../../../arm-none-eabi/lib/armv7e-m/fpu/libc.a(lib_a-locale.o)
                0x0000000020000890                __global_locale
                0x00000000200009fc                . = ALIGN (0x4)
                0x00000000200009fc                _edata = .
                0x00000000080098f8                _siccmram = LOADADDR (.ccmram)

.jcr            0x00000000200009fc        0x0 load address 0x00000000080098f8
 .jcr           0x00000000200009fc        0x0 /home/aghosh01/TrinityCodebase/Athena/arm-none-eabi-gcc_5_4_BE/gcc-arm-none-eabi-5_4-2017q1_BE_LINUX/bin/../lib/gcc/arm-none-eabi/5.4.1/armv7e-m/fpu/crtbegin.o

.igot.plt       0x00000000200009fc        0x0 load address 0x00000000080098f8
 .igot.plt      0x00000000200009fc        0x0 /home/aghosh01/TrinityCodebase/Athena/arm-none-eabi-gcc_5_4_BE/gcc-arm-none-eabi-5_4-2017q1_BE_LINUX/bin/../lib/gcc/arm-none-eabi/5.4.1/armv7e-m/fpu/crtbegin.o

.ccmram         0x0000000010000000        0x0 load address 0x00000000080098f8
                0x0000000010000000                . = ALIGN (0x4)
                0x0000000010000000                _sccmram = .
 *(.ccmram)
 *(.ccmram*)
                0x0000000010000000                . = ALIGN (0x4)
                0x0000000010000000                _eccmram = .
                0x0000000010000000                . = ALIGN (0x4)

.bss            0x00000000200009fc      0x124
                0x00000000200009fc                _sbss = .
                0x00000000200009fc                __bss_start__ = _sbss
 *(.bss)
 .bss           0x00000000200009fc       0x1c /home/aghosh01/TrinityCodebase/Athena/arm-none-eabi-gcc_5_4_BE/gcc-arm-none-eabi-5_4-2017q1_BE_LINUX/bin/../lib/gcc/arm-none-eabi/5.4.1/armv7e-m/fpu/crtbegin.o
 .bss           0x0000000020000a18        0x8 user_source/hal_interface/newlib_stubs.o
                0x0000000020000a1c                __env
 *(.bss*)
 .bss.__malloc_max_total_mem
                0x0000000020000a20        0x4 /home/aghosh01/TrinityCodebase/Athena/arm-none-eabi-gcc_5_4_BE/gcc-arm-none-eabi-5_4-2017q1_BE_LINUX/bin/../lib/gcc/arm-none-eabi/5.4.1/../../../../arm-none-eabi/lib/armv7e-m/fpu/libc.a(lib_a-mallocr.o)
                0x0000000020000a20                __malloc_max_total_mem
 .bss.__malloc_max_sbrked_mem
                0x0000000020000a24        0x4 /home/aghosh01/TrinityCodebase/Athena/arm-none-eabi-gcc_5_4_BE/gcc-arm-none-eabi-5_4-2017q1_BE_LINUX/bin/../lib/gcc/arm-none-eabi/5.4.1/../../../../arm-none-eabi/lib/armv7e-m/fpu/libc.a(lib_a-mallocr.o)
                0x0000000020000a24                __malloc_max_sbrked_mem
 .bss.__malloc_top_pad
                0x0000000020000a28        0x4 /home/aghosh01/TrinityCodebase/Athena/arm-none-eabi-gcc_5_4_BE/gcc-arm-none-eabi-5_4-2017q1_BE_LINUX/bin/../lib/gcc/arm-none-eabi/5.4.1/../../../../arm-none-eabi/lib/armv7e-m/fpu/libc.a(lib_a-mallocr.o)
                0x0000000020000a28                __malloc_top_pad
 .bss.__malloc_current_mallinfo
                0x0000000020000a2c       0x28 /home/aghosh01/TrinityCodebase/Athena/arm-none-eabi-gcc_5_4_BE/gcc-arm-none-eabi-5_4-2017q1_BE_LINUX/bin/../lib/gcc/arm-none-eabi/5.4.1/../../../../arm-none-eabi/lib/armv7e-m/fpu/libc.a(lib_a-mallocr.o)
                0x0000000020000a2c                __malloc_current_mallinfo
 *(COMMON)
 COMMON         0x0000000020000a54       0xc8 Theseus_2013_2016.o
                0x0000000020000a54                right_enc
                0x0000000020000a7c                match_time_counter
                0x0000000020000a80                left_enc
                0x0000000020000aa8                diff_err
                0x0000000020000aac                adc2_new_data
                0x0000000020000ab0                new_data
                0x0000000020000ab4                adc2_data
                0x0000000020000ac4                right
                0x0000000020000ac8                adc3_awd1
                0x0000000020000acc                leds_on
                0x0000000020000ad0                d_front
                0x0000000020000ad4                state
                0x0000000020000ad8                left
                0x0000000020000adc                stage
                0x0000000020000ae0                adc3_awd2
                0x0000000020000ae4                led_iter
                0x0000000020000ae8                err
                0x0000000020000aec                rt
                0x0000000020000af0                count
                0x0000000020000af4                drive_cmd
                0x0000000020000af8                t_firefight_start
                0x0000000020000afc                last_err
                0x0000000020000b00                gyro_angle_x
                0x0000000020000b04                integral
                0x0000000020000b08                t_homing_start
                0x0000000020000b0c                adcval
                0x0000000020000b10                gyro_bias_x
                0x0000000020000b14                adcData
 COMMON         0x0000000020000b1c        0x4 /home/aghosh01/TrinityCodebase/Athena/arm-none-eabi-gcc_5_4_BE/gcc-arm-none-eabi-5_4-2017q1_BE_LINUX/bin/../lib/gcc/arm-none-eabi/5.4.1/../../../../arm-none-eabi/lib/armv7e-m/fpu/libc.a(lib_a-reent.o)
                0x0000000020000b1c                errno
                0x0000000020000b20                . = ALIGN (0x4)
                0x0000000020000b20                _ebss = .
                0x0000000020000b20                __bss_end__ = _ebss

._user_heap_stack
                0x0000000020000b20      0x600
                0x0000000020000b20                . = ALIGN (0x4)
                [!provide]                        PROVIDE (end, .)
                [!provide]                        PROVIDE (_end, .)
                0x0000000020000d20                . = (. + _Min_Heap_Size)
 *fill*         0x0000000020000b20      0x200 
                0x0000000020001120                . = (. + _Min_Stack_Size)
 *fill*         0x0000000020000d20      0x400 
                0x0000000020001120                . = ALIGN (0x4)

.memory_b1_text
 *(.mb1text)
 *(.mb1text*)
 *(.mb1rodata)
 *(.mb1rodata*)

/DISCARD/
 libc.a(*)
 libm.a(*)
 libgcc.a(*)

.ARM.attributes
                0x0000000000000000       0x30
 *(.ARM.attributes)
 .ARM.attributes
                0x0000000000000000       0x22 /home/aghosh01/TrinityCodebase/Athena/arm-none-eabi-gcc_5_4_BE/gcc-arm-none-eabi-5_4-2017q1_BE_LINUX/bin/../lib/gcc/arm-none-eabi/5.4.1/armv7e-m/fpu/crti.o
 .ARM.attributes
                0x0000000000000022       0x34 /home/aghosh01/TrinityCodebase/Athena/arm-none-eabi-gcc_5_4_BE/gcc-arm-none-eabi-5_4-2017q1_BE_LINUX/bin/../lib/gcc/arm-none-eabi/5.4.1/armv7e-m/fpu/crtbegin.o
 .ARM.attributes
                0x0000000000000056       0x39 ../Athena/arch/stm32_stdperiph/f3/src/stm32f30x_dma.o
 .ARM.attributes
                0x000000000000008f       0x39 ../Athena/arch/stm32_stdperiph/f3/src/stm32f30x_exti.o
 .ARM.attributes
                0x00000000000000c8       0x39 ../Athena/arch/stm32_stdperiph/f3/src/stm32f30x_tim.o
 .ARM.attributes
                0x0000000000000101       0x39 ../Athena/arch/stm32_stdperiph/f3/src/stm32f30x_adc.o
 .ARM.attributes
                0x000000000000013a       0x39 ../Athena/arch/stm32_stdperiph/f3/src/stm32f30x_spi.o
 .ARM.attributes
                0x0000000000000173       0x39 ../Athena/arch/stm32_stdperiph/f3/src/stm32f30x_rcc.o
 .ARM.attributes
                0x00000000000001ac       0x39 ../Athena/arch/stm32_stdperiph/f3/src/stm32f30x_usart.o
 .ARM.attributes
                0x00000000000001e5       0x39 ../Athena/arch/stm32_stdperiph/f3/src/stm32f30x_misc.o
 .ARM.attributes
                0x000000000000021e       0x39 ../Athena/arch/stm32_stdperiph/f3/src/stm32f30x_syscfg.o
 .ARM.attributes
                0x0000000000000257       0x39 ../Athena/arch/stm32_stdperiph/f3/src/stm32f30x_gpio.o
 .ARM.attributes
                0x0000000000000290       0x39 ../Athena/arch/stm32_stdperiph/f3/src/stm32f30x_comp.o
 .ARM.attributes
                0x00000000000002c9       0x39 ../Athena/arch/stm32_stdperiph/f3/src/CMSIS/system_stm32f30x.o
 .ARM.attributes
                0x0000000000000302       0x21 ../Athena/arch/stm32_stdperiph/f3/src/CMSIS/startup_stm32f30x.o
 .ARM.attributes
                0x0000000000000323       0x39 Theseus_2013_2016.o
 .ARM.attributes
                0x000000000000035c       0x39 user_source/hal_interface/stm32f3_discovery_l3gd20.o
 .ARM.attributes
                0x0000000000000395       0x39 user_source/hal_interface/pwm.o
 .ARM.attributes
                0x00000000000003ce       0x39 user_source/hal_interface/debug.o
 .ARM.attributes
                0x0000000000000407       0x39 user_source/hal_interface/interrupt_handlers.o
 .ARM.attributes
                0x0000000000000440       0x39 user_source/hal_interface/encoder.o
 .ARM.attributes
                0x0000000000000479       0x39 user_source/hal_interface/newlib_stubs.o
 .ARM.attributes
                0x00000000000004b2       0x34 /home/aghosh01/TrinityCodebase/Athena/arm-none-eabi-gcc_5_4_BE/gcc-arm-none-eabi-5_4-2017q1_BE_LINUX/bin/../lib/gcc/arm-none-eabi/5.4.1/../../../../arm-none-eabi/lib/armv7e-m/fpu/libm.a(lib_a-w_sqrt.o)
 .ARM.attributes
                0x00000000000004e6       0x34 /home/aghosh01/TrinityCodebase/Athena/arm-none-eabi-gcc_5_4_BE/gcc-arm-none-eabi-5_4-2017q1_BE_LINUX/bin/../lib/gcc/arm-none-eabi/5.4.1/../../../../arm-none-eabi/lib/armv7e-m/fpu/libm.a(lib_a-e_sqrt.o)
 .ARM.attributes
                0x000000000000051a       0x34 /home/aghosh01/TrinityCodebase/Athena/arm-none-eabi-gcc_5_4_BE/gcc-arm-none-eabi-5_4-2017q1_BE_LINUX/bin/../lib/gcc/arm-none-eabi/5.4.1/../../../../arm-none-eabi/lib/armv7e-m/fpu/libm.a(lib_a-s_lib_ver.o)
 .ARM.attributes
                0x000000000000054e       0x34 /home/aghosh01/TrinityCodebase/Athena/arm-none-eabi-gcc_5_4_BE/gcc-arm-none-eabi-5_4-2017q1_BE_LINUX/bin/../lib/gcc/arm-none-eabi/5.4.1/../../../../arm-none-eabi/lib/armv7e-m/fpu/libm.a(lib_a-s_matherr.o)
 .ARM.attributes
                0x0000000000000582       0x34 /home/aghosh01/TrinityCodebase/Athena/arm-none-eabi-gcc_5_4_BE/gcc-arm-none-eabi-5_4-2017q1_BE_LINUX/bin/../lib/gcc/arm-none-eabi/5.4.1/../../../../arm-none-eabi/lib/armv7e-m/fpu/libc.a(lib_a-errno.o)
 .ARM.attributes
                0x00000000000005b6       0x34 /home/aghosh01/TrinityCodebase/Athena/arm-none-eabi-gcc_5_4_BE/gcc-arm-none-eabi-5_4-2017q1_BE_LINUX/bin/../lib/gcc/arm-none-eabi/5.4.1/../../../../arm-none-eabi/lib/armv7e-m/fpu/libc.a(lib_a-printf.o)
 .ARM.attributes
                0x00000000000005ea       0x34 /home/aghosh01/TrinityCodebase/Athena/arm-none-eabi-gcc_5_4_BE/gcc-arm-none-eabi-5_4-2017q1_BE_LINUX/bin/../lib/gcc/arm-none-eabi/5.4.1/../../../../arm-none-eabi/lib/armv7e-m/fpu/libc.a(lib_a-reent.o)
 .ARM.attributes
                0x000000000000061e       0x34 /home/aghosh01/TrinityCodebase/Athena/arm-none-eabi-gcc_5_4_BE/gcc-arm-none-eabi-5_4-2017q1_BE_LINUX/bin/../lib/gcc/arm-none-eabi/5.4.1/../../../../arm-none-eabi/lib/armv7e-m/fpu/libc.a(lib_a-vfprintf.o)
 .ARM.attributes
                0x0000000000000652       0x34 /home/aghosh01/TrinityCodebase/Athena/arm-none-eabi-gcc_5_4_BE/gcc-arm-none-eabi-5_4-2017q1_BE_LINUX/bin/../lib/gcc/arm-none-eabi/5.4.1/../../../../arm-none-eabi/lib/armv7e-m/fpu/libc.a(lib_a-wsetup.o)
 .ARM.attributes
                0x0000000000000686       0x34 /home/aghosh01/TrinityCodebase/Athena/arm-none-eabi-gcc_5_4_BE/gcc-arm-none-eabi-5_4-2017q1_BE_LINUX/bin/../lib/gcc/arm-none-eabi/5.4.1/../../../../arm-none-eabi/lib/armv7e-m/fpu/libc.a(lib_a-dtoa.o)
 .ARM.attributes
                0x00000000000006ba       0x34 /home/aghosh01/TrinityCodebase/Athena/arm-none-eabi-gcc_5_4_BE/gcc-arm-none-eabi-5_4-2017q1_BE_LINUX/bin/../lib/gcc/arm-none-eabi/5.4.1/../../../../arm-none-eabi/lib/armv7e-m/fpu/libc.a(lib_a-fflush.o)
 .ARM.attributes
                0x00000000000006ee       0x34 /home/aghosh01/TrinityCodebase/Athena/arm-none-eabi-gcc_5_4_BE/gcc-arm-none-eabi-5_4-2017q1_BE_LINUX/bin/../lib/gcc/arm-none-eabi/5.4.1/../../../../arm-none-eabi/lib/armv7e-m/fpu/libc.a(lib_a-findfp.o)
 .ARM.attributes
                0x0000000000000722       0x34 /home/aghosh01/TrinityCodebase/Athena/arm-none-eabi-gcc_5_4_BE/gcc-arm-none-eabi-5_4-2017q1_BE_LINUX/bin/../lib/gcc/arm-none-eabi/5.4.1/../../../../arm-none-eabi/lib/armv7e-m/fpu/libc.a(lib_a-freer.o)
 .ARM.attributes
                0x0000000000000756       0x34 /home/aghosh01/TrinityCodebase/Athena/arm-none-eabi-gcc_5_4_BE/gcc-arm-none-eabi-5_4-2017q1_BE_LINUX/bin/../lib/gcc/arm-none-eabi/5.4.1/../../../../arm-none-eabi/lib/armv7e-m/fpu/libc.a(lib_a-fwalk.o)
 .ARM.attributes
                0x000000000000078a       0x34 /home/aghosh01/TrinityCodebase/Athena/arm-none-eabi-gcc_5_4_BE/gcc-arm-none-eabi-5_4-2017q1_BE_LINUX/bin/../lib/gcc/arm-none-eabi/5.4.1/../../../../arm-none-eabi/lib/armv7e-m/fpu/libc.a(lib_a-localeconv.o)
 .ARM.attributes
                0x00000000000007be       0x34 /home/aghosh01/TrinityCodebase/Athena/arm-none-eabi-gcc_5_4_BE/gcc-arm-none-eabi-5_4-2017q1_BE_LINUX/bin/../lib/gcc/arm-none-eabi/5.4.1/../../../../arm-none-eabi/lib/armv7e-m/fpu/libc.a(lib_a-makebuf.o)
 .ARM.attributes
                0x00000000000007f2       0x34 /home/aghosh01/TrinityCodebase/Athena/arm-none-eabi-gcc_5_4_BE/gcc-arm-none-eabi-5_4-2017q1_BE_LINUX/bin/../lib/gcc/arm-none-eabi/5.4.1/../../../../arm-none-eabi/lib/armv7e-m/fpu/libc.a(lib_a-mallocr.o)
 .ARM.attributes
                0x0000000000000826       0x20 /home/aghosh01/TrinityCodebase/Athena/arm-none-eabi-gcc_5_4_BE/gcc-arm-none-eabi-5_4-2017q1_BE_LINUX/bin/../lib/gcc/arm-none-eabi/5.4.1/../../../../arm-none-eabi/lib/armv7e-m/fpu/libc.a(lib_a-memchr.o)
 .ARM.attributes
                0x0000000000000846       0x20 /home/aghosh01/TrinityCodebase/Athena/arm-none-eabi-gcc_5_4_BE/gcc-arm-none-eabi-5_4-2017q1_BE_LINUX/bin/../lib/gcc/arm-none-eabi/5.4.1/../../../../arm-none-eabi/lib/armv7e-m/fpu/libc.a(lib_a-memcpy.o)
 .ARM.attributes
                0x0000000000000866       0x34 /home/aghosh01/TrinityCodebase/Athena/arm-none-eabi-gcc_5_4_BE/gcc-arm-none-eabi-5_4-2017q1_BE_LINUX/bin/../lib/gcc/arm-none-eabi/5.4.1/../../../../arm-none-eabi/lib/armv7e-m/fpu/libc.a(lib_a-mlock.o)
 .ARM.attributes
                0x000000000000089a       0x34 /home/aghosh01/TrinityCodebase/Athena/arm-none-eabi-gcc_5_4_BE/gcc-arm-none-eabi-5_4-2017q1_BE_LINUX/bin/../lib/gcc/arm-none-eabi/5.4.1/../../../../arm-none-eabi/lib/armv7e-m/fpu/libc.a(lib_a-mprec.o)
 .ARM.attributes
                0x00000000000008ce       0x34 /home/aghosh01/TrinityCodebase/Athena/arm-none-eabi-gcc_5_4_BE/gcc-arm-none-eabi-5_4-2017q1_BE_LINUX/bin/../lib/gcc/arm-none-eabi/5.4.1/../../../../arm-none-eabi/lib/armv7e-m/fpu/libc.a(lib_a-sbrkr.o)
 .ARM.attributes
                0x0000000000000902       0x34 /home/aghosh01/TrinityCodebase/Athena/arm-none-eabi-gcc_5_4_BE/gcc-arm-none-eabi-5_4-2017q1_BE_LINUX/bin/../lib/gcc/arm-none-eabi/5.4.1/../../../../arm-none-eabi/lib/armv7e-m/fpu/libc.a(lib_a-stdio.o)
 .ARM.attributes
                0x0000000000000936       0x20 /home/aghosh01/TrinityCodebase/Athena/arm-none-eabi-gcc_5_4_BE/gcc-arm-none-eabi-5_4-2017q1_BE_LINUX/bin/../lib/gcc/arm-none-eabi/5.4.1/../../../../arm-none-eabi/lib/armv7e-m/fpu/libc.a(lib_a-strlen.o)
 .ARM.attributes
                0x0000000000000956       0x34 /home/aghosh01/TrinityCodebase/Athena/arm-none-eabi-gcc_5_4_BE/gcc-arm-none-eabi-5_4-2017q1_BE_LINUX/bin/../lib/gcc/arm-none-eabi/5.4.1/../../../../arm-none-eabi/lib/armv7e-m/fpu/libc.a(lib_a-vfiprintf.o)
 .ARM.attributes
                0x000000000000098a       0x34 /home/aghosh01/TrinityCodebase/Athena/arm-none-eabi-gcc_5_4_BE/gcc-arm-none-eabi-5_4-2017q1_BE_LINUX/bin/../lib/gcc/arm-none-eabi/5.4.1/../../../../arm-none-eabi/lib/armv7e-m/fpu/libc.a(lib_a-writer.o)
 .ARM.attributes
                0x00000000000009be       0x34 /home/aghosh01/TrinityCodebase/Athena/arm-none-eabi-gcc_5_4_BE/gcc-arm-none-eabi-5_4-2017q1_BE_LINUX/bin/../lib/gcc/arm-none-eabi/5.4.1/../../../../arm-none-eabi/lib/armv7e-m/fpu/libc.a(lib_a-callocr.o)
 .ARM.attributes
                0x00000000000009f2       0x34 /home/aghosh01/TrinityCodebase/Athena/arm-none-eabi-gcc_5_4_BE/gcc-arm-none-eabi-5_4-2017q1_BE_LINUX/bin/../lib/gcc/arm-none-eabi/5.4.1/../../../../arm-none-eabi/lib/armv7e-m/fpu/libc.a(lib_a-closer.o)
 .ARM.attributes
                0x0000000000000a26       0x34 /home/aghosh01/TrinityCodebase/Athena/arm-none-eabi-gcc_5_4_BE/gcc-arm-none-eabi-5_4-2017q1_BE_LINUX/bin/../lib/gcc/arm-none-eabi/5.4.1/../../../../arm-none-eabi/lib/armv7e-m/fpu/libc.a(lib_a-fclose.o)
 .ARM.attributes
                0x0000000000000a5a       0x34 /home/aghosh01/TrinityCodebase/Athena/arm-none-eabi-gcc_5_4_BE/gcc-arm-none-eabi-5_4-2017q1_BE_LINUX/bin/../lib/gcc/arm-none-eabi/5.4.1/../../../../arm-none-eabi/lib/armv7e-m/fpu/libc.a(lib_a-fputwc.o)
 .ARM.attributes
                0x0000000000000a8e       0x34 /home/aghosh01/TrinityCodebase/Athena/arm-none-eabi-gcc_5_4_BE/gcc-arm-none-eabi-5_4-2017q1_BE_LINUX/bin/../lib/gcc/arm-none-eabi/5.4.1/../../../../arm-none-eabi/lib/armv7e-m/fpu/libc.a(lib_a-fstatr.o)
 .ARM.attributes
                0x0000000000000ac2       0x34 /home/aghosh01/TrinityCodebase/Athena/arm-none-eabi-gcc_5_4_BE/gcc-arm-none-eabi-5_4-2017q1_BE_LINUX/bin/../lib/gcc/arm-none-eabi/5.4.1/../../../../arm-none-eabi/lib/armv7e-m/fpu/libc.a(lib_a-fvwrite.o)
 .ARM.attributes
                0x0000000000000af6       0x34 /home/aghosh01/TrinityCodebase/Athena/arm-none-eabi-gcc_5_4_BE/gcc-arm-none-eabi-5_4-2017q1_BE_LINUX/bin/../lib/gcc/arm-none-eabi/5.4.1/../../../../arm-none-eabi/lib/armv7e-m/fpu/libc.a(lib_a-isattyr.o)
 .ARM.attributes
                0x0000000000000b2a       0x34 /home/aghosh01/TrinityCodebase/Athena/arm-none-eabi-gcc_5_4_BE/gcc-arm-none-eabi-5_4-2017q1_BE_LINUX/bin/../lib/gcc/arm-none-eabi/5.4.1/../../../../arm-none-eabi/lib/armv7e-m/fpu/libc.a(lib_a-locale.o)
 .ARM.attributes
                0x0000000000000b5e       0x34 /home/aghosh01/TrinityCodebase/Athena/arm-none-eabi-gcc_5_4_BE/gcc-arm-none-eabi-5_4-2017q1_BE_LINUX/bin/../lib/gcc/arm-none-eabi/5.4.1/../../../../arm-none-eabi/lib/armv7e-m/fpu/libc.a(lib_a-lseekr.o)
 .ARM.attributes
                0x0000000000000b92       0x34 /home/aghosh01/TrinityCodebase/Athena/arm-none-eabi-gcc_5_4_BE/gcc-arm-none-eabi-5_4-2017q1_BE_LINUX/bin/../lib/gcc/arm-none-eabi/5.4.1/../../../../arm-none-eabi/lib/armv7e-m/fpu/libc.a(lib_a-mbtowc_r.o)
 .ARM.attributes
                0x0000000000000bc6       0x34 /home/aghosh01/TrinityCodebase/Athena/arm-none-eabi-gcc_5_4_BE/gcc-arm-none-eabi-5_4-2017q1_BE_LINUX/bin/../lib/gcc/arm-none-eabi/5.4.1/../../../../arm-none-eabi/lib/armv7e-m/fpu/libc.a(lib_a-memmove.o)
 .ARM.attributes
                0x0000000000000bfa       0x34 /home/aghosh01/TrinityCodebase/Athena/arm-none-eabi-gcc_5_4_BE/gcc-arm-none-eabi-5_4-2017q1_BE_LINUX/bin/../lib/gcc/arm-none-eabi/5.4.1/../../../../arm-none-eabi/lib/armv7e-m/fpu/libc.a(lib_a-readr.o)
 .ARM.attributes
                0x0000000000000c2e       0x34 /home/aghosh01/TrinityCodebase/Athena/arm-none-eabi-gcc_5_4_BE/gcc-arm-none-eabi-5_4-2017q1_BE_LINUX/bin/../lib/gcc/arm-none-eabi/5.4.1/../../../../arm-none-eabi/lib/armv7e-m/fpu/libc.a(lib_a-reallocr.o)
 .ARM.attributes
                0x0000000000000c62       0x34 /home/aghosh01/TrinityCodebase/Athena/arm-none-eabi-gcc_5_4_BE/gcc-arm-none-eabi-5_4-2017q1_BE_LINUX/bin/../lib/gcc/arm-none-eabi/5.4.1/../../../../arm-none-eabi/lib/armv7e-m/fpu/libc.a(lib_a-wbuf.o)
 .ARM.attributes
                0x0000000000000c96       0x34 /home/aghosh01/TrinityCodebase/Athena/arm-none-eabi-gcc_5_4_BE/gcc-arm-none-eabi-5_4-2017q1_BE_LINUX/bin/../lib/gcc/arm-none-eabi/5.4.1/../../../../arm-none-eabi/lib/armv7e-m/fpu/libc.a(lib_a-wcrtomb.o)
 .ARM.attributes
                0x0000000000000cca       0x34 /home/aghosh01/TrinityCodebase/Athena/arm-none-eabi-gcc_5_4_BE/gcc-arm-none-eabi-5_4-2017q1_BE_LINUX/bin/../lib/gcc/arm-none-eabi/5.4.1/../../../../arm-none-eabi/lib/armv7e-m/fpu/libc.a(lib_a-wctomb_r.o)
 .ARM.attributes
                0x0000000000000cfe       0x34 /home/aghosh01/TrinityCodebase/Athena/arm-none-eabi-gcc_5_4_BE/gcc-arm-none-eabi-5_4-2017q1_BE_LINUX/bin/../lib/gcc/arm-none-eabi/5.4.1/../../../../arm-none-eabi/lib/armv7e-m/fpu/libc.a(lib_a-ctype_.o)
 .ARM.attributes
                0x0000000000000d32       0x22 /home/aghosh01/TrinityCodebase/Athena/arm-none-eabi-gcc_5_4_BE/gcc-arm-none-eabi-5_4-2017q1_BE_LINUX/bin/../lib/gcc/arm-none-eabi/5.4.1/armv7e-m/fpu/libgcc.a(_arm_addsubdf3.o)
 .ARM.attributes
                0x0000000000000d54       0x22 /home/aghosh01/TrinityCodebase/Athena/arm-none-eabi-gcc_5_4_BE/gcc-arm-none-eabi-5_4-2017q1_BE_LINUX/bin/../lib/gcc/arm-none-eabi/5.4.1/armv7e-m/fpu/libgcc.a(_arm_muldivdf3.o)
 .ARM.attributes
                0x0000000000000d76       0x22 /home/aghosh01/TrinityCodebase/Athena/arm-none-eabi-gcc_5_4_BE/gcc-arm-none-eabi-5_4-2017q1_BE_LINUX/bin/../lib/gcc/arm-none-eabi/5.4.1/armv7e-m/fpu/libgcc.a(_arm_cmpdf2.o)
 .ARM.attributes
                0x0000000000000d98       0x22 /home/aghosh01/TrinityCodebase/Athena/arm-none-eabi-gcc_5_4_BE/gcc-arm-none-eabi-5_4-2017q1_BE_LINUX/bin/../lib/gcc/arm-none-eabi/5.4.1/armv7e-m/fpu/libgcc.a(_arm_unorddf2.o)
 .ARM.attributes
                0x0000000000000dba       0x22 /home/aghosh01/TrinityCodebase/Athena/arm-none-eabi-gcc_5_4_BE/gcc-arm-none-eabi-5_4-2017q1_BE_LINUX/bin/../lib/gcc/arm-none-eabi/5.4.1/armv7e-m/fpu/libgcc.a(_arm_fixdfsi.o)
 .ARM.attributes
                0x0000000000000ddc       0x22 /home/aghosh01/TrinityCodebase/Athena/arm-none-eabi-gcc_5_4_BE/gcc-arm-none-eabi-5_4-2017q1_BE_LINUX/bin/../lib/gcc/arm-none-eabi/5.4.1/armv7e-m/fpu/libgcc.a(_aeabi_uldivmod.o)
 .ARM.attributes
                0x0000000000000dfe       0x34 /home/aghosh01/TrinityCodebase/Athena/arm-none-eabi-gcc_5_4_BE/gcc-arm-none-eabi-5_4-2017q1_BE_LINUX/bin/../lib/gcc/arm-none-eabi/5.4.1/armv7e-m/fpu/libgcc.a(_udivmoddi4.o)
 .ARM.attributes
                0x0000000000000e32       0x22 /home/aghosh01/TrinityCodebase/Athena/arm-none-eabi-gcc_5_4_BE/gcc-arm-none-eabi-5_4-2017q1_BE_LINUX/bin/../lib/gcc/arm-none-eabi/5.4.1/armv7e-m/fpu/libgcc.a(_dvmd_tls.o)
 .ARM.attributes
                0x0000000000000e54       0x22 /home/aghosh01/TrinityCodebase/Athena/arm-none-eabi-gcc_5_4_BE/gcc-arm-none-eabi-5_4-2017q1_BE_LINUX/bin/../lib/gcc/arm-none-eabi/5.4.1/armv7e-m/fpu/crtn.o
LOAD ../Athena/arch/stm32_stdperiph/f3/src/stm32f30x_flash.o
LOAD ../Athena/arch/stm32_stdperiph/f3/src/stm32f30x_dma.o
LOAD ../Athena/arch/stm32_stdperiph/f3/src/stm32f30x_dbgmcu.o
LOAD ../Athena/arch/stm32_stdperiph/f3/src/stm32f30x_pwr.o
LOAD ../Athena/arch/stm32_stdperiph/f3/src/stm32f30x_exti.o
LOAD ../Athena/arch/stm32_stdperiph/f3/src/stm32f30x_tim.o
LOAD ../Athena/arch/stm32_stdperiph/f3/src/stm32f30x_adc.o
LOAD ../Athena/arch/stm32_stdperiph/f3/src/stm32f30x_spi.o
LOAD ../Athena/arch/stm32_stdperiph/f3/src/stm32f30x_opamp.o
LOAD ../Athena/arch/stm32_stdperiph/f3/src/stm32f30x_rcc.o
LOAD ../Athena/arch/stm32_stdperiph/f3/src/stm32f30x_i2c.o
LOAD ../Athena/arch/stm32_stdperiph/f3/src/stm32f30x_usart.o
LOAD ../Athena/arch/stm32_stdperiph/f3/src/stm32f30x_misc.o
LOAD ../Athena/arch/stm32_stdperiph/f3/src/stm32f30x_wwdg.o
LOAD ../Athena/arch/stm32_stdperiph/f3/src/stm32f30x_rtc.o
LOAD ../Athena/arch/stm32_stdperiph/f3/src/stm32f30x_syscfg.o
LOAD ../Athena/arch/stm32_stdperiph/f3/src/stm32f30x_crc.o
LOAD ../Athena/arch/stm32_stdperiph/f3/src/stm32f30x_dac.o
LOAD ../Athena/arch/stm32_stdperiph/f3/src/stm32f30x_iwdg.o
LOAD ../Athena/arch/stm32_stdperiph/f3/src/stm32f30x_gpio.o
LOAD ../Athena/arch/stm32_stdperiph/f3/src/stm32f30x_hrtim.o
LOAD ../Athena/arch/stm32_stdperiph/f3/src/stm32f30x_can.o
LOAD ../Athena/arch/stm32_stdperiph/f3/src/stm32f30x_comp.o
LOAD ../Athena/arch/stm32_stdperiph/f3/src/stm32f30x_fmc.o
LOAD ../Athena/arch/stm32_stdperiph/f3/src/CMSIS/system_stm32f30x.o
LOAD ../Athena/arch/stm32_stdperiph/f3/src/CMSIS/startup_stm32f30x.o
LOAD Theseus_2013_2016.o
LOAD user_source/foo.o
LOAD user_source/hal_interface/stm32f3_discovery_l3gd20.o
LOAD user_source/hal_interface/pwm.o
LOAD user_source/hal_interface/cpu_hal_interface.o
LOAD user_source/hal_interface/debug.o
LOAD user_source/hal_interface/interrupt_handlers.o
LOAD user_source/hal_interface/encoder.o
LOAD user_source/hal_interface/newlib_stubs.o
LOAD user_source/hal_interface/board_led.o
LOAD /home/aghosh01/TrinityCodebase/Athena/arm-none-eabi-gcc_5_4_BE/gcc-arm-none-eabi-5_4-2017q1_BE_LINUX/bin/../lib/gcc/arm-none-eabi/5.4.1/../../../../arm-none-eabi/lib/armv7e-m/fpu/libm.a
LOAD /home/aghosh01/TrinityCodebase/Athena/arm-none-eabi-gcc_5_4_BE/gcc-arm-none-eabi-5_4-2017q1_BE_LINUX/bin/../lib/gcc/arm-none-eabi/5.4.1/../../../../arm-none-eabi/lib/armv7e-m/fpu/libc.a
START GROUP
LOAD /home/aghosh01/TrinityCodebase/Athena/arm-none-eabi-gcc_5_4_BE/gcc-arm-none-eabi-5_4-2017q1_BE_LINUX/bin/../lib/gcc/arm-none-eabi/5.4.1/armv7e-m/fpu/libgcc.a
LOAD /home/aghosh01/TrinityCodebase/Athena/arm-none-eabi-gcc_5_4_BE/gcc-arm-none-eabi-5_4-2017q1_BE_LINUX/bin/../lib/gcc/arm-none-eabi/5.4.1/../../../../arm-none-eabi/lib/armv7e-m/fpu/libc.a
END GROUP
START GROUP
LOAD /home/aghosh01/TrinityCodebase/Athena/arm-none-eabi-gcc_5_4_BE/gcc-arm-none-eabi-5_4-2017q1_BE_LINUX/bin/../lib/gcc/arm-none-eabi/5.4.1/armv7e-m/fpu/libgcc.a
LOAD /home/aghosh01/TrinityCodebase/Athena/arm-none-eabi-gcc_5_4_BE/gcc-arm-none-eabi-5_4-2017q1_BE_LINUX/bin/../lib/gcc/arm-none-eabi/5.4.1/../../../../arm-none-eabi/lib/armv7e-m/fpu/libc.a
LOAD /home/aghosh01/TrinityCodebase/Athena/arm-none-eabi-gcc_5_4_BE/gcc-arm-none-eabi-5_4-2017q1_BE_LINUX/bin/../lib/gcc/arm-none-eabi/5.4.1/../../../../arm-none-eabi/lib/armv7e-m/fpu/libnosys.a
END GROUP
LOAD /home/aghosh01/TrinityCodebase/Athena/arm-none-eabi-gcc_5_4_BE/gcc-arm-none-eabi-5_4-2017q1_BE_LINUX/bin/../lib/gcc/arm-none-eabi/5.4.1/armv7e-m/fpu/crtend.o
LOAD /home/aghosh01/TrinityCodebase/Athena/arm-none-eabi-gcc_5_4_BE/gcc-arm-none-eabi-5_4-2017q1_BE_LINUX/bin/../lib/gcc/arm-none-eabi/5.4.1/armv7e-m/fpu/crtn.o
OUTPUT(Theseus_2013_2016.elf elf32-littlearm)

.debug_info     0x0000000000000000    0x10168
 .debug_info    0x0000000000000000      0x400 ../Athena/arch/stm32_stdperiph/f3/src/stm32f30x_dma.o
 .debug_info    0x0000000000000400      0x353 ../Athena/arch/stm32_stdperiph/f3/src/stm32f30x_exti.o
 .debug_info    0x0000000000000753     0x2929 ../Athena/arch/stm32_stdperiph/f3/src/stm32f30x_tim.o
 .debug_info    0x000000000000307c     0x1372 ../Athena/arch/stm32_stdperiph/f3/src/stm32f30x_adc.o
 .debug_info    0x00000000000043ee      0xce0 ../Athena/arch/stm32_stdperiph/f3/src/stm32f30x_spi.o
 .debug_info    0x00000000000050ce      0xc15 ../Athena/arch/stm32_stdperiph/f3/src/stm32f30x_rcc.o
 .debug_info    0x0000000000005ce3     0x104b ../Athena/arch/stm32_stdperiph/f3/src/stm32f30x_usart.o
 .debug_info    0x0000000000006d2e      0x560 ../Athena/arch/stm32_stdperiph/f3/src/stm32f30x_misc.o
 .debug_info    0x000000000000728e      0x43b ../Athena/arch/stm32_stdperiph/f3/src/stm32f30x_syscfg.o
 .debug_info    0x00000000000076c9      0x7d1 ../Athena/arch/stm32_stdperiph/f3/src/stm32f30x_gpio.o
 .debug_info    0x0000000000007e9a      0x2c6 ../Athena/arch/stm32_stdperiph/f3/src/stm32f30x_comp.o
 .debug_info    0x0000000000008160      0x4df ../Athena/arch/stm32_stdperiph/f3/src/CMSIS/system_stm32f30x.o
 .debug_info    0x000000000000863f       0x95 ../Athena/arch/stm32_stdperiph/f3/src/CMSIS/startup_stm32f30x.o
 .debug_info    0x00000000000086d4     0x2b31 Theseus_2013_2016.o
 .debug_info    0x000000000000b205      0xe25 user_source/hal_interface/stm32f3_discovery_l3gd20.o
 .debug_info    0x000000000000c02a      0xd98 user_source/hal_interface/pwm.o
 .debug_info    0x000000000000cdc2      0xb68 user_source/hal_interface/debug.o
 .debug_info    0x000000000000d92a     0x1286 user_source/hal_interface/interrupt_handlers.o
 .debug_info    0x000000000000ebb0      0xc7b user_source/hal_interface/encoder.o
 .debug_info    0x000000000000f82b      0x93d user_source/hal_interface/newlib_stubs.o

.debug_abbrev   0x0000000000000000     0x248c
 .debug_abbrev  0x0000000000000000      0x168 ../Athena/arch/stm32_stdperiph/f3/src/stm32f30x_dma.o
 .debug_abbrev  0x0000000000000168      0x18f ../Athena/arch/stm32_stdperiph/f3/src/stm32f30x_exti.o